reg__74: myproject__GCB0, 
case__101: myproject__GCB0, 
pooling2d_cl_array_ap_fixed_8u_array_ap_fixed_16_6_5_3_0_8u_config7_s: myproject__GCB0, 
reg__67: myproject__GCB0, 
case__201: myproject__GCB1, 
fifo_w16_d16_A: myproject__GCB1, myproject__GCB0, 
case__385: dense_wrapper_ap_fixed_16_6_5_3_0_ap_fixed_16_6_5_3_0_config9_s__GB2, 
logic__707: myproject__GCB0, 
logic__511: dense_wrapper_ap_fixed_16_6_5_3_0_ap_fixed_16_6_5_3_0_config9_s__GB0, 
datapath__111: myproject__GCB0, 
case__252: myproject__GCB0, 
reg__14: myproject__GCB1, 
reg__293: dense_wrapper_ap_fixed_16_6_5_3_0_ap_fixed_16_6_5_3_0_config9_s__GB0, 
case__567: dense_array_ap_fixed_8u_array_ap_fixed_16_6_5_3_0_10u_config9_s__GC0, 
case__287: dense_wrapper_ap_fixed_16_6_5_3_0_ap_fixed_16_6_5_3_0_config9_s__GB0, 
logic__374: myproject__GCB1, 
case__454: dense_wrapper_ap_fixed_16_6_5_3_0_ap_fixed_16_6_5_3_0_config9_s__GB1, 
logic__477: myproject__GCB0, 
reg__245: myproject__GCB0, 
logic__784: myproject__GCB0, 
reg__331: dense_wrapper_ap_fixed_16_6_5_3_0_ap_fixed_16_6_5_3_0_config9_s__GB2, 
case__155: myproject__GCB1, 
case__102: myproject__GCB0, 
datapath__117: myproject__GCB0, 
reg__398: dense_array_ap_fixed_8u_array_ap_fixed_16_6_5_3_0_10u_config9_s__GC0, 
reg__39: myproject__GCB1, 
logic__771: myproject__GCB0, 
case__200: myproject__GCB1, 
logic__283: myproject__GCB1, 
datapath__65: myproject__GCB0, 
logic__382: myproject__GCB0, 
case__178: myproject__GCB1, 
case__488: dense_wrapper_ap_fixed_16_6_5_3_0_ap_fixed_16_6_5_3_0_config9_s__GB0, 
datapath__135: myproject__GCB0, 
case__61: myproject__GCB0, 
logic__276: myproject__GCB1, 
reg__405: myproject__GCB1, 
reg__262: myproject__GCB0, 
reg__302: dense_wrapper_ap_fixed_16_6_5_3_0_ap_fixed_16_6_5_3_0_config9_s__GB0, 
reg__143: myproject__GCB1, 
logic__376: myproject__GCB1, 
logic__592: myproject__GCB0, 
case__309: dense_wrapper_ap_fixed_16_6_5_3_0_ap_fixed_16_6_5_3_0_config9_s__GB0, 
reg__108: myproject__GCB0, 
case__35: myproject__GCB1, 
case__378: dense_wrapper_ap_fixed_16_6_5_3_0_ap_fixed_16_6_5_3_0_config9_s__GB0, 
logic__743: myproject__GCB0, 
logic__367: myproject__GCB1, 
reg__199: myproject__GCB1, 
logic__570: myproject__GCB1, 
logic__394: myproject__GCB0, 
reg__47: myproject__GCB1, 
case__24: myproject__GCB1, 
datapath__34: myproject__GCB0, 
logic__272: myproject__GCB1, 
signinv__1: myproject__GCB0, 
case__447: dense_wrapper_ap_fixed_16_6_5_3_0_ap_fixed_16_6_5_3_0_config9_s__GB0, 
logic__10: myproject__GCB1, dense_array_ap_fixed_8u_array_ap_fixed_16_6_5_3_0_10u_config9_s__GC0, 
case__541: dense_wrapper_ap_fixed_16_6_5_3_0_ap_fixed_16_6_5_3_0_config9_s__GB0, 
logic__85: myproject__GCB1, 
reg__327: dense_wrapper_ap_fixed_16_6_5_3_0_ap_fixed_16_6_5_3_0_config9_s__GB2, 
case__431: dense_wrapper_ap_fixed_16_6_5_3_0_ap_fixed_16_6_5_3_0_config9_s__GB1, 
case__250: myproject__GCB0, 
muxpart__17: myproject__GCB0, 
logic__520: dense_wrapper_ap_fixed_16_6_5_3_0_ap_fixed_16_6_5_3_0_config9_s__GB0, 
case__481: dense_wrapper_ap_fixed_16_6_5_3_0_ap_fixed_16_6_5_3_0_config9_s__GB2, 
logic__350: myproject__GCB1, 
logic__393: myproject__GCB0, 
reg__436: myproject__GCB1, 
logic__267: myproject__GCB1, 
logic__476: myproject__GCB0, 
case__49: myproject__GCB1, 
datapath__96: myproject__GCB1, 
case__371: dense_wrapper_ap_fixed_16_6_5_3_0_ap_fixed_16_6_5_3_0_config9_s__GB0, 
logic__548: dense_array_ap_fixed_8u_array_ap_fixed_16_6_5_3_0_10u_config9_s__GC0, 
logic__257: myproject__GCB1, 
reg__127: myproject__GCB1, 
case__127: myproject__GCB0, 
datapath__133: myproject__GCB0, 
logic__189: myproject__GCB0, 
case__599: myproject__GCB1, 
case__225: myproject__GCB0, 
logic__262: myproject__GCB1, 
reg__419: myproject__GCB0, 
case__25: myproject__GCB1, 
counter__5: myproject__GCB0, 
case__324: dense_wrapper_ap_fixed_16_6_5_3_0_ap_fixed_16_6_5_3_0_config9_s__GB1, 
case__242: myproject__GCB0, 
case__440: dense_wrapper_ap_fixed_16_6_5_3_0_ap_fixed_16_6_5_3_0_config9_s__GB0, 
logic__122: myproject__GCB1, 
muxpart__23: myproject__GCB1, 
case__534: dense_wrapper_ap_fixed_16_6_5_3_0_ap_fixed_16_6_5_3_0_config9_s__GB2, 
datapath__22: myproject__GCB0, 
logic__169: myproject__GCB0, 
case__424: dense_wrapper_ap_fixed_16_6_5_3_0_ap_fixed_16_6_5_3_0_config9_s__GB0, 
case__42: myproject__GCB1, 
datapath__103: myproject__GCB1, 
case__559: dense_array_ap_fixed_8u_array_ap_fixed_16_6_5_3_0_10u_config9_s__GC0, 
case__474: dense_wrapper_ap_fixed_16_6_5_3_0_ap_fixed_16_6_5_3_0_config9_s__GB0, 
logic__92: myproject__GCB1, 
reg__345: dense_wrapper_ap_fixed_16_6_5_3_0_ap_fixed_16_6_5_3_0_config9_s__GB2, 
datapath__11: myproject__GCB1, 
case__188: myproject__GCB1, 
reg__263: myproject__GCB0, 
case__38: myproject__GCB1, 
logic__334: myproject__GCB1, 
logic__279: myproject__GCB1, 
reg__92: myproject__GCB0, 
case__232: myproject__GCB0, 
logic__716: myproject__GCB0, 
case__31: myproject__GCB1, 
logic__469: myproject__GCB0, 
logic__667: myproject__GCB1, 
case__315: dense_wrapper_ap_fixed_16_6_5_3_0_ap_fixed_16_6_5_3_0_config9_s__GB1, 
case__364: dense_wrapper_ap_fixed_16_6_5_3_0_ap_fixed_16_6_5_3_0_config9_s__GB2, 
reg__308: dense_wrapper_ap_fixed_16_6_5_3_0_ap_fixed_16_6_5_3_0_config9_s__GB0, 
logic__377: myproject__GCB1, 
datapath__101: myproject__GCB1, 
case__97: myproject__GCB0, 
logic__465: myproject__GCB0, 
logic__785: myproject__GCB0, 
logic__631: myproject__GCB1, myproject__GCB0, 
muxpart__9: myproject__GCB0, 
case__586: myproject__GCB1, myproject__GCB0, 
dsp48e2__1: myproject__GCB1, 
reg__165: myproject__GCB1, 
logic__646: myproject__GCB0, 
reg__84: myproject__GCB0, 
logic__681: myproject__GCB0, 
case__220: myproject__GCB0, 
logic__594: myproject__GCB0, 
logic__776: myproject__GCB0, 
case__527: dense_wrapper_ap_fixed_16_6_5_3_0_ap_fixed_16_6_5_3_0_config9_s__GB1, 
case__13: myproject__GCB1, 
reg__334: dense_wrapper_ap_fixed_16_6_5_3_0_ap_fixed_16_6_5_3_0_config9_s__GB1, 
case__417: dense_wrapper_ap_fixed_16_6_5_3_0_ap_fixed_16_6_5_3_0_config9_s__GB0, 
case__275: dense_wrapper_ap_fixed_16_6_5_3_0_ap_fixed_16_6_5_3_0_config9_s__GB0, 
datapath__150: dense_wrapper_ap_fixed_16_6_5_3_0_ap_fixed_16_6_5_3_0_config9_s__GB0, 
reg__176: myproject__GCB1, 
datapath__55: myproject__GCB0, 
case__54: myproject__GCB0, 
case__362: dense_wrapper_ap_fixed_16_6_5_3_0_ap_fixed_16_6_5_3_0_config9_s__GB2, 
reg__169: myproject__GCB1, 
reg__161: myproject__GCB1, 
logic__317: myproject__GCB1, 
dsrl__5: myproject__GCB1, myproject__GCB0, 
logic__420: myproject__GCB0, 
reg__226: myproject__GCB1, 
case__568: dense_array_ap_fixed_8u_array_ap_fixed_16_6_5_3_0_10u_config9_s__GC0, 
logic__363: myproject__GCB1, 
reg__62: myproject__GCB0, 
logic__436: myproject__GCB0, 
reg__27: myproject__GCB1, 
reg__290: dense_wrapper_ap_fixed_16_6_5_3_0_ap_fixed_16_6_5_3_0_config9_s__GB0, 
reg__447: myproject__GCB0, 
fifo_w16_d36_A_shiftReg: myproject__GCB0, 
logic__643: myproject__GCB0, 
case__59: myproject__GCB0, 
datapath__17: myproject__GCB1, 
pla: myproject__GCB1, 
logic__457: myproject__GCB0, 
case__520: dense_wrapper_ap_fixed_16_6_5_3_0_ap_fixed_16_6_5_3_0_config9_s__GB0, 
case__277: dense_wrapper_ap_fixed_16_6_5_3_0_ap_fixed_16_6_5_3_0_config9_s__GB0, 
myproject_mux_42_16_1_1: myproject__GCB1, myproject__GCB0, dense_wrapper_ap_fixed_16_6_5_3_0_ap_fixed_16_6_5_3_0_config9_s__GB0, 
case__565: dense_array_ap_fixed_8u_array_ap_fixed_16_6_5_3_0_10u_config9_s__GC0, 
case__165: myproject__GCB1, 
case__410: dense_wrapper_ap_fixed_16_6_5_3_0_ap_fixed_16_6_5_3_0_config9_s__GB2, 
case__116: myproject__GCB0, 
logic__729: myproject__GCB1, 
case__312: dense_wrapper_ap_fixed_16_6_5_3_0_ap_fixed_16_6_5_3_0_config9_s__GB0, 
case__355: dense_wrapper_ap_fixed_16_6_5_3_0_ap_fixed_16_6_5_3_0_config9_s__GB1, 
reg__113: myproject__GCB0, 
case__183: myproject__GCB1, 
case__159: myproject__GCB1, 
datapath__154: dense_array_ap_fixed_8u_array_ap_fixed_16_6_5_3_0_10u_config9_s__GC0, 
case__60: myproject__GCB0, 
reg__100: myproject__GCB0, 
reg__97: myproject__GCB0, 
case__184: myproject__GCB1, 
addsub__3: myproject__GCB0, 
reg__292: dense_wrapper_ap_fixed_16_6_5_3_0_ap_fixed_16_6_5_3_0_config9_s__GB0, 
reg__180: myproject__GCB1, 
case__286: dense_wrapper_ap_fixed_16_6_5_3_0_ap_fixed_16_6_5_3_0_config9_s__GB0, 
datapath__116: myproject__GCB0, 
logic__290: myproject__GCB1, 
logic__658: myproject__GCB1, 
start_for_relu_array_ap_fixed_4u_array_ap_fixed_16_6_5_3_0_4u_relu_config3_U0: myproject__GCB1, 
case__117: myproject__GCB0, 
logic__342: myproject__GCB1, 
reg__330: dense_wrapper_ap_fixed_16_6_5_3_0_ap_fixed_16_6_5_3_0_config9_s__GB0, 
logic__11: myproject__GCB1, dense_array_ap_fixed_8u_array_ap_fixed_16_6_5_3_0_10u_config9_s__GC0, 
logic__528: dense_wrapper_ap_fixed_16_6_5_3_0_ap_fixed_16_6_5_3_0_config9_s__GB2, 
conv_2d_cl_array_ap_fixed_4u_array_ap_fixed_16_6_5_3_0_8u_config5_s: myproject__GCB1, 
datapath__80: myproject__GCB0, 
reg__208: myproject__GCB1, 
logic__414: myproject__GCB0, 
case__513: dense_wrapper_ap_fixed_16_6_5_3_0_ap_fixed_16_6_5_3_0_config9_s__GB0, 
case__177: myproject__GCB1, 
reg__122: myproject__GCB0, 
case__624: myproject__GCB0, 
case__403: dense_wrapper_ap_fixed_16_6_5_3_0_ap_fixed_16_6_5_3_0_config9_s__GB1, 
case__86: myproject__GCB0, 
reg__301: dense_wrapper_ap_fixed_16_6_5_3_0_ap_fixed_16_6_5_3_0_config9_s__GB2, 
case__348: dense_wrapper_ap_fixed_16_6_5_3_0_ap_fixed_16_6_5_3_0_config9_s__GB0, 
start_for_pooling2d_cl_array_ap_fixed_8u_array_ap_fixed_16_6_5_3_0_8u_config7Gfk: myproject__GCB0, 
reg__81: myproject__GCB0, 
datapath__102: myproject__GCB1, 
case__308: dense_wrapper_ap_fixed_16_6_5_3_0_ap_fixed_16_6_5_3_0_config9_s__GB0, 
reg__198: myproject__GCB1, 
logic__744: myproject__GCB0, 
case__282: dense_wrapper_ap_fixed_16_6_5_3_0_ap_fixed_16_6_5_3_0_config9_s__GB0, 
case__469: dense_wrapper_ap_fixed_16_6_5_3_0_ap_fixed_16_6_5_3_0_config9_s__GB0, 
addsub__5: myproject__GCB0, 
datapath__100: myproject__GCB1, 
case__260: myproject__GCB0, 
case__75: myproject__GCB0, 
case__211: myproject__GCB0, 
case__87: myproject__GCB0, 
pooling2d_cl_array_ap_fixed_8u_array_ap_fixed_16_6_5_3_0_8u_config7_s_line_buxdS: myproject__GCB0, 
datapath__50: myproject__GCB0, 
case__209: myproject__GCB0, 
case__503: dense_wrapper_ap_fixed_16_6_5_3_0_ap_fixed_16_6_5_3_0_config9_s__GB1, 
reg__4: myproject__GCB1, 
reg__163: myproject__GCB1, 
reg__326: dense_wrapper_ap_fixed_16_6_5_3_0_ap_fixed_16_6_5_3_0_config9_s__GB0, 
datapath__137: myproject__GCB0, 
reg__257: myproject__GCB0, 
logic__527: dense_wrapper_ap_fixed_16_6_5_3_0_ap_fixed_16_6_5_3_0_config9_s__GB0, 
datapath__166: myproject__GCB0, 
case__161: myproject__GCB1, 
counter__1: myproject__GCB0, 
case__41: myproject__GCB1, 
reg__297: dense_wrapper_ap_fixed_16_6_5_3_0_ap_fixed_16_6_5_3_0_config9_s__GB0, 
reg__235: myproject__GCB1, 
reg__201: myproject__GCB1, 
logic__215: myproject__GCB0, 
case__76: myproject__GCB0, 
case__393: dense_wrapper_ap_fixed_16_6_5_3_0_ap_fixed_16_6_5_3_0_config9_s__GB0, 
datapath__6: myproject__GCB1, 
logic__544: dense_array_ap_fixed_8u_array_ap_fixed_16_6_5_3_0_10u_config9_s__GC0, 
logic__438: myproject__GCB0, 
reg__159: myproject__GCB1, 
datapath__125: myproject__GCB0, 
case__566: dense_array_ap_fixed_8u_array_ap_fixed_16_6_5_3_0_10u_config9_s__GC0, 
case__562: dense_array_ap_fixed_8u_array_ap_fixed_16_6_5_3_0_10u_config9_s__GC0, 
case__462: dense_wrapper_ap_fixed_16_6_5_3_0_ap_fixed_16_6_5_3_0_config9_s__GB2, 
case__323: dense_wrapper_ap_fixed_16_6_5_3_0_ap_fixed_16_6_5_3_0_config9_s__GB1, 
case__553: dense_wrapper_ap_fixed_16_6_5_3_0_ap_fixed_16_6_5_3_0_config9_s__GB2, 
logic__391: myproject__GCB0, 
reg__90: myproject__GCB0, 
logic__121: myproject__GCB1, 
case__496: dense_wrapper_ap_fixed_16_6_5_3_0_ap_fixed_16_6_5_3_0_config9_s__GB0, 
logic__182: myproject__GCB0, 
case__80: myproject__GCB0, 
case__601: myproject__GCB0, 
case__150: myproject__GCB1, 
case__305: dense_wrapper_ap_fixed_16_6_5_3_0_ap_fixed_16_6_5_3_0_config9_s__GB0, 
logic__703: myproject__GCB0, 
reg__344: dense_wrapper_ap_fixed_16_6_5_3_0_ap_fixed_16_6_5_3_0_config9_s__GB1, 
logic__517: dense_wrapper_ap_fixed_16_6_5_3_0_ap_fixed_16_6_5_3_0_config9_s__GB0, 
case__591: myproject__GCB0, 
case__561: dense_array_ap_fixed_8u_array_ap_fixed_16_6_5_3_0_10u_config9_s__GC0, 
reg__270: myproject__GCB0, 
case__172: myproject__GCB1, 
case__386: dense_wrapper_ap_fixed_16_6_5_3_0_ap_fixed_16_6_5_3_0_config9_s__GB2, 
reg__53: myproject__GCB1, 
logic__452: myproject__GCB0, 
datapath__3: myproject__GCB1, 
case__292: dense_wrapper_ap_fixed_16_6_5_3_0_ap_fixed_16_6_5_3_0_config9_s__GB0, 
case__81: myproject__GCB0, 
logic__228: myproject__GCB0, 
conv_2d_cl_array_ap_fixed_1u_array_ap_fixed_16_6_5_3_0_4u_config2_s: myproject__GCB1, 
reg__322: dense_wrapper_ap_fixed_16_6_5_3_0_ap_fixed_16_6_5_3_0_config9_s__GB0, 
case__455: dense_wrapper_ap_fixed_16_6_5_3_0_ap_fixed_16_6_5_3_0_config9_s__GB1, 
reg__11: myproject__GCB1, 
logic__295: myproject__GCB1, 
datapath__61: myproject__GCB0, 
case__546: dense_wrapper_ap_fixed_16_6_5_3_0_ap_fixed_16_6_5_3_0_config9_s__GB0, 
dsrl__4: myproject__GCB0, 
logic__421: myproject__GCB0, 
reg__210: myproject__GCB1, 
reg__191: myproject__GCB1, 
datapath__30: myproject__GCB0, 
reg__200: myproject__GCB1, 
reg__437: myproject__GCB1, 
case__489: dense_wrapper_ap_fixed_16_6_5_3_0_ap_fixed_16_6_5_3_0_config9_s__GB0, 
logic__708: myproject__GCB0, 
datapath__70: myproject__GCB0, 
reg__258: myproject__GCB0, 
reg__307: dense_wrapper_ap_fixed_16_6_5_3_0_ap_fixed_16_6_5_3_0_config9_s__GB2, 
logic__207: myproject__GCB0, 
case__152: myproject__GCB1, 
logic__206: myproject__GCB0, 
reg__384: dense_array_ap_fixed_8u_array_ap_fixed_16_6_5_3_0_10u_config9_s__GC0, 
case__134: myproject__GCB1, 
datapath__56: myproject__GCB0, 
reg__417: myproject__GCB1, myproject__GCB0, 
logic__245: myproject__GCB1, 
case__379: dense_wrapper_ap_fixed_16_6_5_3_0_ap_fixed_16_6_5_3_0_config9_s__GB1, 
reg__103: myproject__GCB0, 
case__625: myproject__GCB0, 
reg__225: myproject__GCB1, 
reg__411: myproject__GCB1, 
reg__237: myproject__GCB1, 
case__448: dense_wrapper_ap_fixed_16_6_5_3_0_ap_fixed_16_6_5_3_0_config9_s__GB0, 
case__542: dense_wrapper_ap_fixed_16_6_5_3_0_ap_fixed_16_6_5_3_0_config9_s__GB0, 
logic__702: myproject__GCB0, 
reg__57: myproject__GCB1, 
logic__366: myproject__GCB1, 
case__198: myproject__GCB1, 
case__432: dense_wrapper_ap_fixed_16_6_5_3_0_ap_fixed_16_6_5_3_0_config9_s__GB1, 
datapath__99: myproject__GCB1, 
reg__70: myproject__GCB0, 
signinv: myproject__GCB1, 
case__482: dense_wrapper_ap_fixed_16_6_5_3_0_ap_fixed_16_6_5_3_0_config9_s__GB2, 
reg__367: dense_array_ap_fixed_8u_array_ap_fixed_16_6_5_3_0_10u_config9_s__GC0, 
logic__93: myproject__GCB1, 
reg__230: myproject__GCB1, 
reg__117: myproject__GCB0, 
reg__25: myproject__GCB1, 
reg__139: myproject__GCB1, 
start_for_relu_array_ap_fixed_8u_array_ap_fixed_16_6_5_3_0_8u_relu_config6_U0_shiftReg: myproject__GCB1, 
case__311: dense_wrapper_ap_fixed_16_6_5_3_0_ap_fixed_16_6_5_3_0_config9_s__GB0, 
reg__406: myproject__GCB1, 
xil_defaultlib_ibuf: myproject__GCB1, dense_array_ap_fixed_8u_array_ap_fixed_16_6_5_3_0_10u_config9_s__GC0, 
case__182: myproject__GCB1, 
case__614: myproject__GCB1, 
logic__387: myproject__GCB0, 
case__372: dense_wrapper_ap_fixed_16_6_5_3_0_ap_fixed_16_6_5_3_0_config9_s__GB0, 
reg__366: dense_array_ap_fixed_8u_array_ap_fixed_16_6_5_3_0_10u_config9_s__GC0, 
logic__349: myproject__GCB1, 
fifo_w16_d4_A_shiftReg: myproject__GCB0, 
reg__157: myproject__GCB1, 
case__285: dense_wrapper_ap_fixed_16_6_5_3_0_ap_fixed_16_6_5_3_0_config9_s__GB0, 
logic__111: myproject__GCB1, 
logic__533: dense_array_ap_fixed_8u_array_ap_fixed_16_6_5_3_0_10u_config9_s__GC0, 
datapath__152: dense_wrapper_ap_fixed_16_6_5_3_0_ap_fixed_16_6_5_3_0_config9_s__GB0, 
case__262: dense_wrapper_ap_fixed_16_6_5_3_0_ap_fixed_16_6_5_3_0_config9_s__GB0, 
case__441: dense_wrapper_ap_fixed_16_6_5_3_0_ap_fixed_16_6_5_3_0_config9_s__GB0, 
datapath__91: myproject__GCB1, 
reg__329: dense_wrapper_ap_fixed_16_6_5_3_0_ap_fixed_16_6_5_3_0_config9_s__GB2, 
logic__381: myproject__GCB0, 
reg__112: myproject__GCB0, 
case__535: dense_wrapper_ap_fixed_16_6_5_3_0_ap_fixed_16_6_5_3_0_config9_s__GB0, 
case__84: myproject__GCB0, 
reg__207: myproject__GCB1, 
reg__356: dense_wrapper_ap_fixed_16_6_5_3_0_ap_fixed_16_6_5_3_0_config9_s__GB2, 
case__425: dense_wrapper_ap_fixed_16_6_5_3_0_ap_fixed_16_6_5_3_0_config9_s__GB0, 
logic__468: myproject__GCB0, 
case__46: myproject__GCB1, 
case__176: myproject__GCB1, 
case__475: dense_wrapper_ap_fixed_16_6_5_3_0_ap_fixed_16_6_5_3_0_config9_s__GB1, 
case__128: myproject__GCB1, 
logic__200: myproject__GCB0, 
reg__300: dense_wrapper_ap_fixed_16_6_5_3_0_ap_fixed_16_6_5_3_0_config9_s__GB0, 
logic__112: myproject__GCB1, 
datapath__112: myproject__GCB0, 
logic__435: myproject__GCB0, 
logic__451: myproject__GCB0, 
reg__371: dense_array_ap_fixed_8u_array_ap_fixed_16_6_5_3_0_10u_config9_s__GC0, 
logic__281: myproject__GCB1, 
datapath__164: myproject__GCB1, 
logic__579: myproject__GCB1, 
case__307: dense_wrapper_ap_fixed_16_6_5_3_0_ap_fixed_16_6_5_3_0_config9_s__GB0, 
conv_2d_cl_array_ap_fixed_4u_array_ap_fixed_16_6_5_3_0_8u_config5_s_w5_V_rom: myproject__GCB1, 
datapath__43: myproject__GCB0, 
muxpart__3: myproject__GCB1, 
reg__203: myproject__GCB1, 
case__365: dense_wrapper_ap_fixed_16_6_5_3_0_ap_fixed_16_6_5_3_0_config9_s__GB2, 
reg__71: myproject__GCB0, 
case__621: myproject__GCB0, 
reg__197: myproject__GCB1, 
logic__308: myproject__GCB1, 
logic__82: myproject__GCB1, 
case__281: dense_wrapper_ap_fixed_16_6_5_3_0_ap_fixed_16_6_5_3_0_config9_s__GB0, 
start_for_relu_array_ap_fixed_8u_array_ap_fixed_16_6_5_3_0_8u_relu_config6_U0: myproject__GCB1, 
case__48: myproject__GCB1, 
case__51: myproject__GCB0, 
logic__745: myproject__GCB0, 
counter__9: myproject__GCB0, 
case__576: myproject__GCB1, 
case__528: dense_wrapper_ap_fixed_16_6_5_3_0_ap_fixed_16_6_5_3_0_config9_s__GB1, 
reg__422: myproject__GCB1, 
logic__713: myproject__GCB0, 
reg__325: dense_wrapper_ap_fixed_16_6_5_3_0_ap_fixed_16_6_5_3_0_config9_s__GB2, 
case__418: dense_wrapper_ap_fixed_16_6_5_3_0_ap_fixed_16_6_5_3_0_config9_s__GB0, 
reg__111: myproject__GCB0, 
logic__231: myproject__GCB0, 
dsrl: myproject__GCB1, 
case__255: myproject__GCB0, 
case__363: dense_wrapper_ap_fixed_16_6_5_3_0_ap_fixed_16_6_5_3_0_config9_s__GB2, 
reg__296: dense_wrapper_ap_fixed_16_6_5_3_0_ap_fixed_16_6_5_3_0_config9_s__GB0, 
reg__88: myproject__GCB0, 
reg__449: myproject__GCB0, 
reg__391: dense_array_ap_fixed_8u_array_ap_fixed_16_6_5_3_0_10u_config9_s__GC0, 
logic__563: dense_array_ap_fixed_8u_array_ap_fixed_16_6_5_3_0_10u_config9_s__GC0, 
muxpart__11: myproject__GCB0, 
muxpart__15: myproject__GCB1, 
myproject_mul_mul_16s_10s_26_1_1_DSP48_2: myproject__GCB1, 
reg__15: myproject__GCB1, 
logic__316: myproject__GCB1, 
case__600: myproject__GCB1, 
case__82: myproject__GCB0, 
case__149: myproject__GCB1, 
case__243: myproject__GCB0, 
datapath__138: myproject__GCB0, 
logic__737: myproject__GCB1, 
case__322: dense_wrapper_ap_fixed_16_6_5_3_0_ap_fixed_16_6_5_3_0_config9_s__GB1, 
datapath__24: myproject__GCB0, 
case__521: dense_wrapper_ap_fixed_16_6_5_3_0_ap_fixed_16_6_5_3_0_config9_s__GB0, 
datapath__122: myproject__GCB0, 
reg__450: myproject__GCB0, 
reg__236: myproject__GCB1, 
case__143: myproject__GCB1, 
logic__609: myproject__GCB0, 
addsub__2: myproject__GCB1, myproject__GCB0, 
case__411: dense_wrapper_ap_fixed_16_6_5_3_0_ap_fixed_16_6_5_3_0_config9_s__GB2, 
logic__123: myproject__GCB1, 
conv_2d_cl_array_ap_fixed_4u_array_ap_fixed_16_6_5_3_0_8u_config5_s_line_buffpcA_core: myproject__GCB1, 
case__573: dense_array_ap_fixed_8u_array_ap_fixed_16_6_5_3_0_10u_config9_s__GC0, 
logic__439: myproject__GCB0, 
reg__425: myproject__GCB1, 
case__304: dense_wrapper_ap_fixed_16_6_5_3_0_ap_fixed_16_6_5_3_0_config9_s__GB0, 
datapath__119: myproject__GCB0, 
muxpart__4: myproject__GCB1, 
case__356: dense_wrapper_ap_fixed_16_6_5_3_0_ap_fixed_16_6_5_3_0_config9_s__GB1, 
datapath__126: myproject__GCB0, 
case__213: myproject__GCB0, 
logic__301: myproject__GCB1, 
reg__343: dense_wrapper_ap_fixed_16_6_5_3_0_ap_fixed_16_6_5_3_0_config9_s__GB2, 
reg__229: myproject__GCB1, 
case__140: myproject__GCB1, 
logic__665: myproject__GCB1, 
logic__42: myproject__GCB1, 
reg__166: myproject__GCB1, 
logic__688: myproject__GCB0, 
case__144: myproject__GCB1, 
case__291: dense_wrapper_ap_fixed_16_6_5_3_0_ap_fixed_16_6_5_3_0_config9_s__GB0, 
case__253: myproject__GCB0, 
case__595: myproject__GCB0, 
case__2: myproject__GCB1, dense_array_ap_fixed_8u_array_ap_fixed_16_6_5_3_0_10u_config9_s__GC0, 
reg__321: dense_wrapper_ap_fixed_16_6_5_3_0_ap_fixed_16_6_5_3_0_config9_s__GB2, 
datapath__76: myproject__GCB0, 
logic__763: myproject__GCB0, 
reg__397: dense_array_ap_fixed_8u_array_ap_fixed_16_6_5_3_0_10u_config9_s__GC0, 
reg__430: myproject__GCB0, 
logic__246: myproject__GCB1, 
case__514: dense_wrapper_ap_fixed_16_6_5_3_0_ap_fixed_16_6_5_3_0_config9_s__GB0, 
datapath__16: myproject__GCB1, 
logic__425: myproject__GCB0, 
case__141: myproject__GCB1, 
case__107: myproject__GCB0, 
case__71: myproject__GCB0, 
case__404: dense_wrapper_ap_fixed_16_6_5_3_0_ap_fixed_16_6_5_3_0_config9_s__GB1, 
logic__57: myproject__GCB1, 
reg__187: myproject__GCB1, 
reg__306: dense_wrapper_ap_fixed_16_6_5_3_0_ap_fixed_16_6_5_3_0_config9_s__GB0, 
case__572: dense_array_ap_fixed_8u_array_ap_fixed_16_6_5_3_0_10u_config9_s__GC0, 
datapath__136: myproject__GCB0, 
case__147: myproject__GCB1, 
datapath__71: myproject__GCB0, 
logic__341: myproject__GCB1, 
case__349: dense_wrapper_ap_fixed_16_6_5_3_0_ap_fixed_16_6_5_3_0_config9_s__GB0, 
relu_array_ap_fixed_4u_array_ap_fixed_16_6_5_3_0_4u_relu_config3_s: myproject__GCB1, 
reg__107: myproject__GCB0, 
case__98: myproject__GCB0, 
case__241: myproject__GCB0, 
case__622: myproject__GCB0, 
logic__447: myproject__GCB0, 
datapath__107: myproject__GCB0, 
logic__426: myproject__GCB0, 
logic__62: myproject__GCB1, 
datapath__160: myproject__GCB0, 
case__470: dense_wrapper_ap_fixed_16_6_5_3_0_ap_fixed_16_6_5_3_0_config9_s__GB0, 
datapath__66: myproject__GCB0, 
logic__41: myproject__GCB1, 
case__72: myproject__GCB0, 
reg__316: dense_wrapper_ap_fixed_16_6_5_3_0_ap_fixed_16_6_5_3_0_config9_s__GB0, 
case__221: myproject__GCB0, 
datapath__19: myproject__GCB0, 
counter__12: myproject__GCB1, myproject__GCB0, 
signinv__5: myproject__GCB0, 
datapath__46: myproject__GCB0, 
datapath__4: myproject__GCB1, 
reg__193: myproject__GCB1, 
logic__378: myproject__GCB0, 
case__504: dense_wrapper_ap_fixed_16_6_5_3_0_ap_fixed_16_6_5_3_0_config9_s__GB1, 
case__197: myproject__GCB1, 
reg__126: myproject__GCB1, 
datapath__57: myproject__GCB0, 
muxpart__14: myproject__GCB1, 
datapath__93: myproject__GCB1, 
logic__456: myproject__GCB0, 
case__202: myproject__GCB1, 
logic__639: myproject__GCB0, 
reg__79: myproject__GCB0, 
case__310: dense_wrapper_ap_fixed_16_6_5_3_0_ap_fixed_16_6_5_3_0_config9_s__GB0, 
reg__59: myproject__GCB0, 
datapath__35: myproject__GCB0, 
case__394: dense_wrapper_ap_fixed_16_6_5_3_0_ap_fixed_16_6_5_3_0_config9_s__GB0, 
reg__182: myproject__GCB1, 
logic__250: myproject__GCB1, 
reg__222: myproject__GCB1, 
reg__252: myproject__GCB0, 
reg__234: myproject__GCB1, 
case__463: dense_wrapper_ap_fixed_16_6_5_3_0_ap_fixed_16_6_5_3_0_config9_s__GB0, 
case__251: myproject__GCB0, 
logic__59: myproject__GCB1, 
case__554: dense_wrapper_ap_fixed_16_6_5_3_0_ap_fixed_16_6_5_3_0_config9_s__GB2, 
logic__66: myproject__GCB1, 
case__611: myproject__GCB1, 
case__609: myproject__GCB0, 
reg__328: dense_wrapper_ap_fixed_16_6_5_3_0_ap_fixed_16_6_5_3_0_config9_s__GB0, 
case__174: myproject__GCB1, 
case__497: dense_wrapper_ap_fixed_16_6_5_3_0_ap_fixed_16_6_5_3_0_config9_s__GB0, 
case__334: dense_wrapper_ap_fixed_16_6_5_3_0_ap_fixed_16_6_5_3_0_config9_s__GB2, 
reg__72: myproject__GCB0, 
reg__35: myproject__GCB1, 
reg__269: myproject__GCB0, 
reg__26: myproject__GCB1, 
reg__209: myproject__GCB1, 
datapath__98: myproject__GCB1, 
reg__5: myproject__GCB1, 
counter__10: myproject__GCB1, 
case__387: dense_wrapper_ap_fixed_16_6_5_3_0_ap_fixed_16_6_5_3_0_config9_s__GB2, 
datapath__162: myproject__GCB0, 
reg__427: myproject__GCB0, 
reg__355: dense_wrapper_ap_fixed_16_6_5_3_0_ap_fixed_16_6_5_3_0_config9_s__GB2, 
reg__439: myproject__GCB1, 
case__279: dense_wrapper_ap_fixed_16_6_5_3_0_ap_fixed_16_6_5_3_0_config9_s__GB0, 
case__578: myproject__GCB1, 
reg__251: myproject__GCB0, 
case__456: dense_wrapper_ap_fixed_16_6_5_3_0_ap_fixed_16_6_5_3_0_config9_s__GB1, 
logic__309: myproject__GCB1, 
reg__164: myproject__GCB1, 
logic__178: myproject__GCB0, 
case__547: dense_wrapper_ap_fixed_16_6_5_3_0_ap_fixed_16_6_5_3_0_config9_s__GB1, 
datapath__13: myproject__GCB1, 
case__593: myproject__GCB0, 
logic__310: myproject__GCB1, 
case__490: dense_wrapper_ap_fixed_16_6_5_3_0_ap_fixed_16_6_5_3_0_config9_s__GB0, 
case__20: myproject__GCB1, 
reg__403: dense_array_ap_fixed_8u_array_ap_fixed_16_6_5_3_0_10u_config9_s__GC0, 
reg__294: dense_wrapper_ap_fixed_16_6_5_3_0_ap_fixed_16_6_5_3_0_config9_s__GB0, 
reg__160: myproject__GCB1, 
logic__661: myproject__GCB1, 
case__43: myproject__GCB1, 
logic__226: myproject__GCB0, 
datapath__144: dense_wrapper_ap_fixed_16_6_5_3_0_ap_fixed_16_6_5_3_0_config9_s__GB0, 
reg__218: myproject__GCB1, 
case__137: myproject__GCB1, 
case__380: dense_wrapper_ap_fixed_16_6_5_3_0_ap_fixed_16_6_5_3_0_config9_s__GB1, 
case__216: myproject__GCB0, 
case__1: myproject__GCB1, dense_array_ap_fixed_8u_array_ap_fixed_16_6_5_3_0_10u_config9_s__GC0, 
logic__52: myproject__GCB1, 
reg__231: myproject__GCB1, 
case__163: myproject__GCB1, 
case__610: myproject__GCB0, 
case__577: myproject__GCB1, 
case__449: dense_wrapper_ap_fixed_16_6_5_3_0_ap_fixed_16_6_5_3_0_config9_s__GB0, 
case__235: myproject__GCB0, 
case__543: dense_wrapper_ap_fixed_16_6_5_3_0_ap_fixed_16_6_5_3_0_config9_s__GB0, 
signinv__4: myproject__GCB1, 
reg__69: myproject__GCB0, 
case__594: myproject__GCB0, 
signinv__3: myproject__GCB0, 
case__138: myproject__GCB1, 
case__433: dense_wrapper_ap_fixed_16_6_5_3_0_ap_fixed_16_6_5_3_0_config9_s__GB2, 
datapath__25: myproject__GCB0, 
case__483: dense_wrapper_ap_fixed_16_6_5_3_0_ap_fixed_16_6_5_3_0_config9_s__GB2, 
logic__518: dense_wrapper_ap_fixed_16_6_5_3_0_ap_fixed_16_6_5_3_0_config9_s__GB0, 
reg__179: myproject__GCB1, 
pooling2d_cl_array_ap_fixed_4u_array_ap_fixed_16_6_5_3_0_4u_config4_s_line_budEe: myproject__GCB0, 
logic__721: myproject__GCB1, 
logic__63: myproject__GCB1, 
counter__2: myproject__GCB0, 
reg__174: myproject__GCB1, 
case__146: myproject__GCB1, 
case__303: dense_wrapper_ap_fixed_16_6_5_3_0_ap_fixed_16_6_5_3_0_config9_s__GB0, 
case__284: dense_wrapper_ap_fixed_16_6_5_3_0_ap_fixed_16_6_5_3_0_config9_s__GB0, 
reg__175: myproject__GCB1, 
datapath__120: myproject__GCB0, 
logic__365: myproject__GCB1, 
case__373: dense_wrapper_ap_fixed_16_6_5_3_0_ap_fixed_16_6_5_3_0_config9_s__GB0, 
reg__86: myproject__GCB0, 
reg__372: dense_array_ap_fixed_8u_array_ap_fixed_16_6_5_3_0_10u_config9_s__GC0, 
logic__701: myproject__GCB0, 
case__133: myproject__GCB1, 
case__195: myproject__GCB1, 
case__290: dense_wrapper_ap_fixed_16_6_5_3_0_ap_fixed_16_6_5_3_0_config9_s__GB0, 
case__575: myproject__GCB1, 
counter__8: myproject__GCB0, 
reg__370: dense_array_ap_fixed_8u_array_ap_fixed_16_6_5_3_0_10u_config9_s__GC0, 
myproject_mul_mul_16s_16s_26_1_1_DSP48_0: myproject__GCB1, dense_wrapper_ap_fixed_16_6_5_3_0_ap_fixed_16_6_5_3_0_config9_s__GB0, 
reg__320: dense_wrapper_ap_fixed_16_6_5_3_0_ap_fixed_16_6_5_3_0_config9_s__GB0, 
case__442: dense_wrapper_ap_fixed_16_6_5_3_0_ap_fixed_16_6_5_3_0_config9_s__GB0, 
logic__124: myproject__GCB1, 
case__612: myproject__GCB1, 
counter__11: myproject__GCB0, 
reg__299: dense_wrapper_ap_fixed_16_6_5_3_0_ap_fixed_16_6_5_3_0_config9_s__GB0, 
logic__440: myproject__GCB0, 
case__536: dense_wrapper_ap_fixed_16_6_5_3_0_ap_fixed_16_6_5_3_0_config9_s__GB0, 
case__237: myproject__GCB0, 
logic__526: dense_wrapper_ap_fixed_16_6_5_3_0_ap_fixed_16_6_5_3_0_config9_s__GB0, 
logic__254: myproject__GCB1, 
case__426: dense_wrapper_ap_fixed_16_6_5_3_0_ap_fixed_16_6_5_3_0_config9_s__GB0, 
case__122: myproject__GCB0, 
xil_defaultlib_obuf: myproject__GCB1, dense_array_ap_fixed_8u_array_ap_fixed_16_6_5_3_0_10u_config9_s__GC0, 
case__476: dense_wrapper_ap_fixed_16_6_5_3_0_ap_fixed_16_6_5_3_0_config9_s__GB1, 
reg__121: myproject__GCB0, 
logic__183: myproject__GCB0, 
logic__184: myproject__GCB0, 
datapath__128: myproject__GCB0, 
reg__220: myproject__GCB1, 
reg__19: myproject__GCB1, 
reg__305: dense_wrapper_ap_fixed_16_6_5_3_0_ap_fixed_16_6_5_3_0_config9_s__GB2, 
logic__638: myproject__GCB0, 
case__113: myproject__GCB0, 
case__366: dense_wrapper_ap_fixed_16_6_5_3_0_ap_fixed_16_6_5_3_0_config9_s__GB2, 
reg__433: myproject__GCB0, 
reg__280: dense_wrapper_ap_fixed_16_6_5_3_0_ap_fixed_16_6_5_3_0_config9_s__GB0, 
datapath__81: myproject__GCB0, 
reg__95: myproject__GCB0, 
case__23: myproject__GCB1, 
case__299: dense_wrapper_ap_fixed_16_6_5_3_0_ap_fixed_16_6_5_3_0_config9_s__GB0, 
reg__77: myproject__GCB0, 
reg__37: myproject__GCB1, 
case__529: dense_wrapper_ap_fixed_16_6_5_3_0_ap_fixed_16_6_5_3_0_config9_s__GB2, 
conv_2d_cl_array_ap_fixed_1u_array_ap_fixed_16_6_5_3_0_4u_config2_s_w2_V: myproject__GCB1, 
datapath__72: myproject__GCB0, 
reg__202: myproject__GCB1, 
reg__162: myproject__GCB1, 
reg__272: myproject__GCB0, 
case__196: myproject__GCB1, 
case__419: dense_wrapper_ap_fixed_16_6_5_3_0_ap_fixed_16_6_5_3_0_config9_s__GB0, 
case__92: myproject__GCB0, 
reg__142: myproject__GCB1, 
fifo_w16_d4_A: myproject__GCB0, 
case__130: myproject__GCB1, 
logic__666: myproject__GCB1, 
reg__412: myproject__GCB0, 
logic__225: myproject__GCB0, 
case__7: myproject__GCB1, dense_array_ap_fixed_8u_array_ap_fixed_16_6_5_3_0_10u_config9_s__GC0, 
logic__172: myproject__GCB0, 
case__47: myproject__GCB1, 
reg__315: dense_wrapper_ap_fixed_16_6_5_3_0_ap_fixed_16_6_5_3_0_config9_s__GB2, 
logic__574: myproject__GCB1, 
reg__224: myproject__GCB1, 
reg__158: myproject__GCB1, 
reg__435: myproject__GCB0, 
reg__428: myproject__GCB0, 
reg__264: myproject__GCB0, 
reg__221: myproject__GCB1, 
reg__150: myproject__GCB1, 
datapath__51: myproject__GCB0, 
logic__734: myproject__GCB1, 
case__579: myproject__GCB1, 
reg__20: myproject__GCB1, 
case__569: dense_array_ap_fixed_8u_array_ap_fixed_16_6_5_3_0_10u_config9_s__GC0, 
logic__653: myproject__GCB0, 
case__522: dense_wrapper_ap_fixed_16_6_5_3_0_ap_fixed_16_6_5_3_0_config9_s__GB0, 
logic__340: myproject__GCB1, 
case__173: myproject__GCB1, 
logic__56: myproject__GCB1, 
case__333: dense_wrapper_ap_fixed_16_6_5_3_0_ap_fixed_16_6_5_3_0_config9_s__GB2, 
case__412: dense_wrapper_ap_fixed_16_6_5_3_0_ap_fixed_16_6_5_3_0_config9_s__GB2, 
case__132: myproject__GCB1, 
logic__567: dense_array_ap_fixed_8u_array_ap_fixed_16_6_5_3_0_10u_config9_s__GC0, 
reg__30: myproject__GCB1, 
reg__3: myproject__GCB1, dense_array_ap_fixed_8u_array_ap_fixed_16_6_5_3_0_10u_config9_s__GC0, 
case__357: dense_wrapper_ap_fixed_16_6_5_3_0_ap_fixed_16_6_5_3_0_config9_s__GB1, 
logic: myproject__GCB1, dense_array_ap_fixed_8u_array_ap_fixed_16_6_5_3_0_10u_config9_s__GC0, 
reg__153: myproject__GCB1, 
case__583: myproject__GCB0, 
reg__190: myproject__GCB1, 
reg: myproject__GCB1, 
reg__369: dense_array_ap_fixed_8u_array_ap_fixed_16_6_5_3_0_10u_config9_s__GC0, 
reg__194: myproject__GCB1, 
logic__268: myproject__GCB1, 
reg__354: dense_wrapper_ap_fixed_16_6_5_3_0_ap_fixed_16_6_5_3_0_config9_s__GB2, 
logic__65: myproject__GCB1, 
reg__373: dense_array_ap_fixed_8u_array_ap_fixed_16_6_5_3_0_10u_config9_s__GC0, 
case__175: myproject__GCB1, 
logic__512: dense_wrapper_ap_fixed_16_6_5_3_0_ap_fixed_16_6_5_3_0_config9_s__GB0, 
datapath__10: myproject__GCB1, 
reg__374: dense_array_ap_fixed_8u_array_ap_fixed_16_6_5_3_0_10u_config9_s__GC0, 
reg__379: dense_array_ap_fixed_8u_array_ap_fixed_16_6_5_3_0_10u_config9_s__GC0, 
case__570: dense_array_ap_fixed_8u_array_ap_fixed_16_6_5_3_0_10u_config9_s__GC0, 
datapath__156: myproject__GCB1, 
conv_2d_cl_array_ap_fixed_1u_array_ap_fixed_16_6_5_3_0_4u_config2_s_line_buffbkb_core: myproject__GCB1, 
case__199: myproject__GCB1, 
case__103: myproject__GCB0, 
case__515: dense_wrapper_ap_fixed_16_6_5_3_0_ap_fixed_16_6_5_3_0_config9_s__GB0, 
logic__772: myproject__GCB0, 
logic__263: myproject__GCB1, 
case__405: dense_wrapper_ap_fixed_16_6_5_3_0_ap_fixed_16_6_5_3_0_config9_s__GB1, 
datapath__113: myproject__GCB0, 
dsrl__3: myproject__GCB0, 
reg__1: myproject__GCB1, dense_array_ap_fixed_8u_array_ap_fixed_16_6_5_3_0_10u_config9_s__GC0, 
case__350: dense_wrapper_ap_fixed_16_6_5_3_0_ap_fixed_16_6_5_3_0_config9_s__GB0, 
reg__383: dense_array_ap_fixed_8u_array_ap_fixed_16_6_5_3_0_10u_config9_s__GC0, 
logic__400: myproject__GCB0, 
counter: myproject__GCB1, 
case__17: myproject__GCB1, 
reg__22: myproject__GCB1, 
logic__258: myproject__GCB1, 
case__104: myproject__GCB0, 
signinv__8: myproject__GCB0, 
logic__332: myproject__GCB1, 
case__471: dense_wrapper_ap_fixed_16_6_5_3_0_ap_fixed_16_6_5_3_0_config9_s__GB0, 
reg__42: myproject__GCB1, 
reg__155: myproject__GCB1, 
logic__637: myproject__GCB0, 
datapath__31: myproject__GCB0, 
reg__434: myproject__GCB0, 
case__342: dense_wrapper_ap_fixed_16_6_5_3_0_ap_fixed_16_6_5_3_0_config9_s__GB2, 
case__30: myproject__GCB1, 
myproject_mul_mul_16s_11ns_26_1_1_DSP48_1: myproject__GCB1, 
pooling2d_cl_array_ap_fixed_4u_array_ap_fixed_16_6_5_3_0_4u_config4_s: myproject__GCB0, 
case__505: dense_wrapper_ap_fixed_16_6_5_3_0_ap_fixed_16_6_5_3_0_config9_s__GB2, 
case__167: myproject__GCB1, 
reg__448: myproject__GCB0, 
case__10: myproject__GCB1, 
reg__116: myproject__GCB0, 
datapath__26: myproject__GCB0, 
case__179: myproject__GCB1, 
addsub__8: myproject__GCB0, 
reg__36: myproject__GCB1, 
datapath__67: myproject__GCB0, 
case__302: dense_wrapper_ap_fixed_16_6_5_3_0_ap_fixed_16_6_5_3_0_config9_s__GB0, 
case__227: myproject__GCB0, 
case__283: dense_wrapper_ap_fixed_16_6_5_3_0_ap_fixed_16_6_5_3_0_config9_s__GB0, 
case__343: dense_wrapper_ap_fixed_16_6_5_3_0_ap_fixed_16_6_5_3_0_config9_s__GB0, 
case__395: dense_wrapper_ap_fixed_16_6_5_3_0_ap_fixed_16_6_5_3_0_config9_s__GB0, 
case__8: myproject__GCB1, dense_array_ap_fixed_8u_array_ap_fixed_16_6_5_3_0_10u_config9_s__GC0, 
case__45: myproject__GCB1, 
case__464: dense_wrapper_ap_fixed_16_6_5_3_0_ap_fixed_16_6_5_3_0_config9_s__GB0, 
datapath__15: myproject__GCB1, 
reg__156: myproject__GCB1, 
case__555: dense_wrapper_ap_fixed_16_6_5_3_0_ap_fixed_16_6_5_3_0_config9_s__GB2, 
reg__68: myproject__GCB0, 
case__596: myproject__GCB1, 
reg__319: dense_wrapper_ap_fixed_16_6_5_3_0_ap_fixed_16_6_5_3_0_config9_s__GB2, 
datapath: myproject__GCB1, 
reg__298: dense_wrapper_ap_fixed_16_6_5_3_0_ap_fixed_16_6_5_3_0_config9_s__GB0, 
logic__749: myproject__GCB0, 
reg__144: myproject__GCB1, 
case__498: dense_wrapper_ap_fixed_16_6_5_3_0_ap_fixed_16_6_5_3_0_config9_s__GB0, 
datapath__69: myproject__GCB0, 
case__329: dense_wrapper_ap_fixed_16_6_5_3_0_ap_fixed_16_6_5_3_0_config9_s__GB2, 
datapath__115: myproject__GCB0, 
case__564: dense_array_ap_fixed_8u_array_ap_fixed_16_6_5_3_0_10u_config9_s__GC0, 
myproject_mul_mul_16s_11ns_26_1_1: myproject__GCB1, 
reg__146: myproject__GCB1, 
reg__233: myproject__GCB1, 
reg__420: myproject__GCB0, 
reg__75: myproject__GCB0, 
case__246: myproject__GCB0, 
case__388: dense_wrapper_ap_fixed_16_6_5_3_0_ap_fixed_16_6_5_3_0_config9_s__GB2, 
reg__324: dense_wrapper_ap_fixed_16_6_5_3_0_ap_fixed_16_6_5_3_0_config9_s__GB0, 
reg__145: myproject__GCB1, 
reg__350: dense_wrapper_ap_fixed_16_6_5_3_0_ap_fixed_16_6_5_3_0_config9_s__GB2, 
reg__377: dense_array_ap_fixed_8u_array_ap_fixed_16_6_5_3_0_10u_config9_s__GC0, 
case__85: myproject__GCB0, 
reg__260: myproject__GCB0, 
logic__209: myproject__GCB0, 
case__457: dense_wrapper_ap_fixed_16_6_5_3_0_ap_fixed_16_6_5_3_0_config9_s__GB2, 
case__298: dense_wrapper_ap_fixed_16_6_5_3_0_ap_fixed_16_6_5_3_0_config9_s__GB0, 
fifo_w16_d36_A: myproject__GCB0, 
case__548: dense_wrapper_ap_fixed_16_6_5_3_0_ap_fixed_16_6_5_3_0_config9_s__GB1, 
dsp48e2: myproject__GCB1, dense_wrapper_ap_fixed_16_6_5_3_0_ap_fixed_16_6_5_3_0_config9_s__GB0, 
case__268: dense_wrapper_ap_fixed_16_6_5_3_0_ap_fixed_16_6_5_3_0_config9_s__GB0, 
datapath__129: myproject__GCB0, 
logic__58: myproject__GCB1, 
datapath__108: myproject__GCB0, 
case__180: myproject__GCB1, 
case__491: dense_wrapper_ap_fixed_16_6_5_3_0_ap_fixed_16_6_5_3_0_config9_s__GB0, 
reg__110: myproject__GCB0, 
reg__134: myproject__GCB1, 
logic__251: myproject__GCB1, 
logic__236: myproject__GCB1, 
datapath__44: myproject__GCB0, 
start_for_dense_array_ap_fixed_8u_array_ap_fixed_16_6_5_3_0_10u_config9_U0_shiftReg: myproject__GCB0, 
reg__12: myproject__GCB1, 
logic__339: myproject__GCB1, 
logic__764: myproject__GCB0, 
case__256: myproject__GCB0, 
datapath__146: dense_wrapper_ap_fixed_16_6_5_3_0_ap_fixed_16_6_5_3_0_config9_s__GB0, 
case__607: myproject__GCB0, 
reg__314: dense_wrapper_ap_fixed_16_6_5_3_0_ap_fixed_16_6_5_3_0_config9_s__GB0, 
logic__217: myproject__GCB0, 
reg__283: dense_wrapper_ap_fixed_16_6_5_3_0_ap_fixed_16_6_5_3_0_config9_s__GB0, 
case__381: dense_wrapper_ap_fixed_16_6_5_3_0_ap_fixed_16_6_5_3_0_config9_s__GB1, 
reg__390: dense_array_ap_fixed_8u_array_ap_fixed_16_6_5_3_0_10u_config9_s__GC0, 
logic__54: myproject__GCB1, 
case__222: myproject__GCB0, 
logic__437: myproject__GCB0, 
reg__48: myproject__GCB1, 
logic__360: myproject__GCB1, 
start_for_conv_2d_cl_array_ap_fixed_4u_array_ap_fixed_16_6_5_3_0_8u_config5_U0: myproject__GCB0, 
case__450: dense_wrapper_ap_fixed_16_6_5_3_0_ap_fixed_16_6_5_3_0_config9_s__GB0, 
reg__275: dense_wrapper_ap_fixed_16_6_5_3_0_ap_fixed_16_6_5_3_0_config9_s__GB0, 
logic__516: dense_wrapper_ap_fixed_16_6_5_3_0_ap_fixed_16_6_5_3_0_config9_s__GB0, 
case__244: myproject__GCB0, 
reg__342: dense_wrapper_ap_fixed_16_6_5_3_0_ap_fixed_16_6_5_3_0_config9_s__GB1, 
datapath__139: myproject__GCB0, 
case__544: dense_wrapper_ap_fixed_16_6_5_3_0_ap_fixed_16_6_5_3_0_config9_s__GB0, 
case__53: myproject__GCB0, 
myproject_mul_mul_16s_16s_26_1_1: myproject__GCB1, dense_wrapper_ap_fixed_16_6_5_3_0_ap_fixed_16_6_5_3_0_config9_s__GB0, 
myproject_mul_mul_16s_11s_26_1_1: dense_wrapper_ap_fixed_16_6_5_3_0_ap_fixed_16_6_5_3_0_config9_s__GB0, 
muxpart__1: myproject__GCB1, 
case__214: myproject__GCB0, 
case__434: dense_wrapper_ap_fixed_16_6_5_3_0_ap_fixed_16_6_5_3_0_config9_s__GB2, 
myproject_mul_mul_16s_10s_26_1_1: myproject__GCB1, 
case__484: dense_wrapper_ap_fixed_16_6_5_3_0_ap_fixed_16_6_5_3_0_config9_s__GB2, 
logic__214: myproject__GCB0, 
case__332: dense_wrapper_ap_fixed_16_6_5_3_0_ap_fixed_16_6_5_3_0_config9_s__GB2, 
case__12: myproject__GCB1, 
reg__414: myproject__GCB0, 
case__234: myproject__GCB0, 
logic__304: myproject__GCB1, 
datapath__127: myproject__GCB0, 
case__615: myproject__GCB1, 
logic__194: myproject__GCB0, 
extram: myproject__GCB1, 
reg__228: myproject__GCB1, 
muxpart__24: myproject__GCB1, 
logic__650: myproject__GCB0, 
case__374: dense_wrapper_ap_fixed_16_6_5_3_0_ap_fixed_16_6_5_3_0_config9_s__GB0, 
datapath__62: myproject__GCB0, 
muxpart__25: myproject__GCB1, 
case__340: dense_wrapper_ap_fixed_16_6_5_3_0_ap_fixed_16_6_5_3_0_config9_s__GB2, 
logic__551: dense_array_ap_fixed_8u_array_ap_fixed_16_6_5_3_0_10u_config9_s__GC0, 
reg__353: dense_wrapper_ap_fixed_16_6_5_3_0_ap_fixed_16_6_5_3_0_config9_s__GB2, 
logic__97: myproject__GCB1, 
case__443: dense_wrapper_ap_fixed_16_6_5_3_0_ap_fixed_16_6_5_3_0_config9_s__GB0, 
reg__196: myproject__GCB1, 
case__537: dense_wrapper_ap_fixed_16_6_5_3_0_ap_fixed_16_6_5_3_0_config9_s__GB0, 
reg__441: myproject__GCB0, 
case__118: myproject__GCB0, 
case__427: dense_wrapper_ap_fixed_16_6_5_3_0_ap_fixed_16_6_5_3_0_config9_s__GB1, 
muxpart__19: myproject__GCB0, 
case__477: dense_wrapper_ap_fixed_16_6_5_3_0_ap_fixed_16_6_5_3_0_config9_s__GB1, 
logic__621: myproject__GCB1, myproject__GCB0, 
case__16: myproject__GCB1, 
reg__362: dense_wrapper_ap_fixed_16_6_5_3_0_ap_fixed_16_6_5_3_0_config9_s__GB2, 
reg__387: dense_array_ap_fixed_8u_array_ap_fixed_16_6_5_3_0_10u_config9_s__GC0, 
case__63: myproject__GCB0, 
case__44: myproject__GCB1, 
logic__280: myproject__GCB1, 
logic__269: myproject__GCB1, 
case__254: myproject__GCB0, 
logic__193: myproject__GCB0, 
reg__93: myproject__GCB0, 
reg__438: myproject__GCB1, 
case__119: myproject__GCB0, 
reg__106: myproject__GCB0, 
reg__13: myproject__GCB1, 
reg__7: myproject__GCB1, 
muxpart__6: myproject__GCB1, 
case__367: dense_wrapper_ap_fixed_16_6_5_3_0_ap_fixed_16_6_5_3_0_config9_s__GB0, 
case__99: myproject__GCB0, 
case__233: myproject__GCB0, 
muxpart__21: dense_array_ap_fixed_8u_array_ap_fixed_16_6_5_3_0_10u_config9_s__GC0, 
case__170: myproject__GCB1, 
logic__264: myproject__GCB1, 
addsub__4: myproject__GCB1, 
logic__46: myproject__GCB1, 
case__203: myproject__GCB1, 
reg__85: myproject__GCB0, 
case__181: myproject__GCB1, 
logic__709: myproject__GCB0, 
reg__271: myproject__GCB0, 
case__530: dense_wrapper_ap_fixed_16_6_5_3_0_ap_fixed_16_6_5_3_0_config9_s__GB2, 
case__88: myproject__GCB0, 
reg__410: myproject__GCB1, 
logic__287: myproject__GCB1, 
case__588: myproject__GCB1, myproject__GCB0, 
logic__70: myproject__GCB1, 
case__420: dense_wrapper_ap_fixed_16_6_5_3_0_ap_fixed_16_6_5_3_0_config9_s__GB0, 
logic__674: myproject__GCB1, 
case__212: myproject__GCB0, 
reg__396: dense_array_ap_fixed_8u_array_ap_fixed_16_6_5_3_0_10u_config9_s__GC0, 
case__193: myproject__GCB1, 
datapath__82: myproject__GCB0, 
datapath__58: myproject__GCB0, 
case__224: myproject__GCB0, 
reg__185: myproject__GCB1, 
logic__259: myproject__GCB1, 
case__68: myproject__GCB0, 
case__301: dense_wrapper_ap_fixed_16_6_5_3_0_ap_fixed_16_6_5_3_0_config9_s__GB0, 
case__217: myproject__GCB0, 
case__29: myproject__GCB1, 
reg__186: myproject__GCB1, 
case__108: myproject__GCB0, 
case__64: myproject__GCB0, 
logic__96: myproject__GCB1, 
datapath__92: myproject__GCB1, 
case__89: myproject__GCB0, 
case__77: myproject__GCB0, 
reg__181: myproject__GCB1, 
logic__187: myproject__GCB0, 
case__153: myproject__GCB1, 
case__62: myproject__GCB0, 
datapath__27: myproject__GCB0, 
reg__318: dense_wrapper_ap_fixed_16_6_5_3_0_ap_fixed_16_6_5_3_0_config9_s__GB0, 
case__109: myproject__GCB0, 
case__523: dense_wrapper_ap_fixed_16_6_5_3_0_ap_fixed_16_6_5_3_0_config9_s__GB1, 
datapath__145: dense_wrapper_ap_fixed_16_6_5_3_0_ap_fixed_16_6_5_3_0_config9_s__GB0, 
case__328: dense_wrapper_ap_fixed_16_6_5_3_0_ap_fixed_16_6_5_3_0_config9_s__GB1, 
case__580: myproject__GCB1, 
case__413: dense_wrapper_ap_fixed_16_6_5_3_0_ap_fixed_16_6_5_3_0_config9_s__GB2, 
datapath__36: myproject__GCB0, 
reg__205: myproject__GCB1, 
logic__758: myproject__GCB0, 
logic__227: myproject__GCB0, 
datapath__52: myproject__GCB0, 
logic__624: myproject__GCB1, myproject__GCB0, 
muxpart__18: myproject__GCB0, 
case__67: myproject__GCB0, 
case__358: dense_wrapper_ap_fixed_16_6_5_3_0_ap_fixed_16_6_5_3_0_config9_s__GB1, 
case__230: myproject__GCB0, 
logic__326: myproject__GCB1, 
reg__375: dense_array_ap_fixed_8u_array_ap_fixed_16_6_5_3_0_10u_config9_s__GC0, 
reg__219: myproject__GCB1, 
logic__700: myproject__GCB0, 
reg__98: myproject__GCB0, 
datapath__20: myproject__GCB0, 
case__15: myproject__GCB1, 
reg__55: myproject__GCB1, 
case__306: dense_wrapper_ap_fixed_16_6_5_3_0_ap_fixed_16_6_5_3_0_config9_s__GB0, 
logic__364: myproject__GCB1, 
reg__56: myproject__GCB1, 
logic__722: myproject__GCB1, 
reg__429: myproject__GCB0, 
reg__349: dense_wrapper_ap_fixed_16_6_5_3_0_ap_fixed_16_6_5_3_0_config9_s__GB2, 
case__297: dense_wrapper_ap_fixed_16_6_5_3_0_ap_fixed_16_6_5_3_0_config9_s__GB0, 
case__135: myproject__GCB1, 
reg__440: myproject__GCB1, 
reg__61: myproject__GCB0, 
logic__333: myproject__GCB1, 
case__267: dense_wrapper_ap_fixed_16_6_5_3_0_ap_fixed_16_6_5_3_0_config9_s__GB0, 
addsub: myproject__GCB1, 
case__194: myproject__GCB1, 
case__154: myproject__GCB1, 
case__516: dense_wrapper_ap_fixed_16_6_5_3_0_ap_fixed_16_6_5_3_0_config9_s__GB0, 
reg__154: myproject__GCB1, 
reg__323: dense_wrapper_ap_fixed_16_6_5_3_0_ap_fixed_16_6_5_3_0_config9_s__GB2, 
logic__660: myproject__GCB1, 
case__406: dense_wrapper_ap_fixed_16_6_5_3_0_ap_fixed_16_6_5_3_0_config9_s__GB1, 
reg__73: myproject__GCB0, 
reg__402: dense_array_ap_fixed_8u_array_ap_fixed_16_6_5_3_0_10u_config9_s__GC0, 
case__151: myproject__GCB1, 
case__351: dense_wrapper_ap_fixed_16_6_5_3_0_ap_fixed_16_6_5_3_0_config9_s__GB0, 
reg__149: myproject__GCB1, 
reg__313: dense_wrapper_ap_fixed_16_6_5_3_0_ap_fixed_16_6_5_3_0_config9_s__GB2, 
reg__394: dense_array_ap_fixed_8u_array_ap_fixed_16_6_5_3_0_10u_config9_s__GC0, 
logic__765: myproject__GCB0, 
datapath__86: myproject__GCB1, 
reg__282: dense_wrapper_ap_fixed_16_6_5_3_0_ap_fixed_16_6_5_3_0_config9_s__GB0, 
logic__671: myproject__GCB1, 
reg__29: myproject__GCB1, 
logic__152: myproject__GCB1, 
datapath__124: myproject__GCB0, 
fifo_w16_d676_A: myproject__GCB1, 
case__472: dense_wrapper_ap_fixed_16_6_5_3_0_ap_fixed_16_6_5_3_0_config9_s__GB0, 
reg__173: myproject__GCB1, 
case__321: dense_wrapper_ap_fixed_16_6_5_3_0_ap_fixed_16_6_5_3_0_config9_s__GB1, 
dsp48e2__2: myproject__GCB1, 
dsp48e2__3: dense_wrapper_ap_fixed_16_6_5_3_0_ap_fixed_16_6_5_3_0_config9_s__GB0, 
case__506: dense_wrapper_ap_fixed_16_6_5_3_0_ap_fixed_16_6_5_3_0_config9_s__GB2, 
datapath__23: myproject__GCB0, 
case__207: myproject__GCB0, 
case__331: dense_wrapper_ap_fixed_16_6_5_3_0_ap_fixed_16_6_5_3_0_config9_s__GB2, 
datapath__2: myproject__GCB1, 
logic__510: dense_wrapper_ap_fixed_16_6_5_3_0_ap_fixed_16_6_5_3_0_config9_s__GB0, 
case__344: dense_wrapper_ap_fixed_16_6_5_3_0_ap_fixed_16_6_5_3_0_config9_s__GB0, 
case__228: myproject__GCB0, 
case__396: dense_wrapper_ap_fixed_16_6_5_3_0_ap_fixed_16_6_5_3_0_config9_s__GB0, 
logic__273: myproject__GCB1, 
reg__341: dense_wrapper_ap_fixed_16_6_5_3_0_ap_fixed_16_6_5_3_0_config9_s__GB2, 
datapath__77: myproject__GCB0, 
dense_wrapper_ap_fixed_16_6_5_3_0_ap_fixed_16_6_5_3_0_config9_s_w9_V_rom: dense_wrapper_ap_fixed_16_6_5_3_0_ap_fixed_16_6_5_3_0_config9_s__GB0, 
logic__589: myproject__GCB1, 
logic__239: myproject__GCB1, 
reg__424: myproject__GCB1, 
case__339: dense_wrapper_ap_fixed_16_6_5_3_0_ap_fixed_16_6_5_3_0_config9_s__GB2, 
reg__352: dense_wrapper_ap_fixed_16_6_5_3_0_ap_fixed_16_6_5_3_0_config9_s__GB2, 
case__465: dense_wrapper_ap_fixed_16_6_5_3_0_ap_fixed_16_6_5_3_0_config9_s__GB0, 
muxpart__5: myproject__GCB1, 
logic__568: myproject__GCB1, 
muxpart__22: myproject__GCB1, 
case__556: dense_wrapper_ap_fixed_16_6_5_3_0_ap_fixed_16_6_5_3_0_config9_s__GB2, 
reg__400: dense_array_ap_fixed_8u_array_ap_fixed_16_6_5_3_0_10u_config9_s__GC0, 
reg__91: myproject__GCB0, 
datapath__140: myproject__GCB0, 
reg__380: dense_array_ap_fixed_8u_array_ap_fixed_16_6_5_3_0_10u_config9_s__GC0, 
case__14: myproject__GCB1, 
logic__717: myproject__GCB0, 
case__499: dense_wrapper_ap_fixed_16_6_5_3_0_ap_fixed_16_6_5_3_0_config9_s__GB1, 
logic__75: myproject__GCB1, 
case__266: dense_wrapper_ap_fixed_16_6_5_3_0_ap_fixed_16_6_5_3_0_config9_s__GB0, 
reg__120: myproject__GCB0, 
case__563: dense_array_ap_fixed_8u_array_ap_fixed_16_6_5_3_0_10u_config9_s__GC0, 
datapath__163: myproject__GCB0, 
logic__240: myproject__GCB1, 
logic__455: myproject__GCB0, 
reg__266: myproject__GCB0, 
reg__361: dense_wrapper_ap_fixed_16_6_5_3_0_ap_fixed_16_6_5_3_0_config9_s__GB2, 
case__606: myproject__GCB0, 
case__389: dense_wrapper_ap_fixed_16_6_5_3_0_ap_fixed_16_6_5_3_0_config9_s__GB2, 
reg__216: myproject__GCB1, 
case__114: myproject__GCB0, 
datapath__47: myproject__GCB0, 
logic__454: myproject__GCB0, 
case__560: dense_array_ap_fixed_8u_array_ap_fixed_16_6_5_3_0_10u_config9_s__GC0, 
reg__9: myproject__GCB1, 
dsrl__2: myproject__GCB1, 
logic__443: myproject__GCB0, 
logic__614: myproject__GCB1, myproject__GCB0, 
case__458: dense_wrapper_ap_fixed_16_6_5_3_0_ap_fixed_16_6_5_3_0_config9_s__GB2, 
start_for_relu_array_ap_fixed_4u_array_ap_fixed_16_6_5_3_0_4u_relu_config3_U0_shiftReg: myproject__GCB1, 
case__272: dense_wrapper_ap_fixed_16_6_5_3_0_ap_fixed_16_6_5_3_0_config9_s__GB0, 
case__549: dense_wrapper_ap_fixed_16_6_5_3_0_ap_fixed_16_6_5_3_0_config9_s__GB1, 
logic__636: myproject__GCB0, 
case__52: myproject__GCB0, 
datapath__114: myproject__GCB0, 
case__492: dense_wrapper_ap_fixed_16_6_5_3_0_ap_fixed_16_6_5_3_0_config9_s__GB0, 
logic__565: dense_array_ap_fixed_8u_array_ap_fixed_16_6_5_3_0_10u_config9_s__GC0, 
datapath__73: myproject__GCB0, 
case__192: myproject__GCB1, 
reg__250: myproject__GCB0, 
logic__692: myproject__GCB0, 
reg__40: myproject__GCB1, 
logic__3: myproject__GCB1, dense_array_ap_fixed_8u_array_ap_fixed_16_6_5_3_0_10u_config9_s__GC0, 
case__123: myproject__GCB0, 
reg__204: myproject__GCB1, 
logic__285: myproject__GCB1, 
case__300: dense_wrapper_ap_fixed_16_6_5_3_0_ap_fixed_16_6_5_3_0_config9_s__GB0, 
reg__287: dense_wrapper_ap_fixed_16_6_5_3_0_ap_fixed_16_6_5_3_0_config9_s__GB0, 
case__382: dense_wrapper_ap_fixed_16_6_5_3_0_ap_fixed_16_6_5_3_0_config9_s__GB1, 
counter__3: myproject__GCB0, 
reg__278: dense_wrapper_ap_fixed_16_6_5_3_0_ap_fixed_16_6_5_3_0_config9_s__GB0, 
logic__474: myproject__GCB0, 
case__11: myproject__GCB1, 
case__604: myproject__GCB0, 
datapath__161: myproject__GCB1, 
reg__217: myproject__GCB1, 
reg__442: myproject__GCB0, 
case__205: myproject__GCB1, 
logic__595: myproject__GCB0, 
case__451: dense_wrapper_ap_fixed_16_6_5_3_0_ap_fixed_16_6_5_3_0_config9_s__GB1, 
reg__409: myproject__GCB1, 
case__26: myproject__GCB1, 
case__545: dense_wrapper_ap_fixed_16_6_5_3_0_ap_fixed_16_6_5_3_0_config9_s__GB0, 
case__124: myproject__GCB0, 
reg__317: dense_wrapper_ap_fixed_16_6_5_3_0_ap_fixed_16_6_5_3_0_config9_s__GB2, 
reg__248: myproject__GCB0, 
case__435: dense_wrapper_ap_fixed_16_6_5_3_0_ap_fixed_16_6_5_3_0_config9_s__GB2, 
case__327: dense_wrapper_ap_fixed_16_6_5_3_0_ap_fixed_16_6_5_3_0_config9_s__GB1, 
case__485: dense_wrapper_ap_fixed_16_6_5_3_0_ap_fixed_16_6_5_3_0_config9_s__GB2, 
logic__750: myproject__GCB0, 
reg__253: myproject__GCB0, 
reg__395: dense_array_ap_fixed_8u_array_ap_fixed_16_6_5_3_0_10u_config9_s__GC0, 
logic__682: myproject__GCB0, 
counter__6: myproject__GCB0, 
case__93: myproject__GCB0, 
logic__780: myproject__GCB0, 
case__375: dense_wrapper_ap_fixed_16_6_5_3_0_ap_fixed_16_6_5_3_0_config9_s__GB0, 
reg__348: dense_wrapper_ap_fixed_16_6_5_3_0_ap_fixed_16_6_5_3_0_config9_s__GB1, 
case__584: myproject__GCB0, 
logic__723: myproject__GCB1, 
dense_wrapper_ap_fixed_16_6_5_3_0_ap_fixed_16_6_5_3_0_config9_s__GB1: dense_wrapper_ap_fixed_16_6_5_3_0_ap_fixed_16_6_5_3_0_config9_s__GB1, 
dense_wrapper_ap_fixed_16_6_5_3_0_ap_fixed_16_6_5_3_0_config9_s__GB2: dense_wrapper_ap_fixed_16_6_5_3_0_ap_fixed_16_6_5_3_0_config9_s__GB2, 
case__444: dense_wrapper_ap_fixed_16_6_5_3_0_ap_fixed_16_6_5_3_0_config9_s__GB0, 
case__296: dense_wrapper_ap_fixed_16_6_5_3_0_ap_fixed_16_6_5_3_0_config9_s__GB0, 
case__538: dense_wrapper_ap_fixed_16_6_5_3_0_ap_fixed_16_6_5_3_0_config9_s__GB0, 
case__94: myproject__GCB0, 
case__171: myproject__GCB1, 
case__428: dense_wrapper_ap_fixed_16_6_5_3_0_ap_fixed_16_6_5_3_0_config9_s__GB1, 
case__478: dense_wrapper_ap_fixed_16_6_5_3_0_ap_fixed_16_6_5_3_0_config9_s__GB1, 
start_for_pooling2d_cl_array_ap_fixed_4u_array_ap_fixed_16_6_5_3_0_4u_config4Ffa: myproject__GCB0, 
reg__382: dense_array_ap_fixed_8u_array_ap_fixed_16_6_5_3_0_10u_config9_s__GC0, 
case__320: dense_wrapper_ap_fixed_16_6_5_3_0_ap_fixed_16_6_5_3_0_config9_s__GB1, 
case__210: myproject__GCB0, 
reg__312: dense_wrapper_ap_fixed_16_6_5_3_0_ap_fixed_16_6_5_3_0_config9_s__GB0, 
logic__230: myproject__GCB0, 
datapath__45: myproject__GCB0, 
reg__188: myproject__GCB1, 
case__368: dense_wrapper_ap_fixed_16_6_5_3_0_ap_fixed_16_6_5_3_0_config9_s__GB0, 
logic__766: myproject__GCB0, 
reg__189: myproject__GCB1, 
logic__296: myproject__GCB1, 
logic__541: dense_array_ap_fixed_8u_array_ap_fixed_16_6_5_3_0_10u_config9_s__GC0, 
logic__151: myproject__GCB1, 
reg__364: dense_wrapper_ap_fixed_16_6_5_3_0_ap_fixed_16_6_5_3_0_config9_s__GB2, 
datapath__109: myproject__GCB0, 
reg__277: dense_wrapper_ap_fixed_16_6_5_3_0_ap_fixed_16_6_5_3_0_config9_s__GB0, 
muxpart__8: myproject__GCB0, 
case__73: myproject__GCB0, 
case__437: dense_wrapper_ap_fixed_16_6_5_3_0_ap_fixed_16_6_5_3_0_config9_s__GB2, 
case__5: myproject__GCB1, dense_array_ap_fixed_8u_array_ap_fixed_16_6_5_3_0_10u_config9_s__GC0, 
logic__229: myproject__GCB0, 
case__531: dense_wrapper_ap_fixed_16_6_5_3_0_ap_fixed_16_6_5_3_0_config9_s__GB2, 
logic__191: myproject__GCB0, 
reg__339: dense_wrapper_ap_fixed_16_6_5_3_0_ap_fixed_16_6_5_3_0_config9_s__GB2, 
case__421: dense_wrapper_ap_fixed_16_6_5_3_0_ap_fixed_16_6_5_3_0_config9_s__GB0, 
case__330: dense_wrapper_ap_fixed_16_6_5_3_0_ap_fixed_16_6_5_3_0_config9_s__GB2, 
reg__115: myproject__GCB0, 
logic__35: myproject__GCB1, 
reg__102: myproject__GCB0, 
case__74: myproject__GCB0, 
datapath__155: myproject__GCB1, 
case__223: myproject__GCB0, 
case__585: myproject__GCB0, 
logic__69: myproject__GCB1, 
case__270: dense_wrapper_ap_fixed_16_6_5_3_0_ap_fixed_16_6_5_3_0_config9_s__GB0, 
datapath__90: myproject__GCB1, 
case__338: dense_wrapper_ap_fixed_16_6_5_3_0_ap_fixed_16_6_5_3_0_config9_s__GB2, 
logic__525: dense_wrapper_ap_fixed_16_6_5_3_0_ap_fixed_16_6_5_3_0_config9_s__GB0, 
reg__351: dense_wrapper_ap_fixed_16_6_5_3_0_ap_fixed_16_6_5_3_0_config9_s__GB2, 
logic__89: myproject__GCB1, 
reg__83: myproject__GCB0, 
case__261: dense_wrapper_ap_fixed_16_6_5_3_0_ap_fixed_16_6_5_3_0_config9_s__GB2, dense_wrapper_ap_fixed_16_6_5_3_0_ap_fixed_16_6_5_3_0_config9_s__GB1, dense_wrapper_ap_fixed_16_6_5_3_0_ap_fixed_16_6_5_3_0_config9_s__GB0, 
datapath__147: dense_wrapper_ap_fixed_16_6_5_3_0_ap_fixed_16_6_5_3_0_config9_s__GB0, 
datapath__68: myproject__GCB0, 
case__524: dense_wrapper_ap_fixed_16_6_5_3_0_ap_fixed_16_6_5_3_0_config9_s__GB1, 
case__258: myproject__GCB0, 
reg__124: myproject__GCB0, 
logic__6: myproject__GCB1, dense_array_ap_fixed_8u_array_ap_fixed_16_6_5_3_0_10u_config9_s__GC0, 
reg__44: myproject__GCB1, 
dense_wrapper_ap_fixed_16_6_5_3_0_ap_fixed_16_6_5_3_0_config9_s_w9_V: dense_wrapper_ap_fixed_16_6_5_3_0_ap_fixed_16_6_5_3_0_config9_s__GB0, 
case__414: dense_wrapper_ap_fixed_16_6_5_3_0_ap_fixed_16_6_5_3_0_config9_s__GB2, 
reg__285: dense_wrapper_ap_fixed_16_6_5_3_0_ap_fixed_16_6_5_3_0_config9_s__GB0, 
logic__755: myproject__GCB0, 
logic__369: myproject__GCB1, 
case__359: dense_wrapper_ap_fixed_16_6_5_3_0_ap_fixed_16_6_5_3_0_config9_s__GB1, 
logic__208: myproject__GCB0, 
reg__60: myproject__GCB0, 
reg__360: dense_wrapper_ap_fixed_16_6_5_3_0_ap_fixed_16_6_5_3_0_config9_s__GB2, 
reg__246: myproject__GCB0, 
logic__186: myproject__GCB0, 
logic__286: myproject__GCB1, 
datapath__121: myproject__GCB0, 
case__247: myproject__GCB0, 
case__574: myproject__GCB1, 
logic__198: myproject__GCB0, 
datapath__141: myproject__GCB0, 
reg__34: myproject__GCB1, 
case__9: myproject__GCB1, 
reg__82: myproject__GCB0, 
logic__7: myproject__GCB1, dense_array_ap_fixed_8u_array_ap_fixed_16_6_5_3_0_10u_config9_s__GC0, 
datapath__97: myproject__GCB1, 
case__271: dense_wrapper_ap_fixed_16_6_5_3_0_ap_fixed_16_6_5_3_0_config9_s__GB0, 
case__517: dense_wrapper_ap_fixed_16_6_5_3_0_ap_fixed_16_6_5_3_0_config9_s__GB0, 
logic__173: myproject__GCB0, 
datapath__130: myproject__GCB0, 
reg__45: myproject__GCB1, 
logic__397: myproject__GCB0, 
case__407: dense_wrapper_ap_fixed_16_6_5_3_0_ap_fixed_16_6_5_3_0_config9_s__GB1, 
logic__575: myproject__GCB1, 
signinv__2: myproject__GCB1, myproject__GCB0, 
datapath__37: myproject__GCB0, 
logic__127: myproject__GCB1, 
case__352: dense_wrapper_ap_fixed_16_6_5_3_0_ap_fixed_16_6_5_3_0_config9_s__GB0, 
reg__286: dense_wrapper_ap_fixed_16_6_5_3_0_ap_fixed_16_6_5_3_0_config9_s__GB0, 
logic__444: myproject__GCB0, 
reg__96: myproject__GCB0, 
reg__389: dense_array_ap_fixed_8u_array_ap_fixed_16_6_5_3_0_10u_config9_s__GC0, 
case__238: myproject__GCB0, 
logic__36: myproject__GCB1, 
reg__65: myproject__GCB0, 
datapath__5: myproject__GCB1, 
reg__52: myproject__GCB1, 
datapath__105: myproject__GCB1, 
logic__730: myproject__GCB1, 
case__507: dense_wrapper_ap_fixed_16_6_5_3_0_ap_fixed_16_6_5_3_0_config9_s__GB2, 
logic__615: myproject__GCB1, myproject__GCB0, 
reg__130: myproject__GCB1, 
case__510: dense_wrapper_ap_fixed_16_6_5_3_0_ap_fixed_16_6_5_3_0_config9_s__GB2, 
logic__90: myproject__GCB1, 
case__326: dense_wrapper_ap_fixed_16_6_5_3_0_ap_fixed_16_6_5_3_0_config9_s__GB1, 
reg__432: myproject__GCB0, 
datapath__63: myproject__GCB0, 
logic__315: myproject__GCB1, 
case__314: dense_wrapper_ap_fixed_16_6_5_3_0_ap_fixed_16_6_5_3_0_config9_s__GB0, 
case__400: dense_wrapper_ap_fixed_16_6_5_3_0_ap_fixed_16_6_5_3_0_config9_s__GB0, 
case__218: myproject__GCB0, 
reg__63: myproject__GCB0, 
case__619: myproject__GCB0, 
case__345: dense_wrapper_ap_fixed_16_6_5_3_0_ap_fixed_16_6_5_3_0_config9_s__GB0, 
reg__80: myproject__GCB0, 
datapath__118: myproject__GCB0, 
reg__192: myproject__GCB1, 
case__397: dense_wrapper_ap_fixed_16_6_5_3_0_ap_fixed_16_6_5_3_0_config9_s__GB0, 
datapath__39: myproject__GCB0, 
logic__404: myproject__GCB0, 
reg__227: myproject__GCB1, 
case__245: myproject__GCB0, 
case__160: myproject__GCB1, 
logic__738: myproject__GCB1, 
reg__347: dense_wrapper_ap_fixed_16_6_5_3_0_ap_fixed_16_6_5_3_0_config9_s__GB2, 
case__466: dense_wrapper_ap_fixed_16_6_5_3_0_ap_fixed_16_6_5_3_0_config9_s__GB0, 
reg__333: dense_wrapper_ap_fixed_16_6_5_3_0_ap_fixed_16_6_5_3_0_config9_s__GB2, 
logic__108: myproject__GCB1, 
reg__215: myproject__GCB1, 
reg__64: myproject__GCB0, 
case__557: dense_wrapper_ap_fixed_16_6_5_3_0_ap_fixed_16_6_5_3_0_config9_s__GB2, 
logic__724: myproject__GCB1, 
case__295: dense_wrapper_ap_fixed_16_6_5_3_0_ap_fixed_16_6_5_3_0_config9_s__GB0, 
conv_2d_cl_array_ap_fixed_1u_array_ap_fixed_16_6_5_3_0_4u_config2_s_line_buffbkb: myproject__GCB1, 
case__4: myproject__GCB1, dense_array_ap_fixed_8u_array_ap_fixed_16_6_5_3_0_10u_config9_s__GC0, 
case__129: myproject__GCB1, myproject__GCB0, dense_wrapper_ap_fixed_16_6_5_3_0_ap_fixed_16_6_5_3_0_config9_s__GB0, 
reg__135: myproject__GCB1, 
case__500: dense_wrapper_ap_fixed_16_6_5_3_0_ap_fixed_16_6_5_3_0_config9_s__GB1, 
reg__50: myproject__GCB1, 
reg__151: myproject__GCB1, 
case__3: myproject__GCB1, dense_array_ap_fixed_8u_array_ap_fixed_16_6_5_3_0_10u_config9_s__GC0, 
reg__265: myproject__GCB0, 
start_for_conv_2d_cl_array_ap_fixed_4u_array_ap_fixed_16_6_5_3_0_8u_config5_U0_shiftReg: myproject__GCB0, 
reg__386: dense_array_ap_fixed_8u_array_ap_fixed_16_6_5_3_0_10u_config9_s__GC0, 
logic__696: myproject__GCB0, 
logic__150: myproject__GCB1, 
datapath__165: myproject__GCB0, 
case__319: dense_wrapper_ap_fixed_16_6_5_3_0_ap_fixed_16_6_5_3_0_config9_s__GB1, 
logic__47: myproject__GCB1, 
logic__134: myproject__GCB1, 
case__390: dense_wrapper_ap_fixed_16_6_5_3_0_ap_fixed_16_6_5_3_0_config9_s__GB2, 
reg__311: dense_wrapper_ap_fixed_16_6_5_3_0_ap_fixed_16_6_5_3_0_config9_s__GB2, 
logic__553: dense_array_ap_fixed_8u_array_ap_fixed_16_6_5_3_0_10u_config9_s__GC0, 
case__22: myproject__GCB1, 
reg__105: myproject__GCB0, 
reg__54: myproject__GCB1, 
reg__10: myproject__GCB1, 
case__616: myproject__GCB0, 
reg__51: myproject__GCB1, 
logic__534: dense_array_ap_fixed_8u_array_ap_fixed_16_6_5_3_0_10u_config9_s__GC0, 
logic__616: myproject__GCB1, myproject__GCB0, 
reg__184: myproject__GCB1, 
case__459: dense_wrapper_ap_fixed_16_6_5_3_0_ap_fixed_16_6_5_3_0_config9_s__GB2, 
datapath__131: myproject__GCB0, 
logic__32: myproject__GCB1, 
case__341: dense_wrapper_ap_fixed_16_6_5_3_0_ap_fixed_16_6_5_3_0_config9_s__GB2, 
case__550: dense_wrapper_ap_fixed_16_6_5_3_0_ap_fixed_16_6_5_3_0_config9_s__GB1, 
reg__41: myproject__GCB1, 
reg__89: myproject__GCB0, 
datapath__158: myproject__GCB0, 
case__162: myproject__GCB1, 
reg__338: dense_wrapper_ap_fixed_16_6_5_3_0_ap_fixed_16_6_5_3_0_config9_s__GB1, 
datapath__32: myproject__GCB0, 
case__65: myproject__GCB0, 
case__493: dense_wrapper_ap_fixed_16_6_5_3_0_ap_fixed_16_6_5_3_0_config9_s__GB0, 
logic__449: myproject__GCB0, 
logic__192: myproject__GCB0, 
logic__659: myproject__GCB1, 
pooling2d_cl_array_ap_fixed_8u_array_ap_fixed_16_6_5_3_0_8u_config7_s_line_buxdS_core: myproject__GCB0, 
reg__58: myproject__GCB1, 
case__589: myproject__GCB1, myproject__GCB0, 
muxpart__16: myproject__GCB1, 
logic__413: myproject__GCB0, 
case__100: myproject__GCB0, 
reg__256: myproject__GCB0, 
reg__363: dense_wrapper_ap_fixed_16_6_5_3_0_ap_fixed_16_6_5_3_0_config9_s__GB2, 
case__265: dense_wrapper_ap_fixed_16_6_5_3_0_ap_fixed_16_6_5_3_0_config9_s__GB0, 
reg__261: myproject__GCB0, 
case__69: myproject__GCB0, 
case__383: dense_wrapper_ap_fixed_16_6_5_3_0_ap_fixed_16_6_5_3_0_config9_s__GB1, 
reg__171: myproject__GCB1, 
logic__284: myproject__GCB1, 
case__269: dense_wrapper_ap_fixed_16_6_5_3_0_ap_fixed_16_6_5_3_0_config9_s__GB0, 
logic__545: dense_array_ap_fixed_8u_array_ap_fixed_16_6_5_3_0_10u_config9_s__GC0, 
logic__552: dense_array_ap_fixed_8u_array_ap_fixed_16_6_5_3_0_10u_config9_s__GC0, 
case__337: dense_wrapper_ap_fixed_16_6_5_3_0_ap_fixed_16_6_5_3_0_config9_s__GB2, 
case__452: dense_wrapper_ap_fixed_16_6_5_3_0_ap_fixed_16_6_5_3_0_config9_s__GB1, 
datapath__9: myproject__GCB1, 
myproject_mux_164_16_1_1: myproject__GCB0, 
datapath__83: myproject__GCB0, 
case__56: myproject__GCB0, 
datapath__59: myproject__GCB0, 
reg__242: myproject__GCB0, 
logic__201: myproject__GCB0, 
case__436: dense_wrapper_ap_fixed_16_6_5_3_0_ap_fixed_16_6_5_3_0_config9_s__GB2, 
datapath__28: myproject__GCB0, 
datapath__21: myproject__GCB0, 
logic__355: myproject__GCB1, 
case__486: dense_wrapper_ap_fixed_16_6_5_3_0_ap_fixed_16_6_5_3_0_config9_s__GB2, 
reg__284: dense_wrapper_ap_fixed_16_6_5_3_0_ap_fixed_16_6_5_3_0_config9_s__GB0, 
logic__117: myproject__GCB1, 
logic__371: myproject__GCB1, 
reg__206: myproject__GCB1, 
reg__359: dense_wrapper_ap_fixed_16_6_5_3_0_ap_fixed_16_6_5_3_0_config9_s__GB2, 
case__581: myproject__GCB0, 
start_for_pooling2d_cl_array_ap_fixed_4u_array_ap_fixed_16_6_5_3_0_4u_config4Ffa_shiftReg: myproject__GCB0, 
reg__408: myproject__GCB1, 
case__376: dense_wrapper_ap_fixed_16_6_5_3_0_ap_fixed_16_6_5_3_0_config9_s__GB0, 
case__294: dense_wrapper_ap_fixed_16_6_5_3_0_ap_fixed_16_6_5_3_0_config9_s__GB0, 
logic__422: myproject__GCB0, 
reg__178: myproject__GCB1, 
datapath__89: myproject__GCB1, 
reg__368: dense_array_ap_fixed_8u_array_ap_fixed_16_6_5_3_0_10u_config9_s__GC0, 
reg__167: myproject__GCB1, 
relu_array_ap_fixed_8u_array_ap_fixed_16_6_5_3_0_8u_relu_config6_s: myproject__GCB0, 
reg__415: myproject__GCB1, myproject__GCB0, 
case__445: dense_wrapper_ap_fixed_16_6_5_3_0_ap_fixed_16_6_5_3_0_config9_s__GB0, 
case__620: myproject__GCB0, 
reg__238: myproject__GCB1, 
case__539: dense_wrapper_ap_fixed_16_6_5_3_0_ap_fixed_16_6_5_3_0_config9_s__GB0, 
datapath__53: myproject__GCB0, 
reg__259: myproject__GCB0, 
myproject_mul_mul_16s_11s_26_1_1_DSP48_3: dense_wrapper_ap_fixed_16_6_5_3_0_ap_fixed_16_6_5_3_0_config9_s__GB0, 
case__231: myproject__GCB0, 
case__429: dense_wrapper_ap_fixed_16_6_5_3_0_ap_fixed_16_6_5_3_0_config9_s__GB1, 
case__206: myproject__GCB0, 
dense_wrapper_ap_fixed_16_6_5_3_0_ap_fixed_16_6_5_3_0_config9_s__GB0: dense_wrapper_ap_fixed_16_6_5_3_0_ap_fixed_16_6_5_3_0_config9_s__GB0, 
reg__413: myproject__GCB0, 
reg__310: dense_wrapper_ap_fixed_16_6_5_3_0_ap_fixed_16_6_5_3_0_config9_s__GB0, 
case__479: dense_wrapper_ap_fixed_16_6_5_3_0_ap_fixed_16_6_5_3_0_config9_s__GB1, 
case__239: myproject__GCB0, 
datapath__84: myproject__GCB1, 
datapath__88: myproject__GCB1, 
regslice_both: myproject__GCB1, dense_array_ap_fixed_8u_array_ap_fixed_16_6_5_3_0_10u_config9_s__GC0, 
reg__401: dense_array_ap_fixed_8u_array_ap_fixed_16_6_5_3_0_10u_config9_s__GC0, 
reg__21: myproject__GCB1, 
logic__687: myproject__GCB0, 
case__78: myproject__GCB0, 
reg__393: dense_array_ap_fixed_8u_array_ap_fixed_16_6_5_3_0_10u_config9_s__GC0, 
case__28: myproject__GCB1, 
case__369: dense_wrapper_ap_fixed_16_6_5_3_0_ap_fixed_16_6_5_3_0_config9_s__GB0, 
reg__378: dense_array_ap_fixed_8u_array_ap_fixed_16_6_5_3_0_10u_config9_s__GC0, 
reg__247: myproject__GCB0, 
reg__376: dense_array_ap_fixed_8u_array_ap_fixed_16_6_5_3_0_10u_config9_s__GC0, 
datapath__87: myproject__GCB1, 
reg__404: myproject__GCB1, 
reg__78: myproject__GCB0, 
reg__421: myproject__GCB1, 
case__263: dense_wrapper_ap_fixed_16_6_5_3_0_ap_fixed_16_6_5_3_0_config9_s__GB0, 
reg__426: myproject__GCB0, 
reg__232: myproject__GCB1, 
case__438: dense_wrapper_ap_fixed_16_6_5_3_0_ap_fixed_16_6_5_3_0_config9_s__GB2, 
reg__268: myproject__GCB0, 
reg__340: dense_wrapper_ap_fixed_16_6_5_3_0_ap_fixed_16_6_5_3_0_config9_s__GB1, 
case__191: myproject__GCB1, 
case__532: dense_wrapper_ap_fixed_16_6_5_3_0_ap_fixed_16_6_5_3_0_config9_s__GB2, 
case__21: myproject__GCB1, 
case__79: myproject__GCB0, 
myproject__GCB1: myproject__GCB1, 
case__422: dense_wrapper_ap_fixed_16_6_5_3_0_ap_fixed_16_6_5_3_0_config9_s__GB0, 
datapath__78: myproject__GCB0, 
logic__617: myproject__GCB1, myproject__GCB0, 
reg__281: dense_wrapper_ap_fixed_16_6_5_3_0_ap_fixed_16_6_5_3_0_config9_s__GB0, 
case__325: dense_wrapper_ap_fixed_16_6_5_3_0_ap_fixed_16_6_5_3_0_config9_s__GB1, 
case__34: myproject__GCB1, 
logic__185: myproject__GCB0, 
logic__459: myproject__GCB0, 
datapath__64: myproject__GCB0, 
case__274: dense_wrapper_ap_fixed_16_6_5_3_0_ap_fixed_16_6_5_3_0_config9_s__GB0, 
reg__133: myproject__GCB1, 
reg__244: myproject__GCB0, 
datapath__40: myproject__GCB0, 
case__597: myproject__GCB1, 
reg__346: dense_wrapper_ap_fixed_16_6_5_3_0_ap_fixed_16_6_5_3_0_config9_s__GB1, 
case__55: myproject__GCB0, 
logic__145: myproject__GCB1, 
logic__375: myproject__GCB1, 
reg__249: myproject__GCB0, 
reg__399: dense_array_ap_fixed_8u_array_ap_fixed_16_6_5_3_0_10u_config9_s__GC0, 
case__605: myproject__GCB0, 
reg__172: myproject__GCB1, 
reg__274: myproject__GCB0, 
reg__16: myproject__GCB1, 
reg__132: myproject__GCB1, 
logic__213: myproject__GCB0, 
case__525: dense_wrapper_ap_fixed_16_6_5_3_0_ap_fixed_16_6_5_3_0_config9_s__GB1, 
reg__43: myproject__GCB1, 
logic__135: myproject__GCB1, 
dsrl__6: myproject__GCB0, 
reg__289: dense_wrapper_ap_fixed_16_6_5_3_0_ap_fixed_16_6_5_3_0_config9_s__GB0, 
case__415: dense_wrapper_ap_fixed_16_6_5_3_0_ap_fixed_16_6_5_3_0_config9_s__GB0, 
datapath__48: myproject__GCB0, 
reg__119: myproject__GCB0, 
reg__46: myproject__GCB1, 
case__169: myproject__GCB1, 
case: myproject__GCB1, 
case__360: dense_wrapper_ap_fixed_16_6_5_3_0_ap_fixed_16_6_5_3_0_config9_s__GB1, 
case__186: myproject__GCB1, 
muxpart__20: myproject__GCB0, 
reg__87: myproject__GCB0, 
case__187: myproject__GCB1, 
case__276: dense_wrapper_ap_fixed_16_6_5_3_0_ap_fixed_16_6_5_3_0_config9_s__GB0, 
reg__431: myproject__GCB0, 
reg__31: myproject__GCB1, 
reg__131: myproject__GCB1, 
case__318: dense_wrapper_ap_fixed_16_6_5_3_0_ap_fixed_16_6_5_3_0_config9_s__GB1, 
reg__109: myproject__GCB0, 
muxpart__10: myproject__GCB0, 
logic__431: myproject__GCB0, 
reg__444: myproject__GCB0, 
logic__583: myproject__GCB1, 
datapath__85: myproject__GCB1, 
reg__211: myproject__GCB1, 
logic__566: dense_array_ap_fixed_8u_array_ap_fixed_16_6_5_3_0_10u_config9_s__GC0, 
conv_2d_cl_array_ap_fixed_1u_array_ap_fixed_16_6_5_3_0_4u_config2_s_w2_V_rom: myproject__GCB1, 
logic__311: myproject__GCB1, 
case__136: myproject__GCB1, 
case__249: myproject__GCB0, 
reg__291: dense_wrapper_ap_fixed_16_6_5_3_0_ap_fixed_16_6_5_3_0_config9_s__GB0, 
datapath__157: myproject__GCB1, 
reg__337: dense_wrapper_ap_fixed_16_6_5_3_0_ap_fixed_16_6_5_3_0_config9_s__GB2, 
case__518: dense_wrapper_ap_fixed_16_6_5_3_0_ap_fixed_16_6_5_3_0_config9_s__GB0, 
logic__602: myproject__GCB0, 
reg__140: myproject__GCB1, 
case__408: dense_wrapper_ap_fixed_16_6_5_3_0_ap_fixed_16_6_5_3_0_config9_s__GB1, 
case__40: myproject__GCB1, 
logic__686: myproject__GCB0, 
reg__18: myproject__GCB1, 
case__115: myproject__GCB0, 
reg__445: myproject__GCB0, 
case__353: dense_wrapper_ap_fixed_16_6_5_3_0_ap_fixed_16_6_5_3_0_config9_s__GB0, 
logic__564: dense_array_ap_fixed_8u_array_ap_fixed_16_6_5_3_0_10u_config9_s__GC0, 
case__571: dense_array_ap_fixed_8u_array_ap_fixed_16_6_5_3_0_10u_config9_s__GC0, 
signinv__9: myproject__GCB0, 
datapath__132: myproject__GCB0, 
logic__628: myproject__GCB1, myproject__GCB0, 
pla__1: dense_wrapper_ap_fixed_16_6_5_3_0_ap_fixed_16_6_5_3_0_config9_s__GB0, 
reg__2: myproject__GCB1, dense_array_ap_fixed_8u_array_ap_fixed_16_6_5_3_0_10u_config9_s__GC0, 
datapath__110: myproject__GCB0, 
logic__275: myproject__GCB1, 
case__336: dense_wrapper_ap_fixed_16_6_5_3_0_ap_fixed_16_6_5_3_0_config9_s__GB2, 
datapath__74: myproject__GCB0, 
dsrl__1: myproject__GCB0, 
reg__407: myproject__GCB1, 
case__508: dense_wrapper_ap_fixed_16_6_5_3_0_ap_fixed_16_6_5_3_0_config9_s__GB2, 
logic__88: myproject__GCB1, 
case__157: myproject__GCB1, 
addsub__9: myproject__GCB0, 
reg__32: myproject__GCB1, 
logic__606: myproject__GCB0, 
case__511: dense_wrapper_ap_fixed_16_6_5_3_0_ap_fixed_16_6_5_3_0_config9_s__GB0, 
logic__31: myproject__GCB1, dense_array_ap_fixed_8u_array_ap_fixed_16_6_5_3_0_10u_config9_s__GC0, 
logic__742: myproject__GCB0, 
case__401: dense_wrapper_ap_fixed_16_6_5_3_0_ap_fixed_16_6_5_3_0_config9_s__GB0, 
logic__680: myproject__GCB0, 
case__37: myproject__GCB1, 
logic__450: myproject__GCB0, 
case__346: dense_wrapper_ap_fixed_16_6_5_3_0_ap_fixed_16_6_5_3_0_config9_s__GB0, 
reg__358: dense_wrapper_ap_fixed_16_6_5_3_0_ap_fixed_16_6_5_3_0_config9_s__GB2, 
case__398: dense_wrapper_ap_fixed_16_6_5_3_0_ap_fixed_16_6_5_3_0_config9_s__GB0, 
logic__562: dense_array_ap_fixed_8u_array_ap_fixed_16_6_5_3_0_10u_config9_s__GC0, 
reg__128: myproject__GCB1, 
case__293: dense_wrapper_ap_fixed_16_6_5_3_0_ap_fixed_16_6_5_3_0_config9_s__GB0, 
case__289: dense_wrapper_ap_fixed_16_6_5_3_0_ap_fixed_16_6_5_3_0_config9_s__GB0, 
logic__770: myproject__GCB0, 
case__467: dense_wrapper_ap_fixed_16_6_5_3_0_ap_fixed_16_6_5_3_0_config9_s__GB0, 
case__617: myproject__GCB0, 
logic__557: dense_array_ap_fixed_8u_array_ap_fixed_16_6_5_3_0_10u_config9_s__GC0, 
case__558: dense_wrapper_ap_fixed_16_6_5_3_0_ap_fixed_16_6_5_3_0_config9_s__GB2, 
reg__49: myproject__GCB1, 
reg__240: myproject__GCB1, 
case__501: dense_wrapper_ap_fixed_16_6_5_3_0_ap_fixed_16_6_5_3_0_config9_s__GB1, 
case__27: myproject__GCB1, 
logic__17: myproject__GCB1, dense_array_ap_fixed_8u_array_ap_fixed_16_6_5_3_0_10u_config9_s__GC0, 
reg__309: dense_wrapper_ap_fixed_16_6_5_3_0_ap_fixed_16_6_5_3_0_config9_s__GB2, 
case__164: myproject__GCB1, 
reg__304: dense_wrapper_ap_fixed_16_6_5_3_0_ap_fixed_16_6_5_3_0_config9_s__GB0, 
logic__599: myproject__GCB0, 
reg__141: myproject__GCB1, 
reg__66: myproject__GCB0, 
reg__381: dense_array_ap_fixed_8u_array_ap_fixed_16_6_5_3_0_10u_config9_s__GC0, 
case__391: dense_wrapper_ap_fixed_16_6_5_3_0_ap_fixed_16_6_5_3_0_config9_s__GB0, 
reg__28: myproject__GCB1, 
reg__136: myproject__GCB1, 
datapath__148: dense_wrapper_ap_fixed_16_6_5_3_0_ap_fixed_16_6_5_3_0_config9_s__GB0, 
case__50: myproject__GCB1, 
myproject_mux_325_16_1_1: dense_wrapper_ap_fixed_16_6_5_3_0_ap_fixed_16_6_5_3_0_config9_s__GB2, dense_wrapper_ap_fixed_16_6_5_3_0_ap_fixed_16_6_5_3_0_config9_s__GB1, dense_wrapper_ap_fixed_16_6_5_3_0_ap_fixed_16_6_5_3_0_config9_s__GB0, 
reg__177: myproject__GCB1, 
case__460: dense_wrapper_ap_fixed_16_6_5_3_0_ap_fixed_16_6_5_3_0_config9_s__GB2, 
case__551: dense_wrapper_ap_fixed_16_6_5_3_0_ap_fixed_16_6_5_3_0_config9_s__GB1, 
reg__213: myproject__GCB1, 
datapath__95: myproject__GCB1, 
reg__243: myproject__GCB0, 
case__494: dense_wrapper_ap_fixed_16_6_5_3_0_ap_fixed_16_6_5_3_0_config9_s__GB0, 
case__145: myproject__GCB1, 
case__240: myproject__GCB0, 
datapath__12: myproject__GCB1, 
datapath__14: myproject__GCB1, 
reg__195: myproject__GCB1, 
datapath__7: myproject__GCB1, 
logic__331: myproject__GCB1, 
datapath__79: myproject__GCB0, 
reg__114: myproject__GCB0, 
case__168: myproject__GCB1, 
datapath__106: myproject__GCB0, 
reg__101: myproject__GCB0, 
case__105: myproject__GCB0, 
case__384: dense_wrapper_ap_fixed_16_6_5_3_0_ap_fixed_16_6_5_3_0_config9_s__GB1, 
case__226: myproject__GCB0, 
case__273: dense_wrapper_ap_fixed_16_6_5_3_0_ap_fixed_16_6_5_3_0_config9_s__GB0, 
datapath__149: dense_wrapper_ap_fixed_16_6_5_3_0_ap_fixed_16_6_5_3_0_config9_s__GB0, 
case__142: myproject__GCB1, 
case__189: myproject__GCB1, 
datapath__41: myproject__GCB0, 
case__190: myproject__GCB1, 
logic__72: myproject__GCB1, 
logic__8: myproject__GCB1, dense_array_ap_fixed_8u_array_ap_fixed_16_6_5_3_0_10u_config9_s__GC0, 
case__33: myproject__GCB1, 
case__453: dense_wrapper_ap_fixed_16_6_5_3_0_ap_fixed_16_6_5_3_0_config9_s__GB1, 
addsub__6: myproject__GCB0, 
reg__279: dense_wrapper_ap_fixed_16_6_5_3_0_ap_fixed_16_6_5_3_0_config9_s__GB0, 
logic__18: myproject__GCB1, dense_array_ap_fixed_8u_array_ap_fixed_16_6_5_3_0_10u_config9_s__GC0, 
case__139: myproject__GCB1, 
case__106: myproject__GCB0, 
case__487: dense_wrapper_ap_fixed_16_6_5_3_0_ap_fixed_16_6_5_3_0_config9_s__GB0, 
reg__123: myproject__GCB0, 
reg__288: dense_wrapper_ap_fixed_16_6_5_3_0_ap_fixed_16_6_5_3_0_config9_s__GB0, 
case__219: myproject__GCB0, 
logic__368: myproject__GCB1, 
case__110: myproject__GCB0, 
logic__64: myproject__GCB1, 
case__259: myproject__GCB0, 
reg__214: myproject__GCB1, 
datapath__49: myproject__GCB0, 
rom: myproject__GCB1, 
case__317: dense_wrapper_ap_fixed_16_6_5_3_0_ap_fixed_16_6_5_3_0_config9_s__GB1, 
logic__188: myproject__GCB0, 
case__377: dense_wrapper_ap_fixed_16_6_5_3_0_ap_fixed_16_6_5_3_0_config9_s__GB0, 
logic__91: myproject__GCB1, 
logic__354: myproject__GCB1, 
case__111: myproject__GCB0, 
logic__370: myproject__GCB1, 
datapath__142: myproject__GCB0, 
signinv__7: myproject__GCB1, 
case__446: dense_wrapper_ap_fixed_16_6_5_3_0_ap_fixed_16_6_5_3_0_config9_s__GB0, 
reg__254: myproject__GCB0, 
datapath__94: myproject__GCB1, 
case__540: dense_wrapper_ap_fixed_16_6_5_3_0_ap_fixed_16_6_5_3_0_config9_s__GB0, 
case__158: myproject__GCB1, 
case__66: myproject__GCB0, 
reg__336: dense_wrapper_ap_fixed_16_6_5_3_0_ap_fixed_16_6_5_3_0_config9_s__GB1, 
case__430: dense_wrapper_ap_fixed_16_6_5_3_0_ap_fixed_16_6_5_3_0_config9_s__GB1, 
logic__458: myproject__GCB0, 
case__57: myproject__GCB0, 
logic__30: myproject__GCB1, dense_array_ap_fixed_8u_array_ap_fixed_16_6_5_3_0_10u_config9_s__GC0, 
case__480: dense_wrapper_ap_fixed_16_6_5_3_0_ap_fixed_16_6_5_3_0_config9_s__GB1, 
logic__519: dense_wrapper_ap_fixed_16_6_5_3_0_ap_fixed_16_6_5_3_0_config9_s__GB0, 
dense_array_ap_fixed_8u_array_ap_fixed_16_6_5_3_0_10u_config9_s__GC0: dense_array_ap_fixed_8u_array_ap_fixed_16_6_5_3_0_10u_config9_s__GC0, 
case__590: myproject__GCB1, myproject__GCB0, 
case__248: myproject__GCB0, 
addsub__7: myproject__GCB1, 
reg__94: myproject__GCB0, 
datapath__123: myproject__GCB0, 
logic__695: myproject__GCB0, 
reg__129: myproject__GCB1, 
logic__307: myproject__GCB1, 
case__370: dense_wrapper_ap_fixed_16_6_5_3_0_ap_fixed_16_6_5_3_0_config9_s__GB0, 
muxpart__13: myproject__GCB1, 
muxpart__12: myproject__GCB1, 
logic__79: myproject__GCB1, 
reg__267: myproject__GCB0, 
case__335: dense_wrapper_ap_fixed_16_6_5_3_0_ap_fixed_16_6_5_3_0_config9_s__GB2, 
reg__137: myproject__GCB1, 
case__439: dense_wrapper_ap_fixed_16_6_5_3_0_ap_fixed_16_6_5_3_0_config9_s__GB0, 
case__533: dense_wrapper_ap_fixed_16_6_5_3_0_ap_fixed_16_6_5_3_0_config9_s__GB2, 
datapath__8: myproject__GCB1, 
datapath__38: myproject__GCB0, 
logic__728: myproject__GCB1, 
case__280: dense_wrapper_ap_fixed_16_6_5_3_0_ap_fixed_16_6_5_3_0_config9_s__GB0, 
case__423: dense_wrapper_ap_fixed_16_6_5_3_0_ap_fixed_16_6_5_3_0_config9_s__GB0, 
datapath__18: myproject__GCB1, 
case__473: dense_wrapper_ap_fixed_16_6_5_3_0_ap_fixed_16_6_5_3_0_config9_s__GB0, 
logic__410: myproject__GCB0, 
datapath__60: myproject__GCB0, 
case__58: myproject__GCB0, 
reg__332: dense_wrapper_ap_fixed_16_6_5_3_0_ap_fixed_16_6_5_3_0_config9_s__GB0, 
case__257: myproject__GCB0, 
reg__17: myproject__GCB1, 
reg__357: dense_wrapper_ap_fixed_16_6_5_3_0_ap_fixed_16_6_5_3_0_config9_s__GB2, 
datapath__134: myproject__GCB0, 
case__148: myproject__GCB1, 
reg__23: myproject__GCB1, 
logic__679: myproject__GCB0, 
case__18: myproject__GCB1, 
reg__295: dense_wrapper_ap_fixed_16_6_5_3_0_ap_fixed_16_6_5_3_0_config9_s__GB0, 
logic__9: myproject__GCB1, dense_array_ap_fixed_8u_array_ap_fixed_16_6_5_3_0_10u_config9_s__GC0, 
reg__168: myproject__GCB1, 
case__288: dense_wrapper_ap_fixed_16_6_5_3_0_ap_fixed_16_6_5_3_0_config9_s__GB0, 
reg__388: dense_array_ap_fixed_8u_array_ap_fixed_16_6_5_3_0_10u_config9_s__GC0, 
signinv__6: myproject__GCB0, 
reg__273: myproject__GCB0, 
reg__76: myproject__GCB0, 
logic__196: myproject__GCB0, 
case__36: myproject__GCB1, 
logic__779: myproject__GCB0, 
logic__561: dense_array_ap_fixed_8u_array_ap_fixed_16_6_5_3_0_10u_config9_s__GC0, 
case__526: dense_wrapper_ap_fixed_16_6_5_3_0_ap_fixed_16_6_5_3_0_config9_s__GB1, 
case__416: dense_wrapper_ap_fixed_16_6_5_3_0_ap_fixed_16_6_5_3_0_config9_s__GB0, 
reg__255: myproject__GCB0, 
reg__303: dense_wrapper_ap_fixed_16_6_5_3_0_ap_fixed_16_6_5_3_0_config9_s__GB2, 
logic__675: myproject__GCB1, 
start_for_pooling2d_cl_array_ap_fixed_8u_array_ap_fixed_16_6_5_3_0_8u_config7Gfk_shiftReg: myproject__GCB0, 
case__361: dense_wrapper_ap_fixed_16_6_5_3_0_ap_fixed_16_6_5_3_0_config9_s__GB2, 
reg__385: dense_array_ap_fixed_8u_array_ap_fixed_16_6_5_3_0_10u_config9_s__GC0, 
logic__529: dense_array_ap_fixed_8u_array_ap_fixed_16_6_5_3_0_10u_config9_s__GC0, 
conv_2d_cl_array_ap_fixed_4u_array_ap_fixed_16_6_5_3_0_8u_config5_s_line_buffpcA: myproject__GCB1, 
logic__216: myproject__GCB0, 
logic__569: myproject__GCB1, 
reg__24: myproject__GCB1, 
reg__104: myproject__GCB0, 
datapath__33: myproject__GCB0, 
reg__138: myproject__GCB1, 
muxpart: myproject__GCB1, 
reg__152: myproject__GCB1, 
reg__8: myproject__GCB1, 
logic__297: myproject__GCB1, 
logic__141: myproject__GCB1, 
muxpart__2: myproject__GCB1, 
reg__223: myproject__GCB1, 
reg__170: myproject__GCB1, 
case__519: dense_wrapper_ap_fixed_16_6_5_3_0_ap_fixed_16_6_5_3_0_config9_s__GB0, 
logic__593: myproject__GCB0, 
muxpart__7: myproject__GCB0, 
fifo_w16_d16_A_shiftReg: myproject__GCB1, myproject__GCB0, 
reg__416: myproject__GCB1, myproject__GCB0, 
reg__118: myproject__GCB0, 
case__409: dense_wrapper_ap_fixed_16_6_5_3_0_ap_fixed_16_6_5_3_0_config9_s__GB2, 
reg__423: myproject__GCB1, 
logic__131: myproject__GCB1, 
case__354: dense_wrapper_ap_fixed_16_6_5_3_0_ap_fixed_16_6_5_3_0_config9_s__GB0, 
case__120: myproject__GCB0, 
logic__343: myproject__GCB1, 
datapath__159: myproject__GCB1, myproject__GCB0, 
counter__7: myproject__GCB0, 
logic__314: myproject__GCB1, 
reg__148: myproject__GCB1, 
reg__99: myproject__GCB0, 
case__112: myproject__GCB0, 
logic__392: myproject__GCB0, 
reg__125: myproject__GCB1, 
case__83: myproject__GCB0, 
logic__359: myproject__GCB1, 
logic__584: myproject__GCB1, 
reg__446: myproject__GCB0, 
reg__183: myproject__GCB1, 
case__121: myproject__GCB0, 
case__509: dense_wrapper_ap_fixed_16_6_5_3_0_ap_fixed_16_6_5_3_0_config9_s__GB2, 
case__125: myproject__GCB0, 
case__512: dense_wrapper_ap_fixed_16_6_5_3_0_ap_fixed_16_6_5_3_0_config9_s__GB0, 
case__264: dense_wrapper_ap_fixed_16_6_5_3_0_ap_fixed_16_6_5_3_0_config9_s__GB0, 
case__402: dense_wrapper_ap_fixed_16_6_5_3_0_ap_fixed_16_6_5_3_0_config9_s__GB0, 
datapath__153: dense_wrapper_ap_fixed_16_6_5_3_0_ap_fixed_16_6_5_3_0_config9_s__GB0, 
case__70: myproject__GCB0, 
addsub__1: myproject__GCB0, 
logic__475: myproject__GCB0, 
case__236: myproject__GCB0, 
datapath__1: myproject__GCB1, 
logic__751: myproject__GCB0, 
case__347: dense_wrapper_ap_fixed_16_6_5_3_0_ap_fixed_16_6_5_3_0_config9_s__GB0, 
case__32: myproject__GCB1, 
datapath__42: myproject__GCB0, 
case__90: myproject__GCB0, 
case__399: dense_wrapper_ap_fixed_16_6_5_3_0_ap_fixed_16_6_5_3_0_config9_s__GB0, 
case__316: dense_wrapper_ap_fixed_16_6_5_3_0_ap_fixed_16_6_5_3_0_config9_s__GB1, 
case__215: myproject__GCB0, 
logic__294: myproject__GCB1, 
case__126: myproject__GCB0, 
logic__71: myproject__GCB1, 
reg__6: myproject__GCB1, 
case__468: dense_wrapper_ap_fixed_16_6_5_3_0_ap_fixed_16_6_5_3_0_config9_s__GB0, 
datapath__29: myproject__GCB0, 
myproject__GCB0: myproject__GCB0, 
reg__276: dense_wrapper_ap_fixed_16_6_5_3_0_ap_fixed_16_6_5_3_0_config9_s__GB0, 
case__204: myproject__GCB1, 
reg__418: myproject__GCB0, 
case__19: myproject__GCB1, 
case__208: myproject__GCB0, 
counter__4: myproject__GCB0, 
case__91: myproject__GCB0, 
logic__759: myproject__GCB0, 
case__502: dense_wrapper_ap_fixed_16_6_5_3_0_ap_fixed_16_6_5_3_0_config9_s__GB1, 
case__185: myproject__GCB1, 
case__229: myproject__GCB0, 
reg__335: dense_wrapper_ap_fixed_16_6_5_3_0_ap_fixed_16_6_5_3_0_config9_s__GB2, 
case__95: myproject__GCB0, 
datapath__54: myproject__GCB0, 
logic__291: myproject__GCB1, 
datapath__151: dense_wrapper_ap_fixed_16_6_5_3_0_ap_fixed_16_6_5_3_0_config9_s__GB0, 
logic__538: dense_array_ap_fixed_8u_array_ap_fixed_16_6_5_3_0_10u_config9_s__GC0, 
reg__241: myproject__GCB0, 
reg__212: myproject__GCB1, 
datapath__143: dense_wrapper_ap_fixed_16_6_5_3_0_ap_fixed_16_6_5_3_0_config9_s__GB0, 
logic__419: myproject__GCB0, 
case__602: myproject__GCB0, 
reg__443: myproject__GCB0, 
reg__239: myproject__GCB1, 
case__392: dense_wrapper_ap_fixed_16_6_5_3_0_ap_fixed_16_6_5_3_0_config9_s__GB0, 
reg__392: dense_array_ap_fixed_8u_array_ap_fixed_16_6_5_3_0_10u_config9_s__GC0, 
logic__300: myproject__GCB1, 
case__96: myproject__GCB0, 
logic__403: myproject__GCB0, 
pooling2d_cl_array_ap_fixed_4u_array_ap_fixed_16_6_5_3_0_4u_config4_s_line_budEe_core: myproject__GCB0, 
reg__38: myproject__GCB1, 
logic__537: dense_array_ap_fixed_8u_array_ap_fixed_16_6_5_3_0_10u_config9_s__GC0, 
case__131: myproject__GCB1, 
case__461: dense_wrapper_ap_fixed_16_6_5_3_0_ap_fixed_16_6_5_3_0_config9_s__GB2, 
reg__147: myproject__GCB1, 
case__552: dense_wrapper_ap_fixed_16_6_5_3_0_ap_fixed_16_6_5_3_0_config9_s__GB1, 
reg__33: myproject__GCB1, 
logic__144: myproject__GCB1, 
case__39: myproject__GCB1, 
datapath__104: myproject__GCB1, 
case__156: myproject__GCB1, 
case__278: dense_wrapper_ap_fixed_16_6_5_3_0_ap_fixed_16_6_5_3_0_config9_s__GB0, 
case__495: dense_wrapper_ap_fixed_16_6_5_3_0_ap_fixed_16_6_5_3_0_config9_s__GB0, 
case__166: myproject__GCB1, 
datapath__75: myproject__GCB0, 
start_for_dense_array_ap_fixed_8u_array_ap_fixed_16_6_5_3_0_10u_config9_U0: myproject__GCB0, 
reg__365: dense_array_ap_fixed_8u_array_ap_fixed_16_6_5_3_0_10u_config9_s__GC0, 
conv_2d_cl_array_ap_fixed_4u_array_ap_fixed_16_6_5_3_0_8u_config5_s_w5_V: myproject__GCB1, 
case__313: dense_wrapper_ap_fixed_16_6_5_3_0_ap_fixed_16_6_5_3_0_config9_s__GB0, 
case__6: myproject__GCB1, dense_array_ap_fixed_8u_array_ap_fixed_16_6_5_3_0_10u_config9_s__GC0, 
