

================================================================
== Vivado HLS Report for 'softmax_array_array_ap_fixed_16_6_5_3_0_12u_softmax_config7_s'
================================================================
* Date:           Thu Nov  9 20:59:27 2023

* Version:        2020.1 (Build 2897737 on Wed May 27 20:21:37 MDT 2020)
* Project:        myproject_prj
* Solution:       solution1
* Product family: virtexuplus
* Target device:  xcu280-fsvh2892-2L-e


================================================================
== Performance Estimates
================================================================
+ Timing: 
    * Summary: 
    +--------+----------+----------+------------+
    |  Clock |  Target  | Estimated| Uncertainty|
    +--------+----------+----------+------------+
    |ap_clk  | 10.00 ns | 7.883 ns |   1.25 ns  |
    +--------+----------+----------+------------+

+ Latency: 
    * Summary: 
    +---------+---------+-----------+-----------+-----+-----+---------+
    |  Latency (cycles) |   Latency (absolute)  |  Interval | Pipeline|
    |   min   |   max   |    min    |    max    | min | max |   Type  |
    +---------+---------+-----------+-----------+-----+-----+---------+
    |        9|        9| 90.000 ns | 90.000 ns |    9|    9|   none  |
    +---------+---------+-----------+-----------+-----+-----+---------+

    + Detail: 
        * Instance: 
        N/A

        * Loop: 
        N/A

============================================================
+ Verbose Summary: Synthesis Manager
============================================================
InlineROM: 1
ExposeGlobal: 0
============================================================
+ Verbose Summary: CDFG Model
============================================================
IsTopModel: 0
ResetActiveHigh: 1
IsCombinational: 2
IsDatapathOnly: 0
HasWiredReturn: 1
HasMFsm: 0
HasVarLatency: 1
IsPipeline: 0
IsRtlPipelined: 0
IsInstanceOverlapped: 0
IsDontTouch: 0
HasImplIP: 0
IsGatedGlobalClock: 0


============================================================
+ Verbose Summary: Schedule
============================================================
* Number of FSM states : 10
* Pipeline : 0
* Dataflow Pipeline: 0

* FSM state transitions: 
1 --> 2 
2 --> 3 
3 --> 4 
4 --> 5 
5 --> 6 
6 --> 7 
7 --> 8 
8 --> 9 
9 --> 10 
10 --> 

* FSM state operations: 

State 1 <SV = 0> <Delay = 0.00>
ST_1 : Operation 11 [9/9] (0.00ns)   --->   "call fastcc void @"softmax_stable<array,array<ap_fixed<16,6,5,3,0>,12u>,softmax_config7>"(i16* %data_V_data_0_V, i16* %data_V_data_1_V, i16* %data_V_data_2_V, i16* %data_V_data_3_V, i16* %data_V_data_4_V, i16* %data_V_data_5_V, i16* %data_V_data_6_V, i16* %data_V_data_7_V, i16* %data_V_data_8_V, i16* %data_V_data_9_V, i16* %data_V_data_10_V, i16* %data_V_data_11_V, i16* %res_V_data_0_V, i16* %res_V_data_1_V, i16* %res_V_data_2_V, i16* %res_V_data_3_V, i16* %res_V_data_4_V, i16* %res_V_data_5_V, i16* %res_V_data_6_V, i16* %res_V_data_7_V, i16* %res_V_data_8_V, i16* %res_V_data_9_V, i16* %res_V_data_10_V, i16* %res_V_data_11_V)" [firmware/nnet_utils/nnet_activation_stream.h:362]   --->   Operation 11 'call' <Predicate = true> <Delay = 0.00> <CoreType = "Generic">   --->   Core 0 '' <Latency = 0> <II = 1> <Delay = 1.00> <Generic> <Opcode : >

State 2 <SV = 1> <Delay = 7.88>
ST_2 : Operation 12 [8/9] (7.88ns)   --->   "call fastcc void @"softmax_stable<array,array<ap_fixed<16,6,5,3,0>,12u>,softmax_config7>"(i16* %data_V_data_0_V, i16* %data_V_data_1_V, i16* %data_V_data_2_V, i16* %data_V_data_3_V, i16* %data_V_data_4_V, i16* %data_V_data_5_V, i16* %data_V_data_6_V, i16* %data_V_data_7_V, i16* %data_V_data_8_V, i16* %data_V_data_9_V, i16* %data_V_data_10_V, i16* %data_V_data_11_V, i16* %res_V_data_0_V, i16* %res_V_data_1_V, i16* %res_V_data_2_V, i16* %res_V_data_3_V, i16* %res_V_data_4_V, i16* %res_V_data_5_V, i16* %res_V_data_6_V, i16* %res_V_data_7_V, i16* %res_V_data_8_V, i16* %res_V_data_9_V, i16* %res_V_data_10_V, i16* %res_V_data_11_V)" [firmware/nnet_utils/nnet_activation_stream.h:362]   --->   Operation 12 'call' <Predicate = true> <Delay = 7.88> <CoreType = "Generic">   --->   Core 0 '' <Latency = 0> <II = 1> <Delay = 1.00> <Generic> <Opcode : >

State 3 <SV = 2> <Delay = 7.88>
ST_3 : Operation 13 [7/9] (7.88ns)   --->   "call fastcc void @"softmax_stable<array,array<ap_fixed<16,6,5,3,0>,12u>,softmax_config7>"(i16* %data_V_data_0_V, i16* %data_V_data_1_V, i16* %data_V_data_2_V, i16* %data_V_data_3_V, i16* %data_V_data_4_V, i16* %data_V_data_5_V, i16* %data_V_data_6_V, i16* %data_V_data_7_V, i16* %data_V_data_8_V, i16* %data_V_data_9_V, i16* %data_V_data_10_V, i16* %data_V_data_11_V, i16* %res_V_data_0_V, i16* %res_V_data_1_V, i16* %res_V_data_2_V, i16* %res_V_data_3_V, i16* %res_V_data_4_V, i16* %res_V_data_5_V, i16* %res_V_data_6_V, i16* %res_V_data_7_V, i16* %res_V_data_8_V, i16* %res_V_data_9_V, i16* %res_V_data_10_V, i16* %res_V_data_11_V)" [firmware/nnet_utils/nnet_activation_stream.h:362]   --->   Operation 13 'call' <Predicate = true> <Delay = 7.88> <CoreType = "Generic">   --->   Core 0 '' <Latency = 0> <II = 1> <Delay = 1.00> <Generic> <Opcode : >

State 4 <SV = 3> <Delay = 7.88>
ST_4 : Operation 14 [6/9] (7.88ns)   --->   "call fastcc void @"softmax_stable<array,array<ap_fixed<16,6,5,3,0>,12u>,softmax_config7>"(i16* %data_V_data_0_V, i16* %data_V_data_1_V, i16* %data_V_data_2_V, i16* %data_V_data_3_V, i16* %data_V_data_4_V, i16* %data_V_data_5_V, i16* %data_V_data_6_V, i16* %data_V_data_7_V, i16* %data_V_data_8_V, i16* %data_V_data_9_V, i16* %data_V_data_10_V, i16* %data_V_data_11_V, i16* %res_V_data_0_V, i16* %res_V_data_1_V, i16* %res_V_data_2_V, i16* %res_V_data_3_V, i16* %res_V_data_4_V, i16* %res_V_data_5_V, i16* %res_V_data_6_V, i16* %res_V_data_7_V, i16* %res_V_data_8_V, i16* %res_V_data_9_V, i16* %res_V_data_10_V, i16* %res_V_data_11_V)" [firmware/nnet_utils/nnet_activation_stream.h:362]   --->   Operation 14 'call' <Predicate = true> <Delay = 7.88> <CoreType = "Generic">   --->   Core 0 '' <Latency = 0> <II = 1> <Delay = 1.00> <Generic> <Opcode : >

State 5 <SV = 4> <Delay = 7.88>
ST_5 : Operation 15 [5/9] (7.88ns)   --->   "call fastcc void @"softmax_stable<array,array<ap_fixed<16,6,5,3,0>,12u>,softmax_config7>"(i16* %data_V_data_0_V, i16* %data_V_data_1_V, i16* %data_V_data_2_V, i16* %data_V_data_3_V, i16* %data_V_data_4_V, i16* %data_V_data_5_V, i16* %data_V_data_6_V, i16* %data_V_data_7_V, i16* %data_V_data_8_V, i16* %data_V_data_9_V, i16* %data_V_data_10_V, i16* %data_V_data_11_V, i16* %res_V_data_0_V, i16* %res_V_data_1_V, i16* %res_V_data_2_V, i16* %res_V_data_3_V, i16* %res_V_data_4_V, i16* %res_V_data_5_V, i16* %res_V_data_6_V, i16* %res_V_data_7_V, i16* %res_V_data_8_V, i16* %res_V_data_9_V, i16* %res_V_data_10_V, i16* %res_V_data_11_V)" [firmware/nnet_utils/nnet_activation_stream.h:362]   --->   Operation 15 'call' <Predicate = true> <Delay = 7.88> <CoreType = "Generic">   --->   Core 0 '' <Latency = 0> <II = 1> <Delay = 1.00> <Generic> <Opcode : >

State 6 <SV = 5> <Delay = 7.88>
ST_6 : Operation 16 [4/9] (7.88ns)   --->   "call fastcc void @"softmax_stable<array,array<ap_fixed<16,6,5,3,0>,12u>,softmax_config7>"(i16* %data_V_data_0_V, i16* %data_V_data_1_V, i16* %data_V_data_2_V, i16* %data_V_data_3_V, i16* %data_V_data_4_V, i16* %data_V_data_5_V, i16* %data_V_data_6_V, i16* %data_V_data_7_V, i16* %data_V_data_8_V, i16* %data_V_data_9_V, i16* %data_V_data_10_V, i16* %data_V_data_11_V, i16* %res_V_data_0_V, i16* %res_V_data_1_V, i16* %res_V_data_2_V, i16* %res_V_data_3_V, i16* %res_V_data_4_V, i16* %res_V_data_5_V, i16* %res_V_data_6_V, i16* %res_V_data_7_V, i16* %res_V_data_8_V, i16* %res_V_data_9_V, i16* %res_V_data_10_V, i16* %res_V_data_11_V)" [firmware/nnet_utils/nnet_activation_stream.h:362]   --->   Operation 16 'call' <Predicate = true> <Delay = 7.88> <CoreType = "Generic">   --->   Core 0 '' <Latency = 0> <II = 1> <Delay = 1.00> <Generic> <Opcode : >

State 7 <SV = 6> <Delay = 7.88>
ST_7 : Operation 17 [3/9] (7.88ns)   --->   "call fastcc void @"softmax_stable<array,array<ap_fixed<16,6,5,3,0>,12u>,softmax_config7>"(i16* %data_V_data_0_V, i16* %data_V_data_1_V, i16* %data_V_data_2_V, i16* %data_V_data_3_V, i16* %data_V_data_4_V, i16* %data_V_data_5_V, i16* %data_V_data_6_V, i16* %data_V_data_7_V, i16* %data_V_data_8_V, i16* %data_V_data_9_V, i16* %data_V_data_10_V, i16* %data_V_data_11_V, i16* %res_V_data_0_V, i16* %res_V_data_1_V, i16* %res_V_data_2_V, i16* %res_V_data_3_V, i16* %res_V_data_4_V, i16* %res_V_data_5_V, i16* %res_V_data_6_V, i16* %res_V_data_7_V, i16* %res_V_data_8_V, i16* %res_V_data_9_V, i16* %res_V_data_10_V, i16* %res_V_data_11_V)" [firmware/nnet_utils/nnet_activation_stream.h:362]   --->   Operation 17 'call' <Predicate = true> <Delay = 7.88> <CoreType = "Generic">   --->   Core 0 '' <Latency = 0> <II = 1> <Delay = 1.00> <Generic> <Opcode : >

State 8 <SV = 7> <Delay = 7.88>
ST_8 : Operation 18 [2/9] (7.88ns)   --->   "call fastcc void @"softmax_stable<array,array<ap_fixed<16,6,5,3,0>,12u>,softmax_config7>"(i16* %data_V_data_0_V, i16* %data_V_data_1_V, i16* %data_V_data_2_V, i16* %data_V_data_3_V, i16* %data_V_data_4_V, i16* %data_V_data_5_V, i16* %data_V_data_6_V, i16* %data_V_data_7_V, i16* %data_V_data_8_V, i16* %data_V_data_9_V, i16* %data_V_data_10_V, i16* %data_V_data_11_V, i16* %res_V_data_0_V, i16* %res_V_data_1_V, i16* %res_V_data_2_V, i16* %res_V_data_3_V, i16* %res_V_data_4_V, i16* %res_V_data_5_V, i16* %res_V_data_6_V, i16* %res_V_data_7_V, i16* %res_V_data_8_V, i16* %res_V_data_9_V, i16* %res_V_data_10_V, i16* %res_V_data_11_V)" [firmware/nnet_utils/nnet_activation_stream.h:362]   --->   Operation 18 'call' <Predicate = true> <Delay = 7.88> <CoreType = "Generic">   --->   Core 0 '' <Latency = 0> <II = 1> <Delay = 1.00> <Generic> <Opcode : >

State 9 <SV = 8> <Delay = 2.03>
ST_9 : Operation 19 [1/9] (2.03ns)   --->   "call fastcc void @"softmax_stable<array,array<ap_fixed<16,6,5,3,0>,12u>,softmax_config7>"(i16* %data_V_data_0_V, i16* %data_V_data_1_V, i16* %data_V_data_2_V, i16* %data_V_data_3_V, i16* %data_V_data_4_V, i16* %data_V_data_5_V, i16* %data_V_data_6_V, i16* %data_V_data_7_V, i16* %data_V_data_8_V, i16* %data_V_data_9_V, i16* %data_V_data_10_V, i16* %data_V_data_11_V, i16* %res_V_data_0_V, i16* %res_V_data_1_V, i16* %res_V_data_2_V, i16* %res_V_data_3_V, i16* %res_V_data_4_V, i16* %res_V_data_5_V, i16* %res_V_data_6_V, i16* %res_V_data_7_V, i16* %res_V_data_8_V, i16* %res_V_data_9_V, i16* %res_V_data_10_V, i16* %res_V_data_11_V)" [firmware/nnet_utils/nnet_activation_stream.h:362]   --->   Operation 19 'call' <Predicate = true> <Delay = 2.03> <CoreType = "Generic">   --->   Core 0 '' <Latency = 0> <II = 1> <Delay = 1.00> <Generic> <Opcode : >

State 10 <SV = 9> <Delay = 0.00>
ST_10 : Operation 20 [1/1] (0.00ns)   --->   "call void (...)* @_ssdm_op_SpecInterface(i16* %data_V_data_11_V, [8 x i8]* @ap_fifo_str, i32 0, i32 0, [1 x i8]* @p_str356, i32 0, i32 0, [1 x i8]* @p_str357, [1 x i8]* @p_str358, [1 x i8]* @p_str359, i32 2, i32 2, i32 16, i32 16, [1 x i8]* @p_str360, [1 x i8]* @p_str361)"   --->   Operation 20 'specinterface' <Predicate = true> <Delay = 0.00>
ST_10 : Operation 21 [1/1] (0.00ns)   --->   "call void (...)* @_ssdm_op_SpecInterface(i16* %data_V_data_10_V, [8 x i8]* @ap_fifo_str, i32 0, i32 0, [1 x i8]* @p_str349, i32 0, i32 0, [1 x i8]* @p_str350, [1 x i8]* @p_str351, [1 x i8]* @p_str352, i32 2, i32 2, i32 16, i32 16, [1 x i8]* @p_str353, [1 x i8]* @p_str354)"   --->   Operation 21 'specinterface' <Predicate = true> <Delay = 0.00>
ST_10 : Operation 22 [1/1] (0.00ns)   --->   "call void (...)* @_ssdm_op_SpecInterface(i16* %data_V_data_9_V, [8 x i8]* @ap_fifo_str, i32 0, i32 0, [1 x i8]* @p_str342, i32 0, i32 0, [1 x i8]* @p_str343, [1 x i8]* @p_str344, [1 x i8]* @p_str345, i32 2, i32 2, i32 16, i32 16, [1 x i8]* @p_str346, [1 x i8]* @p_str347)"   --->   Operation 22 'specinterface' <Predicate = true> <Delay = 0.00>
ST_10 : Operation 23 [1/1] (0.00ns)   --->   "call void (...)* @_ssdm_op_SpecInterface(i16* %data_V_data_8_V, [8 x i8]* @ap_fifo_str, i32 0, i32 0, [1 x i8]* @p_str335, i32 0, i32 0, [1 x i8]* @p_str336, [1 x i8]* @p_str337, [1 x i8]* @p_str338, i32 2, i32 2, i32 16, i32 16, [1 x i8]* @p_str339, [1 x i8]* @p_str340)"   --->   Operation 23 'specinterface' <Predicate = true> <Delay = 0.00>
ST_10 : Operation 24 [1/1] (0.00ns)   --->   "call void (...)* @_ssdm_op_SpecInterface(i16* %data_V_data_7_V, [8 x i8]* @ap_fifo_str, i32 0, i32 0, [1 x i8]* @p_str328, i32 0, i32 0, [1 x i8]* @p_str329, [1 x i8]* @p_str330, [1 x i8]* @p_str331, i32 2, i32 2, i32 16, i32 16, [1 x i8]* @p_str332, [1 x i8]* @p_str333)"   --->   Operation 24 'specinterface' <Predicate = true> <Delay = 0.00>
ST_10 : Operation 25 [1/1] (0.00ns)   --->   "call void (...)* @_ssdm_op_SpecInterface(i16* %data_V_data_6_V, [8 x i8]* @ap_fifo_str, i32 0, i32 0, [1 x i8]* @p_str321, i32 0, i32 0, [1 x i8]* @p_str322, [1 x i8]* @p_str323, [1 x i8]* @p_str324, i32 2, i32 2, i32 16, i32 16, [1 x i8]* @p_str325, [1 x i8]* @p_str326)"   --->   Operation 25 'specinterface' <Predicate = true> <Delay = 0.00>
ST_10 : Operation 26 [1/1] (0.00ns)   --->   "call void (...)* @_ssdm_op_SpecInterface(i16* %data_V_data_5_V, [8 x i8]* @ap_fifo_str, i32 0, i32 0, [1 x i8]* @p_str314, i32 0, i32 0, [1 x i8]* @p_str315, [1 x i8]* @p_str316, [1 x i8]* @p_str317, i32 2, i32 2, i32 16, i32 16, [1 x i8]* @p_str318, [1 x i8]* @p_str319)"   --->   Operation 26 'specinterface' <Predicate = true> <Delay = 0.00>
ST_10 : Operation 27 [1/1] (0.00ns)   --->   "call void (...)* @_ssdm_op_SpecInterface(i16* %data_V_data_4_V, [8 x i8]* @ap_fifo_str, i32 0, i32 0, [1 x i8]* @p_str307, i32 0, i32 0, [1 x i8]* @p_str308, [1 x i8]* @p_str309, [1 x i8]* @p_str310, i32 2, i32 2, i32 16, i32 16, [1 x i8]* @p_str311, [1 x i8]* @p_str312)"   --->   Operation 27 'specinterface' <Predicate = true> <Delay = 0.00>
ST_10 : Operation 28 [1/1] (0.00ns)   --->   "call void (...)* @_ssdm_op_SpecInterface(i16* %data_V_data_3_V, [8 x i8]* @ap_fifo_str, i32 0, i32 0, [1 x i8]* @p_str300, i32 0, i32 0, [1 x i8]* @p_str301, [1 x i8]* @p_str302, [1 x i8]* @p_str303, i32 2, i32 2, i32 16, i32 16, [1 x i8]* @p_str304, [1 x i8]* @p_str305)"   --->   Operation 28 'specinterface' <Predicate = true> <Delay = 0.00>
ST_10 : Operation 29 [1/1] (0.00ns)   --->   "call void (...)* @_ssdm_op_SpecInterface(i16* %data_V_data_2_V, [8 x i8]* @ap_fifo_str, i32 0, i32 0, [1 x i8]* @p_str293, i32 0, i32 0, [1 x i8]* @p_str294, [1 x i8]* @p_str295, [1 x i8]* @p_str296, i32 2, i32 2, i32 16, i32 16, [1 x i8]* @p_str297, [1 x i8]* @p_str298)"   --->   Operation 29 'specinterface' <Predicate = true> <Delay = 0.00>
ST_10 : Operation 30 [1/1] (0.00ns)   --->   "call void (...)* @_ssdm_op_SpecInterface(i16* %data_V_data_1_V, [8 x i8]* @ap_fifo_str, i32 0, i32 0, [1 x i8]* @p_str286, i32 0, i32 0, [1 x i8]* @p_str287, [1 x i8]* @p_str288, [1 x i8]* @p_str289, i32 2, i32 2, i32 16, i32 16, [1 x i8]* @p_str290, [1 x i8]* @p_str291)"   --->   Operation 30 'specinterface' <Predicate = true> <Delay = 0.00>
ST_10 : Operation 31 [1/1] (0.00ns)   --->   "call void (...)* @_ssdm_op_SpecInterface(i16* %data_V_data_0_V, [8 x i8]* @ap_fifo_str, i32 0, i32 0, [1 x i8]* @p_str279, i32 0, i32 0, [1 x i8]* @p_str280, [1 x i8]* @p_str281, [1 x i8]* @p_str282, i32 2, i32 2, i32 16, i32 16, [1 x i8]* @p_str283, [1 x i8]* @p_str284)"   --->   Operation 31 'specinterface' <Predicate = true> <Delay = 0.00>
ST_10 : Operation 32 [1/1] (0.00ns)   --->   "call void (...)* @_ssdm_op_SpecInterface(i16* %res_V_data_0_V, [5 x i8]* @p_str, i32 1, i32 1, [5 x i8]* @p_str6, i32 0, i32 0, [1 x i8]* @p_str7, [1 x i8]* @p_str7, [1 x i8]* @p_str7, i32 0, i32 0, i32 0, i32 0, [1 x i8]* @p_str7, [1 x i8]* @p_str7)"   --->   Operation 32 'specinterface' <Predicate = true> <Delay = 0.00>
ST_10 : Operation 33 [1/1] (0.00ns)   --->   "call void (...)* @_ssdm_op_SpecInterface(i16* %res_V_data_1_V, [5 x i8]* @p_str, i32 1, i32 1, [5 x i8]* @p_str6, i32 0, i32 0, [1 x i8]* @p_str7, [1 x i8]* @p_str7, [1 x i8]* @p_str7, i32 0, i32 0, i32 0, i32 0, [1 x i8]* @p_str7, [1 x i8]* @p_str7)"   --->   Operation 33 'specinterface' <Predicate = true> <Delay = 0.00>
ST_10 : Operation 34 [1/1] (0.00ns)   --->   "call void (...)* @_ssdm_op_SpecInterface(i16* %res_V_data_2_V, [5 x i8]* @p_str, i32 1, i32 1, [5 x i8]* @p_str6, i32 0, i32 0, [1 x i8]* @p_str7, [1 x i8]* @p_str7, [1 x i8]* @p_str7, i32 0, i32 0, i32 0, i32 0, [1 x i8]* @p_str7, [1 x i8]* @p_str7)"   --->   Operation 34 'specinterface' <Predicate = true> <Delay = 0.00>
ST_10 : Operation 35 [1/1] (0.00ns)   --->   "call void (...)* @_ssdm_op_SpecInterface(i16* %res_V_data_3_V, [5 x i8]* @p_str, i32 1, i32 1, [5 x i8]* @p_str6, i32 0, i32 0, [1 x i8]* @p_str7, [1 x i8]* @p_str7, [1 x i8]* @p_str7, i32 0, i32 0, i32 0, i32 0, [1 x i8]* @p_str7, [1 x i8]* @p_str7)"   --->   Operation 35 'specinterface' <Predicate = true> <Delay = 0.00>
ST_10 : Operation 36 [1/1] (0.00ns)   --->   "call void (...)* @_ssdm_op_SpecInterface(i16* %res_V_data_4_V, [5 x i8]* @p_str, i32 1, i32 1, [5 x i8]* @p_str6, i32 0, i32 0, [1 x i8]* @p_str7, [1 x i8]* @p_str7, [1 x i8]* @p_str7, i32 0, i32 0, i32 0, i32 0, [1 x i8]* @p_str7, [1 x i8]* @p_str7)"   --->   Operation 36 'specinterface' <Predicate = true> <Delay = 0.00>
ST_10 : Operation 37 [1/1] (0.00ns)   --->   "call void (...)* @_ssdm_op_SpecInterface(i16* %res_V_data_5_V, [5 x i8]* @p_str, i32 1, i32 1, [5 x i8]* @p_str6, i32 0, i32 0, [1 x i8]* @p_str7, [1 x i8]* @p_str7, [1 x i8]* @p_str7, i32 0, i32 0, i32 0, i32 0, [1 x i8]* @p_str7, [1 x i8]* @p_str7)"   --->   Operation 37 'specinterface' <Predicate = true> <Delay = 0.00>
ST_10 : Operation 38 [1/1] (0.00ns)   --->   "call void (...)* @_ssdm_op_SpecInterface(i16* %res_V_data_6_V, [5 x i8]* @p_str, i32 1, i32 1, [5 x i8]* @p_str6, i32 0, i32 0, [1 x i8]* @p_str7, [1 x i8]* @p_str7, [1 x i8]* @p_str7, i32 0, i32 0, i32 0, i32 0, [1 x i8]* @p_str7, [1 x i8]* @p_str7)"   --->   Operation 38 'specinterface' <Predicate = true> <Delay = 0.00>
ST_10 : Operation 39 [1/1] (0.00ns)   --->   "call void (...)* @_ssdm_op_SpecInterface(i16* %res_V_data_7_V, [5 x i8]* @p_str, i32 1, i32 1, [5 x i8]* @p_str6, i32 0, i32 0, [1 x i8]* @p_str7, [1 x i8]* @p_str7, [1 x i8]* @p_str7, i32 0, i32 0, i32 0, i32 0, [1 x i8]* @p_str7, [1 x i8]* @p_str7)"   --->   Operation 39 'specinterface' <Predicate = true> <Delay = 0.00>
ST_10 : Operation 40 [1/1] (0.00ns)   --->   "call void (...)* @_ssdm_op_SpecInterface(i16* %res_V_data_8_V, [5 x i8]* @p_str, i32 1, i32 1, [5 x i8]* @p_str6, i32 0, i32 0, [1 x i8]* @p_str7, [1 x i8]* @p_str7, [1 x i8]* @p_str7, i32 0, i32 0, i32 0, i32 0, [1 x i8]* @p_str7, [1 x i8]* @p_str7)"   --->   Operation 40 'specinterface' <Predicate = true> <Delay = 0.00>
ST_10 : Operation 41 [1/1] (0.00ns)   --->   "call void (...)* @_ssdm_op_SpecInterface(i16* %res_V_data_9_V, [5 x i8]* @p_str, i32 1, i32 1, [5 x i8]* @p_str6, i32 0, i32 0, [1 x i8]* @p_str7, [1 x i8]* @p_str7, [1 x i8]* @p_str7, i32 0, i32 0, i32 0, i32 0, [1 x i8]* @p_str7, [1 x i8]* @p_str7)"   --->   Operation 41 'specinterface' <Predicate = true> <Delay = 0.00>
ST_10 : Operation 42 [1/1] (0.00ns)   --->   "call void (...)* @_ssdm_op_SpecInterface(i16* %res_V_data_10_V, [5 x i8]* @p_str, i32 1, i32 1, [5 x i8]* @p_str6, i32 0, i32 0, [1 x i8]* @p_str7, [1 x i8]* @p_str7, [1 x i8]* @p_str7, i32 0, i32 0, i32 0, i32 0, [1 x i8]* @p_str7, [1 x i8]* @p_str7)"   --->   Operation 42 'specinterface' <Predicate = true> <Delay = 0.00>
ST_10 : Operation 43 [1/1] (0.00ns)   --->   "call void (...)* @_ssdm_op_SpecInterface(i16* %res_V_data_11_V, [5 x i8]* @p_str, i32 1, i32 1, [5 x i8]* @p_str6, i32 0, i32 0, [1 x i8]* @p_str7, [1 x i8]* @p_str7, [1 x i8]* @p_str7, i32 0, i32 0, i32 0, i32 0, [1 x i8]* @p_str7, [1 x i8]* @p_str7)"   --->   Operation 43 'specinterface' <Predicate = true> <Delay = 0.00>
ST_10 : Operation 44 [1/1] (0.00ns)   --->   "ret void" [firmware/nnet_utils/nnet_activation_stream.h:371]   --->   Operation 44 'ret' <Predicate = true> <Delay = 0.00>


============================================================
+ Verbose Summary: Timing violations
============================================================
Target clock period: 10ns, clock uncertainty: 1.25ns.

 <State 1>: 0ns
The critical path consists of the following:

 <State 2>: 7.88ns
The critical path consists of the following:
	'call' operation ('call_ln362', firmware/nnet_utils/nnet_activation_stream.h:362) to 'softmax_stable<array,array<ap_fixed<16,6,5,3,0>,12u>,softmax_config7>' [53]  (7.88 ns)

 <State 3>: 7.88ns
The critical path consists of the following:
	'call' operation ('call_ln362', firmware/nnet_utils/nnet_activation_stream.h:362) to 'softmax_stable<array,array<ap_fixed<16,6,5,3,0>,12u>,softmax_config7>' [53]  (7.88 ns)

 <State 4>: 7.88ns
The critical path consists of the following:
	'call' operation ('call_ln362', firmware/nnet_utils/nnet_activation_stream.h:362) to 'softmax_stable<array,array<ap_fixed<16,6,5,3,0>,12u>,softmax_config7>' [53]  (7.88 ns)

 <State 5>: 7.88ns
The critical path consists of the following:
	'call' operation ('call_ln362', firmware/nnet_utils/nnet_activation_stream.h:362) to 'softmax_stable<array,array<ap_fixed<16,6,5,3,0>,12u>,softmax_config7>' [53]  (7.88 ns)

 <State 6>: 7.88ns
The critical path consists of the following:
	'call' operation ('call_ln362', firmware/nnet_utils/nnet_activation_stream.h:362) to 'softmax_stable<array,array<ap_fixed<16,6,5,3,0>,12u>,softmax_config7>' [53]  (7.88 ns)

 <State 7>: 7.88ns
The critical path consists of the following:
	'call' operation ('call_ln362', firmware/nnet_utils/nnet_activation_stream.h:362) to 'softmax_stable<array,array<ap_fixed<16,6,5,3,0>,12u>,softmax_config7>' [53]  (7.88 ns)

 <State 8>: 7.88ns
The critical path consists of the following:
	'call' operation ('call_ln362', firmware/nnet_utils/nnet_activation_stream.h:362) to 'softmax_stable<array,array<ap_fixed<16,6,5,3,0>,12u>,softmax_config7>' [53]  (7.88 ns)

 <State 9>: 2.03ns
The critical path consists of the following:
	'call' operation ('call_ln362', firmware/nnet_utils/nnet_activation_stream.h:362) to 'softmax_stable<array,array<ap_fixed<16,6,5,3,0>,12u>,softmax_config7>' [53]  (2.03 ns)

 <State 10>: 0ns
The critical path consists of the following:


============================================================
+ Verbose Summary: Binding
============================================================
N/A
* FSMD analyzer results:
  - Output states:
 - Input state : 
  - Chain level:
	State 1
	State 2
	State 3
	State 4
	State 5
	State 6
	State 7
	State 8
	State 9
	State 10


============================================================
+ Verbose Summary: Datapath Resource usage 
============================================================
N/A
