

================================================================
== Vivado HLS Report for 'dense_wrapper_ap_fixed_16_6_5_3_0_ap_fixed_16_6_5_3_0_config9_s'
================================================================
* Date:           Sat Feb 24 13:49:27 2024

* Version:        2020.1 (Build 2897737 on Wed May 27 20:21:37 MDT 2020)
* Project:        myproject_prj
* Solution:       solution1
* Product family: virtexuplus
* Target device:  xcu50-fsvh2104-2-e


================================================================
== Performance Estimates
================================================================
+ Timing: 
    * Summary: 
    +--------+----------+----------+------------+
    |  Clock |  Target  | Estimated| Uncertainty|
    +--------+----------+----------+------------+
    |ap_clk  | 25.00 ns | 5.555 ns |   3.12 ns  |
    +--------+----------+----------+------------+

+ Latency: 
    * Summary: 
    +---------+---------+----------+----------+-----+-----+----------+
    |  Latency (cycles) |  Latency (absolute) |  Interval | Pipeline |
    |   min   |   max   |    min   |    max   | min | max |   Type   |
    +---------+---------+----------+----------+-----+-----+----------+
    |        0|        0|   0 ns   |   0 ns   |    1|    1| function |
    +---------+---------+----------+----------+-----+-----+----------+

    + Detail: 
        * Instance: 
        N/A

        * Loop: 
        N/A



================================================================
== Utilization Estimates
================================================================
* Summary: 
+---------------------+---------+-------+---------+--------+-----+
|         Name        | BRAM_18K| DSP48E|    FF   |   LUT  | URAM|
+---------------------+---------+-------+---------+--------+-----+
|DSP                  |        -|      -|        -|       -|    -|
|Expression           |        -|    275|        0|    8584|    -|
|FIFO                 |        -|      -|        -|       -|    -|
|Instance             |        -|      -|        -|       -|    -|
|Memory               |        -|      -|        -|       -|    -|
|Multiplexer          |        -|      -|        -|       -|    -|
|Register             |        -|      -|        -|       -|    -|
+---------------------+---------+-------+---------+--------+-----+
|Total                |        0|    275|        0|    8584|    0|
+---------------------+---------+-------+---------+--------+-----+
|Available SLR        |     1344|   2976|   871680|  435840|  320|
+---------------------+---------+-------+---------+--------+-----+
|Utilization SLR (%)  |        0|      9|        0|       1|    0|
+---------------------+---------+-------+---------+--------+-----+
|Available            |     2688|   5952|  1743360|  871680|  640|
+---------------------+---------+-------+---------+--------+-----+
|Utilization (%)      |        0|      4|        0|   ~0   |    0|
+---------------------+---------+-------+---------+--------+-----+

+ Detail: 
    * Instance: 
    N/A

    * DSP48E: 
    N/A

    * Memory: 
    N/A

    * FIFO: 
    N/A

    * Expression: 
    +----------------------------+----------+-------+---+----+------------+------------+
    |        Variable Name       | Operation| DSP48E| FF| LUT| Bitwidth P0| Bitwidth P1|
    +----------------------------+----------+-------+---+----+------------+------------+
    |mul_ln1118_100_fu_1110_p2   |     *    |      1|  0|   5|          16|           8|
    |mul_ln1118_101_fu_1132_p2   |     *    |      1|  0|   5|          16|           9|
    |mul_ln1118_102_fu_1012_p2   |     *    |      1|  0|   5|          16|           9|
    |mul_ln1118_103_fu_970_p2    |     *    |      1|  0|   5|          16|           7|
    |mul_ln1118_104_fu_967_p2    |     *    |      1|  0|   5|          16|          10|
    |mul_ln1118_105_fu_1114_p2   |     *    |      1|  0|   5|          16|          10|
    |mul_ln1118_106_fu_1122_p2   |     *    |      1|  0|   5|          16|           6|
    |mul_ln1118_107_fu_1026_p2   |     *    |      1|  0|   5|          16|          10|
    |mul_ln1118_108_fu_1095_p2   |     *    |      1|  0|   5|          16|          11|
    |mul_ln1118_109_fu_947_p2    |     *    |      1|  0|   5|          16|           9|
    |mul_ln1118_10_fu_1063_p2    |     *    |      1|  0|   5|          16|          10|
    |mul_ln1118_110_fu_1016_p2   |     *    |      1|  0|   5|          16|           9|
    |mul_ln1118_111_fu_1171_p2   |     *    |      1|  0|   5|          16|          10|
    |mul_ln1118_112_fu_1127_p2   |     *    |      1|  0|   5|          16|          10|
    |mul_ln1118_113_fu_918_p2    |     *    |      1|  0|   5|          16|          11|
    |mul_ln1118_114_fu_1165_p2   |     *    |      1|  0|   5|          16|          11|
    |mul_ln1118_115_fu_1184_p2   |     *    |      1|  0|   5|          16|          10|
    |mul_ln1118_116_fu_953_p2    |     *    |      1|  0|   5|          16|           8|
    |mul_ln1118_117_fu_1000_p2   |     *    |      1|  0|   5|          16|          10|
    |mul_ln1118_118_fu_962_p2    |     *    |      1|  0|   5|          16|          11|
    |mul_ln1118_119_fu_963_p2    |     *    |      1|  0|   5|          16|          10|
    |mul_ln1118_11_fu_942_p2     |     *    |      1|  0|   5|          16|           7|
    |mul_ln1118_120_fu_1121_p2   |     *    |      1|  0|   5|          16|          10|
    |mul_ln1118_121_fu_968_p2    |     *    |      1|  0|   5|          16|           7|
    |mul_ln1118_122_fu_1033_p2   |     *    |      1|  0|   5|          16|          10|
    |mul_ln1118_123_fu_1149_p2   |     *    |      1|  0|   5|          16|           7|
    |mul_ln1118_124_fu_1196_p2   |     *    |      1|  0|   5|          16|          10|
    |mul_ln1118_125_fu_1065_p2   |     *    |      1|  0|   5|          16|           9|
    |mul_ln1118_126_fu_1023_p2   |     *    |      1|  0|   5|          16|          11|
    |mul_ln1118_127_fu_981_p2    |     *    |      1|  0|   5|          16|           6|
    |mul_ln1118_128_fu_1195_p2   |     *    |      1|  0|   5|          16|          10|
    |mul_ln1118_129_fu_1071_p2   |     *    |      1|  0|   5|          16|           9|
    |mul_ln1118_12_fu_1133_p2    |     *    |      1|  0|   5|          16|           8|
    |mul_ln1118_130_fu_1183_p2   |     *    |      1|  0|   5|          16|           9|
    |mul_ln1118_131_fu_916_p2    |     *    |      1|  0|   5|          16|           7|
    |mul_ln1118_132_fu_1177_p2   |     *    |      1|  0|   5|          16|          10|
    |mul_ln1118_133_fu_972_p2    |     *    |      1|  0|   5|          16|          10|
    |mul_ln1118_134_fu_973_p2    |     *    |      1|  0|   5|          16|           9|
    |mul_ln1118_135_fu_1224_p2   |     *    |      1|  0|   5|          16|           9|
    |mul_ln1118_136_fu_1043_p2   |     *    |      1|  0|   5|          16|          11|
    |mul_ln1118_137_fu_1040_p2   |     *    |      1|  0|   5|          16|           7|
    |mul_ln1118_138_fu_1098_p2   |     *    |      1|  0|   5|          16|           8|
    |mul_ln1118_139_fu_917_p2    |     *    |      1|  0|   5|          16|           9|
    |mul_ln1118_13_fu_1091_p2    |     *    |      1|  0|   5|          16|           8|
    |mul_ln1118_140_fu_1081_p2   |     *    |      1|  0|   5|          16|          11|
    |mul_ln1118_141_fu_1082_p2   |     *    |      1|  0|   5|          16|          11|
    |mul_ln1118_142_fu_1230_p2   |     *    |      1|  0|   5|          16|           8|
    |mul_ln1118_143_fu_1032_p2   |     *    |      1|  0|   5|          16|           9|
    |mul_ln1118_144_fu_956_p2    |     *    |      1|  0|   5|          16|           9|
    |mul_ln1118_145_fu_912_p2    |     *    |      1|  0|   5|          16|           9|
    |mul_ln1118_146_fu_1202_p2   |     *    |      1|  0|   5|          16|           8|
    |mul_ln1118_147_fu_1160_p2   |     *    |      1|  0|   5|          16|           9|
    |mul_ln1118_148_fu_979_p2    |     *    |      1|  0|   5|          16|           8|
    |mul_ln1118_149_fu_937_p2    |     *    |      1|  0|   5|          16|           8|
    |mul_ln1118_14_fu_1227_p2    |     *    |      1|  0|   5|          16|          10|
    |mul_ln1118_150_fu_984_p2    |     *    |      1|  0|   5|          16|          11|
    |mul_ln1118_151_fu_1085_p2   |     *    |      1|  0|   5|          16|           8|
    |mul_ln1118_152_fu_1228_p2   |     *    |      1|  0|   5|          16|           8|
    |mul_ln1118_153_fu_1223_p2   |     *    |      1|  0|   5|          16|          11|
    |mul_ln1118_154_fu_1151_p2   |     *    |      1|  0|   5|          16|          10|
    |mul_ln1118_155_fu_1094_p2   |     *    |      1|  0|   5|          16|           9|
    |mul_ln1118_156_fu_1222_p2   |     *    |      1|  0|   5|          16|           7|
    |mul_ln1118_157_fu_1041_p2   |     *    |      1|  0|   5|          16|          10|
    |mul_ln1118_158_fu_1138_p2   |     *    |      1|  0|   5|          16|           9|
    |mul_ln1118_159_fu_1185_p2   |     *    |      1|  0|   5|          16|          10|
    |mul_ln1118_15_fu_1146_p2    |     *    |      1|  0|   5|          16|          10|
    |mul_ln1118_160_fu_1054_p2   |     *    |      1|  0|   5|          16|          10|
    |mul_ln1118_161_fu_1090_p2   |     *    |      1|  0|   5|          16|          10|
    |mul_ln1118_162_fu_1163_p2   |     *    |      1|  0|   5|          16|          11|
    |mul_ln1118_163_fu_1164_p2   |     *    |      1|  0|   5|          16|          10|
    |mul_ln1118_164_fu_1031_p2   |     *    |      1|  0|   5|          16|          11|
    |mul_ln1118_165_fu_1154_p2   |     *    |      1|  0|   5|          16|           9|
    |mul_ln1118_166_fu_1014_p2   |     *    |      1|  0|   5|          16|          11|
    |mul_ln1118_167_fu_1150_p2   |     *    |      1|  0|   5|          16|          10|
    |mul_ln1118_168_fu_1158_p2   |     *    |      1|  0|   5|          16|           7|
    |mul_ln1118_169_fu_1116_p2   |     *    |      1|  0|   5|          16|          10|
    |mul_ln1118_16_fu_965_p2     |     *    |      1|  0|   5|          16|           8|
    |mul_ln1118_170_fu_935_p2    |     *    |      1|  0|   5|          16|          12|
    |mul_ln1118_171_fu_932_p2    |     *    |      1|  0|   5|          16|           9|
    |mul_ln1118_172_fu_1218_p2   |     *    |      1|  0|   5|          16|           9|
    |mul_ln1118_173_fu_1167_p2   |     *    |      1|  0|   5|          16|          11|
    |mul_ln1118_174_fu_1168_p2   |     *    |      1|  0|   5|          16|           7|
    |mul_ln1118_175_fu_990_p2    |     *    |      1|  0|   5|          16|          12|
    |mul_ln1118_176_fu_1215_p2   |     *    |      1|  0|   5|          16|           8|
    |mul_ln1118_177_fu_1197_p2   |     *    |      1|  0|   5|          16|          11|
    |mul_ln1118_178_fu_1217_p2   |     *    |      1|  0|   5|          16|          11|
    |mul_ln1118_179_fu_997_p2    |     *    |      1|  0|   5|          16|          10|
    |mul_ln1118_17_fu_1190_p2    |     *    |      1|  0|   5|          16|           9|
    |mul_ln1118_180_fu_1083_p2   |     *    |      1|  0|   5|          16|           7|
    |mul_ln1118_181_fu_1052_p2   |     *    |      1|  0|   5|          16|          10|
    |mul_ln1118_182_fu_1099_p2   |     *    |      1|  0|   5|          16|           9|
    |mul_ln1118_183_fu_1107_p2   |     *    |      1|  0|   5|          16|          12|
    |mul_ln1118_184_fu_1029_p2   |     *    |      1|  0|   5|          16|           7|
    |mul_ln1118_185_fu_1067_p2   |     *    |      1|  0|   5|          16|           9|
    |mul_ln1118_186_fu_1153_p2   |     *    |      1|  0|   5|          16|           9|
    |mul_ln1118_187_fu_1058_p2   |     *    |      1|  0|   5|          16|          11|
    |mul_ln1118_188_fu_924_p2    |     *    |      1|  0|   5|          16|          10|
    |mul_ln1118_189_fu_957_p2    |     *    |      1|  0|   5|          16|           9|
    |mul_ln1118_18_fu_1055_p2    |     *    |      1|  0|   5|          16|           9|
    |mul_ln1118_190_fu_1203_p2   |     *    |      1|  0|   5|          16|           8|
    |mul_ln1118_191_fu_1022_p2   |     *    |      1|  0|   5|          16|          11|
    |mul_ln1118_192_fu_1030_p2   |     *    |      1|  0|   5|          16|           8|
    |mul_ln1118_193_fu_1216_p2   |     *    |      1|  0|   5|          16|          10|
    |mul_ln1118_194_fu_946_p2    |     *    |      1|  0|   5|          16|           9|
    |mul_ln1118_195_fu_921_p2    |     *    |      1|  0|   5|          16|          10|
    |mul_ln1118_196_fu_929_p2    |     *    |      1|  0|   5|          16|          11|
    |mul_ln1118_197_fu_930_p2    |     *    |      1|  0|   5|          16|           7|
    |mul_ln1118_198_fu_1106_p2   |     *    |      1|  0|   5|          16|          10|
    |mul_ln1118_199_fu_998_p2    |     *    |      1|  0|   5|          16|           8|
    |mul_ln1118_19_fu_914_p2     |     *    |      1|  0|   5|          16|          10|
    |mul_ln1118_200_fu_1140_p2   |     *    |      1|  0|   5|          16|          11|
    |mul_ln1118_201_fu_1231_p2   |     *    |      1|  0|   5|          16|           8|
    |mul_ln1118_202_fu_1189_p2   |     *    |      1|  0|   5|          16|          10|
    |mul_ln1118_203_fu_1008_p2   |     *    |      1|  0|   5|          16|           9|
    |mul_ln1118_204_fu_966_p2    |     *    |      1|  0|   5|          16|           8|
    |mul_ln1118_205_fu_1013_p2   |     *    |      1|  0|   5|          16|          10|
    |mul_ln1118_206_fu_1021_p2   |     *    |      1|  0|   5|          16|          11|
    |mul_ln1118_207_fu_1112_p2   |     *    |      1|  0|   5|          16|           5|
    |mul_ln1118_208_fu_1076_p2   |     *    |      1|  0|   5|          16|          11|
    |mul_ln1118_209_fu_1045_p2   |     *    |      1|  0|   5|          16|          10|
    |mul_ln1118_20_fu_1213_p2    |     *    |      1|  0|   5|          16|          11|
    |mul_ln1118_210_fu_1001_p2   |     *    |      1|  0|   5|          16|           8|
    |mul_ln1118_211_fu_1015_p2   |     *    |      1|  0|   5|          16|           9|
    |mul_ln1118_212_fu_1070_p2   |     *    |      1|  0|   5|          16|           9|
    |mul_ln1118_213_fu_1156_p2   |     *    |      1|  0|   5|          16|           8|
    |mul_ln1118_214_fu_975_p2    |     *    |      1|  0|   5|          16|           8|
    |mul_ln1118_215_fu_944_p2    |     *    |      1|  0|   5|          16|          10|
    |mul_ln1118_216_fu_1180_p2   |     *    |      1|  0|   5|          16|          11|
    |mul_ln1118_217_fu_1152_p2   |     *    |      1|  0|   5|          16|          10|
    |mul_ln1118_218_fu_1011_p2   |     *    |      1|  0|   5|          16|          11|
    |mul_ln1118_219_fu_1182_p2   |     *    |      1|  0|   5|          16|           9|
    |mul_ln1118_21_fu_1214_p2    |     *    |      1|  0|   5|          16|           8|
    |mul_ln1118_220_fu_939_p2    |     *    |      1|  0|   5|          16|          10|
    |mul_ln1118_221_fu_1172_p2   |     *    |      1|  0|   5|          16|          10|
    |mul_ln1118_222_fu_1229_p2   |     *    |      1|  0|   5|          16|           7|
    |mul_ln1118_223_fu_1226_p2   |     *    |      1|  0|   5|          16|           9|
    |mul_ln1118_224_fu_1145_p2   |     *    |      1|  0|   5|          16|           7|
    |mul_ln1118_225_fu_1192_p2   |     *    |      1|  0|   5|          16|           7|
    |mul_ln1118_226_fu_922_p2    |     *    |      1|  0|   5|          16|           9|
    |mul_ln1118_227_fu_969_p2    |     *    |      1|  0|   5|          16|          10|
    |mul_ln1118_228_fu_1088_p2   |     *    |      1|  0|   5|          16|           7|
    |mul_ln1118_229_fu_1157_p2   |     *    |      1|  0|   5|          16|           8|
    |mul_ln1118_22_fu_1003_p2    |     *    |      1|  0|   5|          16|           7|
    |mul_ln1118_230_fu_1198_p2   |     *    |      1|  0|   5|          16|           7|
    |mul_ln1118_231_fu_1199_p2   |     *    |      1|  0|   5|          16|           9|
    |mul_ln1118_232_fu_948_p2    |     *    |      1|  0|   5|          16|          11|
    |mul_ln1118_233_fu_938_p2    |     *    |      1|  0|   5|          16|           9|
    |mul_ln1118_234_fu_1115_p2   |     *    |      1|  0|   5|          16|          11|
    |mul_ln1118_235_fu_1212_p2   |     *    |      1|  0|   5|          16|           9|
    |mul_ln1118_236_fu_1120_p2   |     *    |      1|  0|   5|          16|          11|
    |mul_ln1118_237_fu_1039_p2   |     *    |      1|  0|   5|          16|          10|
    |mul_ln1118_238_fu_1086_p2   |     *    |      1|  0|   5|          16|           7|
    |mul_ln1118_239_fu_955_p2    |     *    |      1|  0|   5|          16|          12|
    |mul_ln1118_23_fu_1004_p2    |     *    |      1|  0|   5|          16|          10|
    |mul_ln1118_240_fu_1093_p2   |     *    |      1|  0|   5|          16|          11|
    |mul_ln1118_241_fu_915_p2    |     *    |      1|  0|   5|          16|          10|
    |mul_ln1118_242_fu_1005_p2   |     *    |      1|  0|   5|          16|           9|
    |mul_ln1118_243_fu_940_p2    |     *    |      1|  0|   5|          16|           8|
    |mul_ln1118_244_fu_941_p2    |     *    |      1|  0|   5|          16|           8|
    |mul_ln1118_245_fu_954_p2    |     *    |      1|  0|   5|          16|          10|
    |mul_ln1118_246_fu_1101_p2   |     *    |      1|  0|   5|          16|           9|
    |mul_ln1118_247_fu_920_p2    |     *    |      1|  0|   5|          16|           9|
    |mul_ln1118_248_fu_1017_p2   |     *    |      1|  0|   5|          16|           7|
    |mul_ln1118_249_fu_925_p2    |     *    |      1|  0|   5|          16|          11|
    |mul_ln1118_24_fu_1069_p2    |     *    |      1|  0|   5|          16|          10|
    |mul_ln1118_250_fu_933_p2    |     *    |      1|  0|   5|          16|           8|
    |mul_ln1118_251_fu_992_p2    |     *    |      1|  0|   5|          16|          10|
    |mul_ln1118_252_fu_919_p2    |     *    |      1|  0|   5|          16|           9|
    |mul_ln1118_253_fu_1089_p2   |     *    |      1|  0|   5|          16|          10|
    |mul_ln1118_254_fu_1181_p2   |     *    |      1|  0|   5|          16|           8|
    |mul_ln1118_255_fu_1002_p2   |     *    |      1|  0|   5|          16|          10|
    |mul_ln1118_256_fu_1210_p2   |     *    |      1|  0|   5|          16|           8|
    |mul_ln1118_257_fu_1079_p2   |     *    |      1|  0|   5|          16|           9|
    |mul_ln1118_258_fu_1037_p2   |     *    |      1|  0|   5|          16|           8|
    |mul_ln1118_259_fu_995_p2    |     *    |      1|  0|   5|          16|          10|
    |mul_ln1118_25_fu_1027_p2    |     *    |      1|  0|   5|          16|           9|
    |mul_ln1118_260_fu_1092_p2   |     *    |      1|  0|   5|          16|           9|
    |mul_ln1118_261_fu_1050_p2   |     *    |      1|  0|   5|          16|          10|
    |mul_ln1118_262_fu_996_p2    |     *    |      1|  0|   5|          16|          10|
    |mul_ln1118_263_fu_1176_p2   |     *    |      1|  0|   5|          16|          10|
    |mul_ln1118_264_fu_1061_p2   |     *    |      1|  0|   5|          16|          12|
    |mul_ln1118_265_fu_985_p2    |     *    |      1|  0|   5|          16|          11|
    |mul_ln1118_266_fu_999_p2    |     *    |      1|  0|   5|          16|          10|
    |mul_ln1118_267_fu_1188_p2   |     *    |      1|  0|   5|          16|           9|
    |mul_ln1118_268_fu_1057_p2   |     *    |      1|  0|   5|          16|           9|
    |mul_ln1118_269_fu_1104_p2   |     *    |      1|  0|   5|          16|           9|
    |mul_ln1118_26_fu_1024_p2    |     *    |      1|  0|   5|          16|          10|
    |mul_ln1118_270_fu_1201_p2   |     *    |      1|  0|   5|          16|          10|
    |mul_ln1118_271_fu_1209_p2   |     *    |      1|  0|   5|          16|          10|
    |mul_ln1118_272_fu_1028_p2   |     *    |      1|  0|   5|          16|          10|
    |mul_ln1118_273_fu_1074_p2   |     *    |      1|  0|   5|          16|           9|
    |mul_ln1118_274_fu_1143_p2   |     *    |      1|  0|   5|          16|          10|
    |mul_ln1118_275_fu_980_p2    |     *    |      1|  0|   5|          16|          10|
    |mul_ln1118_276_fu_1046_p2   |     *    |      1|  0|   5|          16|          10|
    |mul_ln1118_277_fu_1124_p2   |     *    |      1|  0|   5|          16|           9|
    |mul_ln1118_278_fu_1166_p2   |     *    |      1|  0|   5|          16|          10|
    |mul_ln1118_279_fu_1035_p2   |     *    |      1|  0|   5|          16|          11|
    |mul_ln1118_27_fu_943_p2     |     *    |      1|  0|   5|          16|          11|
    |mul_ln1118_280_fu_993_p2    |     *    |      1|  0|   5|          16|           9|
    |mul_ln1118_281_fu_951_p2    |     *    |      0|  0|   5|          16|           4|
    |mul_ln1118_282_fu_1087_p2   |     *    |      1|  0|   5|          16|          10|
    |mul_ln1118_283_fu_1219_p2   |     *    |      1|  0|   5|          16|           8|
    |mul_ln1118_284_fu_936_p2    |     *    |      1|  0|   5|          16|          11|
    |mul_ln1118_285_fu_1221_p2   |     *    |      1|  0|   5|          16|           7|
    |mul_ln1118_28_fu_1129_p2    |     *    |      1|  0|   5|          16|           9|
    |mul_ln1118_29_fu_987_p2     |     *    |      1|  0|   5|          16|          11|
    |mul_ln1118_30_fu_1134_p2    |     *    |      1|  0|   5|          16|           9|
    |mul_ln1118_31_fu_1072_p2    |     *    |      1|  0|   5|          16|           9|
    |mul_ln1118_32_fu_986_p2     |     *    |      1|  0|   5|          16|           8|
    |mul_ln1118_33_fu_1186_p2    |     *    |      1|  0|   5|          16|          10|
    |mul_ln1118_34_fu_1178_p2    |     *    |      1|  0|   5|          16|          10|
    |mul_ln1118_35_fu_1047_p2    |     *    |      1|  0|   5|          16|          11|
    |mul_ln1118_36_fu_1144_p2    |     *    |      1|  0|   5|          16|           9|
    |mul_ln1118_37_fu_1102_p2    |     *    |      1|  0|   5|          16|           8|
    |mul_ln1118_38_fu_1010_p2    |     *    |      1|  0|   5|          16|           7|
    |mul_ln1118_39_fu_1018_p2    |     *    |      1|  0|   5|          16|          10|
    |mul_ln1118_40_fu_976_p2     |     *    |      1|  0|   5|          16|           9|
    |mul_ln1118_41_fu_1206_p2    |     *    |      1|  0|   5|          16|           8|
    |mul_ln1118_42_fu_923_p2     |     *    |      1|  0|   5|          16|           9|
    |mul_ln1118_43_fu_1137_p2    |     *    |      1|  0|   5|          16|           9|
    |mul_ln1118_44_fu_1125_p2    |     *    |      1|  0|   5|          16|           9|
    |mul_ln1118_45_fu_1126_p2    |     *    |      1|  0|   5|          16|           9|
    |mul_ln1118_46_fu_1025_p2    |     *    |      1|  0|   5|          16|          10|
    |mul_ln1118_47_fu_1211_p2    |     *    |      1|  0|   5|          16|          11|
    |mul_ln1118_48_fu_1080_p2    |     *    |      1|  0|   5|          16|           9|
    |mul_ln1118_49_fu_1038_p2    |     *    |      1|  0|   5|          16|           6|
    |mul_ln1118_50_fu_1135_p2    |     *    |      1|  0|   5|          16|           5|
    |mul_ln1118_51_fu_1073_p2    |     *    |      1|  0|   5|          16|          10|
    |mul_ln1118_52_fu_1179_p2    |     *    |      1|  0|   5|          16|           9|
    |mul_ln1118_53_fu_1075_p2    |     *    |      1|  0|   5|          16|           8|
    |mul_ln1118_54_fu_960_p2     |     *    |      1|  0|   5|          16|           6|
    |mul_ln1118_55_fu_1064_p2    |     *    |      1|  0|   5|          16|          10|
    |mul_ln1118_56_fu_1187_p2    |     *    |      1|  0|   5|          16|          10|
    |mul_ln1118_57_fu_1142_p2    |     *    |      1|  0|   5|          16|          10|
    |mul_ln1118_58_fu_1100_p2    |     *    |      1|  0|   5|          16|           9|
    |mul_ln1118_59_fu_1147_p2    |     *    |      1|  0|   5|          16|           7|
    |mul_ln1118_60_fu_1155_p2    |     *    |      1|  0|   5|          16|          11|
    |mul_ln1118_61_fu_974_p2     |     *    |      1|  0|   5|          16|          11|
    |mul_ln1118_62_fu_971_p2     |     *    |      1|  0|   5|          16|           7|
    |mul_ln1118_63_fu_1078_p2    |     *    |      1|  0|   5|          16|           8|
    |mul_ln1118_64_fu_1042_p2    |     *    |      1|  0|   5|          16|           9|
    |mul_ln1118_65_fu_1204_p2    |     *    |      1|  0|   5|          16|          11|
    |mul_ln1118_66_fu_926_p2     |     *    |      1|  0|   5|          16|           6|
    |mul_ln1118_67_fu_1139_p2    |     *    |      1|  0|   5|          16|          10|
    |mul_ln1118_68_fu_1148_p2    |     *    |      1|  0|   5|          16|          10|
    |mul_ln1118_69_fu_1117_p2    |     *    |      1|  0|   5|          16|           8|
    |mul_ln1118_70_fu_1175_p2    |     *    |      1|  0|   5|          16|          10|
    |mul_ln1118_71_fu_994_p2     |     *    |      1|  0|   5|          16|          11|
    |mul_ln1118_72_fu_952_p2     |     *    |      1|  0|   5|          16|           8|
    |mul_ln1118_73_fu_1118_p2    |     *    |      1|  0|   5|          16|          10|
    |mul_ln1118_74_fu_1119_p2    |     *    |      1|  0|   5|          16|           7|
    |mul_ln1118_75_fu_978_p2     |     *    |      1|  0|   5|          16|           8|
    |mul_ln1118_76_fu_1044_p2    |     *    |      1|  0|   5|          16|          10|
    |mul_ln1118_77_fu_1077_p2    |     *    |      1|  0|   5|          16|           8|
    |mul_ln1118_78_fu_988_p2     |     *    |      1|  0|   5|          16|           9|
    |mul_ln1118_79_fu_959_p2     |     *    |      1|  0|   5|          16|          10|
    |mul_ln1118_80_fu_1056_p2    |     *    |      1|  0|   5|          16|           7|
    |mul_ln1118_81_fu_1053_p2    |     *    |      1|  0|   5|          16|           8|
    |mul_ln1118_82_fu_1111_p2    |     *    |      1|  0|   5|          16|           7|
    |mul_ln1118_83_fu_1208_p2    |     *    |      1|  0|   5|          16|           9|
    |mul_ln1118_84_fu_1159_p2    |     *    |      1|  0|   5|          16|           9|
    |mul_ln1118_85_fu_1191_p2    |     *    |      1|  0|   5|          16|           6|
    |mul_ln1118_86_fu_982_p2     |     *    |      1|  0|   5|          16|          11|
    |mul_ln1118_87_fu_1169_p2    |     *    |      1|  0|   5|          16|          11|
    |mul_ln1118_88_fu_1170_p2    |     *    |      1|  0|   5|          16|          10|
    |mul_ln1118_89_fu_1049_p2    |     *    |      1|  0|   5|          16|          11|
    |mul_ln1118_90_fu_928_p2     |     *    |      1|  0|   5|          16|          10|
    |mul_ln1118_91_fu_1123_p2    |     *    |      1|  0|   5|          16|           8|
    |mul_ln1118_92_fu_1131_p2    |     *    |      0|  0|   5|          16|           4|
    |mul_ln1118_93_fu_950_p2     |     *    |      1|  0|   5|          16|           8|
    |mul_ln1118_94_fu_1136_p2    |     *    |      1|  0|   5|          16|           8|
    |mul_ln1118_95_fu_1200_p2    |     *    |      1|  0|   5|          16|           9|
    |mul_ln1118_96_fu_1059_p2    |     *    |      1|  0|   5|          16|           9|
    |mul_ln1118_97_fu_1060_p2    |     *    |      1|  0|   5|          16|          11|
    |mul_ln1118_98_fu_1108_p2    |     *    |      1|  0|   5|          16|          11|
    |mul_ln1118_99_fu_1109_p2    |     *    |      1|  0|   5|          16|          11|
    |mul_ln1118_fu_1062_p2       |     *    |      1|  0|   5|          16|           8|
    |add_ln1118_1_fu_359244_p2   |     +    |      0|  0|  31|          24|          24|
    |add_ln1118_2_fu_360931_p2   |     +    |      0|  0|  29|          22|          22|
    |add_ln1118_3_fu_361655_p2   |     +    |      0|  0|  32|          25|          25|
    |add_ln1118_4_fu_362676_p2   |     +    |      0|  0|  31|          24|          24|
    |add_ln1118_fu_359054_p2     |     +    |      0|  0|  30|          23|          23|
    |add_ln703_100_fu_363931_p2  |     +    |      0|  0|  23|          16|          16|
    |add_ln703_101_fu_363937_p2  |     +    |      0|  0|  16|          16|          16|
    |add_ln703_102_fu_363943_p2  |     +    |      0|  0|  16|          16|          16|
    |add_ln703_103_fu_363949_p2  |     +    |      0|  0|  23|          16|          16|
    |add_ln703_104_fu_363955_p2  |     +    |      0|  0|  16|          16|          16|
    |add_ln703_105_fu_363961_p2  |     +    |      0|  0|  16|          16|          16|
    |add_ln703_106_fu_363967_p2  |     +    |      0|  0|  23|          16|          16|
    |add_ln703_107_fu_363973_p2  |     +    |      0|  0|  16|          16|          16|
    |add_ln703_108_fu_363979_p2  |     +    |      0|  0|  16|          16|          16|
    |add_ln703_109_fu_363985_p2  |     +    |      0|  0|  16|          16|          16|
    |add_ln703_10_fu_363311_p2   |     +    |      0|  0|  23|          16|          16|
    |add_ln703_110_fu_363991_p2  |     +    |      0|  0|  16|          16|          16|
    |add_ln703_111_fu_363997_p2  |     +    |      0|  0|  23|          16|          16|
    |add_ln703_112_fu_364003_p2  |     +    |      0|  0|  16|          16|          16|
    |add_ln703_113_fu_364009_p2  |     +    |      0|  0|  16|          16|          16|
    |add_ln703_114_fu_364015_p2  |     +    |      0|  0|  23|          16|          16|
    |add_ln703_115_fu_364021_p2  |     +    |      0|  0|  23|          16|          16|
    |add_ln703_116_fu_364027_p2  |     +    |      0|  0|  16|          16|          16|
    |add_ln703_117_fu_364033_p2  |     +    |      0|  0|  16|          16|          16|
    |add_ln703_118_fu_364039_p2  |     +    |      0|  0|  22|          15|          15|
    |add_ln703_119_fu_364049_p2  |     +    |      0|  0|  22|          15|          15|
    |add_ln703_11_fu_363317_p2   |     +    |      0|  0|  16|          16|          16|
    |add_ln703_120_fu_364059_p2  |     +    |      0|  0|  16|          16|          16|
    |add_ln703_121_fu_364065_p2  |     +    |      0|  0|  16|          14|          14|
    |add_ln703_122_fu_364071_p2  |     +    |      0|  0|  18|          11|           5|
    |add_ln703_123_fu_364081_p2  |     +    |      0|  0|  19|          12|          12|
    |add_ln703_124_fu_364091_p2  |     +    |      0|  0|  16|          14|          14|
    |add_ln703_125_fu_364101_p2  |     +    |      0|  0|  16|          16|          16|
    |add_ln703_126_fu_364107_p2  |     +    |      0|  0|  16|          16|          16|
    |add_ln703_127_fu_364113_p2  |     +    |      0|  0|  16|          16|          16|
    |add_ln703_128_fu_364119_p2  |     +    |      0|  0|  23|          16|          16|
    |add_ln703_129_fu_364125_p2  |     +    |      0|  0|  16|          16|          16|
    |add_ln703_12_fu_363323_p2   |     +    |      0|  0|  16|          16|          16|
    |add_ln703_130_fu_364131_p2  |     +    |      0|  0|  16|          16|          16|
    |add_ln703_131_fu_364137_p2  |     +    |      0|  0|  23|          16|          16|
    |add_ln703_132_fu_364143_p2  |     +    |      0|  0|  23|          16|          16|
    |add_ln703_133_fu_364149_p2  |     +    |      0|  0|  16|          16|          16|
    |add_ln703_134_fu_364155_p2  |     +    |      0|  0|  16|          16|          16|
    |add_ln703_135_fu_364161_p2  |     +    |      0|  0|  23|          16|          16|
    |add_ln703_136_fu_364167_p2  |     +    |      0|  0|  16|          16|          16|
    |add_ln703_137_fu_364173_p2  |     +    |      0|  0|  16|          16|          16|
    |add_ln703_138_fu_364179_p2  |     +    |      0|  0|  23|          16|          16|
    |add_ln703_139_fu_364185_p2  |     +    |      0|  0|  16|          16|          16|
    |add_ln703_13_fu_363329_p2   |     +    |      0|  0|  16|          16|          16|
    |add_ln703_140_fu_364191_p2  |     +    |      0|  0|  16|          16|          16|
    |add_ln703_141_fu_364197_p2  |     +    |      0|  0|  16|          16|          16|
    |add_ln703_142_fu_364203_p2  |     +    |      0|  0|  16|          16|          16|
    |add_ln703_143_fu_364209_p2  |     +    |      0|  0|  23|          16|          16|
    |add_ln703_144_fu_364215_p2  |     +    |      0|  0|  16|          16|          16|
    |add_ln703_145_fu_364221_p2  |     +    |      0|  0|  16|          16|          16|
    |add_ln703_146_fu_364227_p2  |     +    |      0|  0|  23|          16|          16|
    |add_ln703_147_fu_364233_p2  |     +    |      0|  0|  23|          16|          16|
    |add_ln703_148_fu_364239_p2  |     +    |      0|  0|  16|          16|          16|
    |add_ln703_149_fu_364245_p2  |     +    |      0|  0|  16|          16|          16|
    |add_ln703_14_fu_363335_p2   |     +    |      0|  0|  16|          16|          16|
    |add_ln703_150_fu_364251_p2  |     +    |      0|  0|  22|          15|          15|
    |add_ln703_151_fu_364261_p2  |     +    |      0|  0|  21|          14|          14|
    |add_ln703_152_fu_364271_p2  |     +    |      0|  0|  16|          16|          16|
    |add_ln703_153_fu_364277_p2  |     +    |      0|  0|  21|          14|          14|
    |add_ln703_154_fu_364287_p2  |     +    |      0|  0|  19|          12|           9|
    |add_ln703_155_fu_364297_p2  |     +    |      0|  0|  20|          13|          13|
    |add_ln703_156_fu_364307_p2  |     +    |      0|  0|  22|          15|          15|
    |add_ln703_157_fu_364317_p2  |     +    |      0|  0|  16|          16|          16|
    |add_ln703_158_fu_364323_p2  |     +    |      0|  0|  16|          16|          16|
    |add_ln703_159_fu_364329_p2  |     +    |      0|  0|  16|          16|          16|
    |add_ln703_15_fu_363341_p2   |     +    |      0|  0|  23|          16|          16|
    |add_ln703_160_fu_364335_p2  |     +    |      0|  0|  23|          16|          16|
    |add_ln703_161_fu_364341_p2  |     +    |      0|  0|  16|          16|          16|
    |add_ln703_162_fu_364347_p2  |     +    |      0|  0|  16|          16|          16|
    |add_ln703_163_fu_364353_p2  |     +    |      0|  0|  23|          16|          16|
    |add_ln703_164_fu_364359_p2  |     +    |      0|  0|  23|          16|          16|
    |add_ln703_165_fu_364365_p2  |     +    |      0|  0|  16|          16|          16|
    |add_ln703_166_fu_364371_p2  |     +    |      0|  0|  16|          16|          16|
    |add_ln703_167_fu_364377_p2  |     +    |      0|  0|  23|          16|          16|
    |add_ln703_168_fu_364383_p2  |     +    |      0|  0|  16|          16|          16|
    |add_ln703_169_fu_364389_p2  |     +    |      0|  0|  16|          16|          16|
    |add_ln703_16_fu_363347_p2   |     +    |      0|  0|  16|          16|          16|
    |add_ln703_170_fu_364395_p2  |     +    |      0|  0|  23|          16|          16|
    |add_ln703_171_fu_364401_p2  |     +    |      0|  0|  16|          16|          16|
    |add_ln703_172_fu_364407_p2  |     +    |      0|  0|  16|          16|          16|
    |add_ln703_173_fu_364413_p2  |     +    |      0|  0|  16|          16|          16|
    |add_ln703_174_fu_364419_p2  |     +    |      0|  0|  16|          16|          16|
    |add_ln703_175_fu_364425_p2  |     +    |      0|  0|  23|          16|          16|
    |add_ln703_176_fu_364431_p2  |     +    |      0|  0|  16|          16|          16|
    |add_ln703_177_fu_364437_p2  |     +    |      0|  0|  16|          16|          16|
    |add_ln703_178_fu_364443_p2  |     +    |      0|  0|  23|          16|          16|
    |add_ln703_179_fu_364449_p2  |     +    |      0|  0|  23|          16|          16|
    |add_ln703_17_fu_363353_p2   |     +    |      0|  0|  16|          16|          16|
    |add_ln703_180_fu_364455_p2  |     +    |      0|  0|  16|          16|          16|
    |add_ln703_181_fu_364461_p2  |     +    |      0|  0|  16|          16|          16|
    |add_ln703_182_fu_364467_p2  |     +    |      0|  0|  22|          15|          15|
    |add_ln703_183_fu_364477_p2  |     +    |      0|  0|  22|          15|          15|
    |add_ln703_184_fu_364487_p2  |     +    |      0|  0|  16|          16|          16|
    |add_ln703_185_fu_364493_p2  |     +    |      0|  0|  16|          15|          15|
    |add_ln703_186_fu_364499_p2  |     +    |      0|  0|  18|          11|           9|
    |add_ln703_187_fu_364509_p2  |     +    |      0|  0|  20|          13|          13|
    |add_ln703_188_fu_364519_p2  |     +    |      0|  0|  16|          15|          15|
    |add_ln703_189_fu_364529_p2  |     +    |      0|  0|  16|          16|          16|
    |add_ln703_18_fu_363359_p2   |     +    |      0|  0|  23|          16|          16|
    |add_ln703_190_fu_364535_p2  |     +    |      0|  0|  16|          16|          16|
    |add_ln703_191_fu_364541_p2  |     +    |      0|  0|  16|          16|          16|
    |add_ln703_192_fu_364547_p2  |     +    |      0|  0|  23|          16|          16|
    |add_ln703_193_fu_364553_p2  |     +    |      0|  0|  16|          16|          16|
    |add_ln703_194_fu_364559_p2  |     +    |      0|  0|  16|          16|          16|
    |add_ln703_195_fu_364565_p2  |     +    |      0|  0|  23|          16|          16|
    |add_ln703_196_fu_364571_p2  |     +    |      0|  0|  23|          16|          16|
    |add_ln703_197_fu_364577_p2  |     +    |      0|  0|  16|          16|          16|
    |add_ln703_198_fu_364583_p2  |     +    |      0|  0|  16|          16|          16|
    |add_ln703_199_fu_364589_p2  |     +    |      0|  0|  23|          16|          16|
    |add_ln703_19_fu_363365_p2   |     +    |      0|  0|  22|          15|          15|
    |add_ln703_1_fu_363257_p2    |     +    |      0|  0|  16|          16|          16|
    |add_ln703_200_fu_364595_p2  |     +    |      0|  0|  16|          16|          16|
    |add_ln703_201_fu_364601_p2  |     +    |      0|  0|  16|          16|          16|
    |add_ln703_202_fu_364607_p2  |     +    |      0|  0|  23|          16|          16|
    |add_ln703_203_fu_364613_p2  |     +    |      0|  0|  16|          16|          16|
    |add_ln703_204_fu_364619_p2  |     +    |      0|  0|  16|          16|          16|
    |add_ln703_205_fu_364625_p2  |     +    |      0|  0|  16|          16|          16|
    |add_ln703_206_fu_364631_p2  |     +    |      0|  0|  16|          16|          16|
    |add_ln703_207_fu_364637_p2  |     +    |      0|  0|  23|          16|          16|
    |add_ln703_208_fu_364643_p2  |     +    |      0|  0|  16|          16|          16|
    |add_ln703_209_fu_364649_p2  |     +    |      0|  0|  16|          16|          16|
    |add_ln703_20_fu_363375_p2   |     +    |      0|  0|  16|          16|          16|
    |add_ln703_210_fu_364655_p2  |     +    |      0|  0|  23|          16|          16|
    |add_ln703_211_fu_364661_p2  |     +    |      0|  0|  23|          16|          16|
    |add_ln703_212_fu_364667_p2  |     +    |      0|  0|  16|          16|          16|
    |add_ln703_213_fu_364673_p2  |     +    |      0|  0|  16|          16|          16|
    |add_ln703_214_fu_364679_p2  |     +    |      0|  0|  23|          16|          16|
    |add_ln703_215_fu_364685_p2  |     +    |      0|  0|  16|          16|          16|
    |add_ln703_216_fu_364691_p2  |     +    |      0|  0|  16|          16|          16|
    |add_ln703_217_fu_364697_p2  |     +    |      0|  0|  22|          15|          15|
    |add_ln703_218_fu_364707_p2  |     +    |      0|  0|  17|          10|           7|
    |add_ln703_219_fu_364717_p2  |     +    |      0|  0|  22|          15|          15|
    |add_ln703_21_fu_363381_p2   |     +    |      0|  0|  16|          16|          16|
    |add_ln703_220_fu_364727_p2  |     +    |      0|  0|  16|          16|          16|
    |add_ln703_221_fu_364733_p2  |     +    |      0|  0|  16|          16|          16|
    |add_ln703_222_fu_364739_p2  |     +    |      0|  0|  16|          16|          16|
    |add_ln703_223_fu_364745_p2  |     +    |      0|  0|  16|          16|          16|
    |add_ln703_224_fu_364751_p2  |     +    |      0|  0|  23|          16|          16|
    |add_ln703_225_fu_364757_p2  |     +    |      0|  0|  16|          16|          16|
    |add_ln703_226_fu_364763_p2  |     +    |      0|  0|  16|          16|          16|
    |add_ln703_227_fu_364769_p2  |     +    |      0|  0|  23|          16|          16|
    |add_ln703_228_fu_364775_p2  |     +    |      0|  0|  23|          16|          16|
    |add_ln703_229_fu_364781_p2  |     +    |      0|  0|  16|          16|          16|
    |add_ln703_22_fu_363387_p2   |     +    |      0|  0|  22|          15|          15|
    |add_ln703_230_fu_364787_p2  |     +    |      0|  0|  16|          16|          16|
    |add_ln703_231_fu_364793_p2  |     +    |      0|  0|  23|          16|          16|
    |add_ln703_232_fu_364799_p2  |     +    |      0|  0|  16|          16|          16|
    |add_ln703_233_fu_364805_p2  |     +    |      0|  0|  16|          16|          16|
    |add_ln703_234_fu_364811_p2  |     +    |      0|  0|  23|          16|          16|
    |add_ln703_235_fu_364817_p2  |     +    |      0|  0|  16|          16|          16|
    |add_ln703_236_fu_364823_p2  |     +    |      0|  0|  16|          16|          16|
    |add_ln703_237_fu_364829_p2  |     +    |      0|  0|  16|          16|          16|
    |add_ln703_238_fu_364835_p2  |     +    |      0|  0|  16|          16|          16|
    |add_ln703_239_fu_364841_p2  |     +    |      0|  0|  23|          16|          16|
    |add_ln703_23_fu_363397_p2   |     +    |      0|  0|  21|          14|          14|
    |add_ln703_240_fu_364847_p2  |     +    |      0|  0|  16|          16|          16|
    |add_ln703_241_fu_364853_p2  |     +    |      0|  0|  16|          16|          16|
    |add_ln703_242_fu_364859_p2  |     +    |      0|  0|  23|          16|          16|
    |add_ln703_243_fu_364865_p2  |     +    |      0|  0|  22|          15|          15|
    |add_ln703_244_fu_364875_p2  |     +    |      0|  0|  16|          16|          16|
    |add_ln703_245_fu_364881_p2  |     +    |      0|  0|  16|          16|          16|
    |add_ln703_246_fu_364887_p2  |     +    |      0|  0|  22|          15|          15|
    |add_ln703_247_fu_364897_p2  |     +    |      0|  0|  22|          15|          15|
    |add_ln703_248_fu_364907_p2  |     +    |      0|  0|  16|          16|          16|
    |add_ln703_249_fu_364913_p2  |     +    |      0|  0|  21|          14|          14|
    |add_ln703_24_fu_363407_p2   |     +    |      0|  0|  16|          16|          16|
    |add_ln703_250_fu_364923_p2  |     +    |      0|  0|  19|          12|          10|
    |add_ln703_251_fu_364933_p2  |     +    |      0|  0|  20|          13|          13|
    |add_ln703_252_fu_364943_p2  |     +    |      0|  0|  22|          15|          15|
    |add_ln703_253_fu_364953_p2  |     +    |      0|  0|  16|          16|          16|
    |add_ln703_254_fu_364959_p2  |     +    |      0|  0|  16|          16|          16|
    |add_ln703_255_fu_364965_p2  |     +    |      0|  0|  16|          16|          16|
    |add_ln703_256_fu_364971_p2  |     +    |      0|  0|  23|          16|          16|
    |add_ln703_257_fu_364977_p2  |     +    |      0|  0|  16|          16|          16|
    |add_ln703_258_fu_364983_p2  |     +    |      0|  0|  16|          16|          16|
    |add_ln703_259_fu_364989_p2  |     +    |      0|  0|  23|          16|          16|
    |add_ln703_25_fu_363413_p2   |     +    |      0|  0|  20|          13|          13|
    |add_ln703_260_fu_364995_p2  |     +    |      0|  0|  23|          16|          16|
    |add_ln703_261_fu_365001_p2  |     +    |      0|  0|  16|          16|          16|
    |add_ln703_262_fu_365007_p2  |     +    |      0|  0|  16|          16|          16|
    |add_ln703_263_fu_365013_p2  |     +    |      0|  0|  23|          16|          16|
    |add_ln703_264_fu_365019_p2  |     +    |      0|  0|  16|          16|          16|
    |add_ln703_265_fu_365025_p2  |     +    |      0|  0|  16|          16|          16|
    |add_ln703_266_fu_365031_p2  |     +    |      0|  0|  23|          16|          16|
    |add_ln703_267_fu_365037_p2  |     +    |      0|  0|  16|          16|          16|
    |add_ln703_268_fu_365043_p2  |     +    |      0|  0|  16|          16|          16|
    |add_ln703_269_fu_365049_p2  |     +    |      0|  0|  16|          16|          16|
    |add_ln703_26_fu_363423_p2   |     +    |      0|  0|  16|           9|           6|
    |add_ln703_270_fu_365055_p2  |     +    |      0|  0|  16|          16|          16|
    |add_ln703_271_fu_365061_p2  |     +    |      0|  0|  23|          16|          16|
    |add_ln703_272_fu_365067_p2  |     +    |      0|  0|  16|          16|          16|
    |add_ln703_273_fu_365073_p2  |     +    |      0|  0|  16|          16|          16|
    |add_ln703_274_fu_365079_p2  |     +    |      0|  0|  23|          16|          16|
    |add_ln703_275_fu_365085_p2  |     +    |      0|  0|  23|          16|          16|
    |add_ln703_276_fu_365091_p2  |     +    |      0|  0|  16|          16|          16|
    |add_ln703_277_fu_365097_p2  |     +    |      0|  0|  16|          16|          16|
    |add_ln703_278_fu_365103_p2  |     +    |      0|  0|  22|          15|          15|
    |add_ln703_279_fu_365113_p2  |     +    |      0|  0|  22|          15|          15|
    |add_ln703_27_fu_363433_p2   |     +    |      0|  0|  20|          13|          13|
    |add_ln703_280_fu_365123_p2  |     +    |      0|  0|  23|          16|          16|
    |add_ln703_281_fu_365129_p2  |     +    |      0|  0|  22|          15|          15|
    |add_ln703_282_fu_365139_p2  |     +    |      0|  0|  20|          13|          10|
    |add_ln703_283_fu_365149_p2  |     +    |      0|  0|  21|          14|          14|
    |add_ln703_284_fu_365159_p2  |     +    |      0|  0|  16|          16|          16|
    |add_ln703_285_fu_365165_p2  |     +    |      0|  0|  16|          16|          16|
    |add_ln703_286_fu_365171_p2  |     +    |      0|  0|  16|          16|          16|
    |add_ln703_287_fu_365177_p2  |     +    |      0|  0|  16|          16|          16|
    |add_ln703_288_fu_365183_p2  |     +    |      0|  0|  23|          16|          16|
    |add_ln703_289_fu_365189_p2  |     +    |      0|  0|  16|          16|          16|
    |add_ln703_28_fu_363443_p2   |     +    |      0|  0|  21|          14|          14|
    |add_ln703_290_fu_365195_p2  |     +    |      0|  0|  16|          16|          16|
    |add_ln703_291_fu_365201_p2  |     +    |      0|  0|  23|          16|          16|
    |add_ln703_292_fu_365207_p2  |     +    |      0|  0|  23|          16|          16|
    |add_ln703_293_fu_365213_p2  |     +    |      0|  0|  16|          16|          16|
    |add_ln703_294_fu_365219_p2  |     +    |      0|  0|  16|          16|          16|
    |add_ln703_295_fu_365225_p2  |     +    |      0|  0|  23|          16|          16|
    |add_ln703_296_fu_365231_p2  |     +    |      0|  0|  16|          16|          16|
    |add_ln703_297_fu_365237_p2  |     +    |      0|  0|  16|          16|          16|
    |add_ln703_298_fu_365243_p2  |     +    |      0|  0|  23|          16|          16|
    |add_ln703_299_fu_365249_p2  |     +    |      0|  0|  16|          16|          16|
    |add_ln703_29_fu_363453_p2   |     +    |      0|  0|  16|          16|          16|
    |add_ln703_2_fu_363263_p2    |     +    |      0|  0|  16|          16|          16|
    |add_ln703_300_fu_365255_p2  |     +    |      0|  0|  16|          16|          16|
    |add_ln703_301_fu_365261_p2  |     +    |      0|  0|  16|          16|          16|
    |add_ln703_302_fu_365267_p2  |     +    |      0|  0|  16|          16|          16|
    |add_ln703_303_fu_365273_p2  |     +    |      0|  0|  23|          16|          16|
    |add_ln703_304_fu_365279_p2  |     +    |      0|  0|  16|          16|          16|
    |add_ln703_305_fu_365285_p2  |     +    |      0|  0|  16|          16|          16|
    |add_ln703_306_fu_365291_p2  |     +    |      0|  0|  23|          16|          16|
    |add_ln703_307_fu_365297_p2  |     +    |      0|  0|  23|          16|          16|
    |add_ln703_308_fu_365303_p2  |     +    |      0|  0|  16|          16|          16|
    |add_ln703_309_fu_365309_p2  |     +    |      0|  0|  16|          16|          16|
    |add_ln703_30_fu_363459_p2   |     +    |      0|  0|  16|          16|          16|
    |add_ln703_310_fu_365315_p2  |     +    |      0|  0|  23|          16|          16|
    |add_ln703_311_fu_365321_p2  |     +    |      0|  0|  22|          15|          15|
    |add_ln703_312_fu_365331_p2  |     +    |      0|  0|  16|          16|          16|
    |add_ln703_313_fu_365337_p2  |     +    |      0|  0|  21|          14|          14|
    |add_ln703_314_fu_365347_p2  |     +    |      0|  0|  20|          13|           7|
    |add_ln703_315_fu_365357_p2  |     +    |      0|  0|  21|          14|          14|
    |add_ln703_316_fu_365367_p2  |     +    |      0|  0|  22|          15|          15|
    |add_ln703_317_fu_365377_p2  |     +    |      0|  0|  16|          16|          16|
    |add_ln703_318_fu_365383_p2  |     +    |      0|  0|  16|          16|          16|
    |add_ln703_319_fu_365389_p2  |     +    |      0|  0|  16|          16|          16|
    |add_ln703_31_fu_363465_p2   |     +    |      0|  0|  16|          16|          16|
    |add_ln703_32_fu_363471_p2   |     +    |      0|  0|  23|          16|          16|
    |add_ln703_33_fu_363477_p2   |     +    |      0|  0|  16|          16|          16|
    |add_ln703_34_fu_363483_p2   |     +    |      0|  0|  16|          16|          16|
    |add_ln703_35_fu_363489_p2   |     +    |      0|  0|  23|          16|          16|
    |add_ln703_36_fu_363495_p2   |     +    |      0|  0|  23|          16|          16|
    |add_ln703_37_fu_363501_p2   |     +    |      0|  0|  16|          16|          16|
    |add_ln703_38_fu_363507_p2   |     +    |      0|  0|  16|          16|          16|
    |add_ln703_39_fu_363513_p2   |     +    |      0|  0|  23|          16|          16|
    |add_ln703_3_fu_363269_p2    |     +    |      0|  0|  23|          16|          16|
    |add_ln703_40_fu_363519_p2   |     +    |      0|  0|  16|          16|          16|
    |add_ln703_41_fu_363525_p2   |     +    |      0|  0|  16|          16|          16|
    |add_ln703_42_fu_363531_p2   |     +    |      0|  0|  23|          16|          16|
    |add_ln703_43_fu_363537_p2   |     +    |      0|  0|  16|          16|          16|
    |add_ln703_44_fu_363543_p2   |     +    |      0|  0|  16|          16|          16|
    |add_ln703_45_fu_363549_p2   |     +    |      0|  0|  16|          16|          16|
    |add_ln703_46_fu_363555_p2   |     +    |      0|  0|  16|          16|          16|
    |add_ln703_47_fu_363561_p2   |     +    |      0|  0|  23|          16|          16|
    |add_ln703_48_fu_363567_p2   |     +    |      0|  0|  16|          16|          16|
    |add_ln703_49_fu_363573_p2   |     +    |      0|  0|  16|          16|          16|
    |add_ln703_4_fu_363275_p2    |     +    |      0|  0|  23|          16|          16|
    |add_ln703_50_fu_363579_p2   |     +    |      0|  0|  23|          16|          16|
    |add_ln703_51_fu_363585_p2   |     +    |      0|  0|  22|          15|          15|
    |add_ln703_52_fu_363595_p2   |     +    |      0|  0|  16|          16|          16|
    |add_ln703_53_fu_363601_p2   |     +    |      0|  0|  16|          16|          16|
    |add_ln703_54_fu_363607_p2   |     +    |      0|  0|  21|          14|          14|
    |add_ln703_55_fu_363617_p2   |     +    |      0|  0|  21|          14|          14|
    |add_ln703_56_fu_363627_p2   |     +    |      0|  0|  22|          15|          15|
    |add_ln703_57_fu_363637_p2   |     +    |      0|  0|  20|          13|          13|
    |add_ln703_58_fu_363647_p2   |     +    |      0|  0|  20|          13|           8|
    |add_ln703_59_fu_363657_p2   |     +    |      0|  0|  21|          14|          14|
    |add_ln703_5_fu_363281_p2    |     +    |      0|  0|  16|          16|          16|
    |add_ln703_60_fu_363667_p2   |     +    |      0|  0|  22|          15|          15|
    |add_ln703_61_fu_363677_p2   |     +    |      0|  0|  23|          16|          16|
    |add_ln703_62_fu_363683_p2   |     +    |      0|  0|  16|          16|          16|
    |add_ln703_63_fu_363689_p2   |     +    |      0|  0|  16|          16|          16|
    |add_ln703_64_fu_363695_p2   |     +    |      0|  0|  23|          16|          16|
    |add_ln703_65_fu_363701_p2   |     +    |      0|  0|  16|          16|          16|
    |add_ln703_66_fu_363707_p2   |     +    |      0|  0|  16|          16|          16|
    |add_ln703_67_fu_363713_p2   |     +    |      0|  0|  23|          16|          16|
    |add_ln703_68_fu_363719_p2   |     +    |      0|  0|  23|          16|          16|
    |add_ln703_69_fu_363725_p2   |     +    |      0|  0|  16|          16|          16|
    |add_ln703_6_fu_363287_p2    |     +    |      0|  0|  16|          16|          16|
    |add_ln703_70_fu_363731_p2   |     +    |      0|  0|  16|          16|          16|
    |add_ln703_71_fu_363737_p2   |     +    |      0|  0|  23|          16|          16|
    |add_ln703_72_fu_363743_p2   |     +    |      0|  0|  16|          16|          16|
    |add_ln703_73_fu_363749_p2   |     +    |      0|  0|  16|          16|          16|
    |add_ln703_74_fu_363755_p2   |     +    |      0|  0|  23|          16|          16|
    |add_ln703_75_fu_363761_p2   |     +    |      0|  0|  16|          16|          16|
    |add_ln703_76_fu_363767_p2   |     +    |      0|  0|  16|          16|          16|
    |add_ln703_77_fu_363773_p2   |     +    |      0|  0|  16|          16|          16|
    |add_ln703_78_fu_363779_p2   |     +    |      0|  0|  16|          16|          16|
    |add_ln703_79_fu_363785_p2   |     +    |      0|  0|  23|          16|          16|
    |add_ln703_7_fu_363293_p2    |     +    |      0|  0|  23|          16|          16|
    |add_ln703_80_fu_363791_p2   |     +    |      0|  0|  16|          16|          16|
    |add_ln703_81_fu_363797_p2   |     +    |      0|  0|  16|          16|          16|
    |add_ln703_82_fu_363803_p2   |     +    |      0|  0|  23|          16|          16|
    |add_ln703_83_fu_363809_p2   |     +    |      0|  0|  23|          16|          16|
    |add_ln703_84_fu_363815_p2   |     +    |      0|  0|  16|          16|          16|
    |add_ln703_85_fu_363821_p2   |     +    |      0|  0|  16|          16|          16|
    |add_ln703_86_fu_363827_p2   |     +    |      0|  0|  23|          16|          16|
    |add_ln703_87_fu_363833_p2   |     +    |      0|  0|  22|          15|          15|
    |add_ln703_88_fu_363843_p2   |     +    |      0|  0|  16|          16|          16|
    |add_ln703_89_fu_363849_p2   |     +    |      0|  0|  20|          13|          13|
    |add_ln703_8_fu_363299_p2    |     +    |      0|  0|  16|          16|          16|
    |add_ln703_90_fu_363859_p2   |     +    |      0|  0|  17|          10|          10|
    |add_ln703_91_fu_363869_p2   |     +    |      0|  0|  18|          11|           9|
    |add_ln703_92_fu_363879_p2   |     +    |      0|  0|  21|          14|          14|
    |add_ln703_93_fu_363889_p2   |     +    |      0|  0|  16|          16|          16|
    |add_ln703_94_fu_363895_p2   |     +    |      0|  0|  16|          16|          16|
    |add_ln703_95_fu_363901_p2   |     +    |      0|  0|  16|          16|          16|
    |add_ln703_96_fu_363907_p2   |     +    |      0|  0|  23|          16|          16|
    |add_ln703_97_fu_363913_p2   |     +    |      0|  0|  16|          16|          16|
    |add_ln703_98_fu_363919_p2   |     +    |      0|  0|  16|          16|          16|
    |add_ln703_99_fu_363925_p2   |     +    |      0|  0|  23|          16|          16|
    |add_ln703_9_fu_363305_p2    |     +    |      0|  0|  16|          16|          16|
    |add_ln703_fu_363251_p2      |     +    |      0|  0|  23|          16|          16|
    |sub_ln1118_10_fu_358283_p2  |     -    |      0|  0|  32|           1|          25|
    |sub_ln1118_11_fu_358289_p2  |     -    |      0|  0|  32|          25|          25|
    |sub_ln1118_12_fu_358329_p2  |     -    |      0|  0|  32|          25|          25|
    |sub_ln1118_13_fu_358396_p2  |     -    |      0|  0|  16|           1|          22|
    |sub_ln1118_14_fu_358414_p2  |     -    |      0|  0|  16|          22|          22|
    |sub_ln1118_15_fu_358841_p2  |     -    |      0|  0|  30|          23|          23|
    |sub_ln1118_16_fu_359473_p2  |     -    |      0|  0|  16|           1|          22|
    |sub_ln1118_17_fu_359479_p2  |     -    |      0|  0|  16|          22|          22|
    |sub_ln1118_18_fu_359553_p2  |     -    |      0|  0|  30|          23|          23|
    |sub_ln1118_19_fu_359661_p2  |     -    |      0|  0|  29|          22|          22|
    |sub_ln1118_1_fu_357796_p2   |     -    |      0|  0|  16|          22|          22|
    |sub_ln1118_20_fu_359799_p2  |     -    |      0|  0|  26|          19|          19|
    |sub_ln1118_21_fu_360007_p2  |     -    |      0|  0|  25|           1|          18|
    |sub_ln1118_22_fu_360099_p2  |     -    |      0|  0|  31|          24|          24|
    |sub_ln1118_23_fu_360276_p2  |     -    |      0|  0|  32|          25|          25|
    |sub_ln1118_24_fu_360387_p2  |     -    |      0|  0|  31|          24|          24|
    |sub_ln1118_25_fu_360451_p2  |     -    |      0|  0|  16|           1|          21|
    |sub_ln1118_26_fu_360469_p2  |     -    |      0|  0|  16|          21|          21|
    |sub_ln1118_27_fu_360521_p2  |     -    |      0|  0|  30|          23|          23|
    |sub_ln1118_28_fu_360622_p2  |     -    |      0|  0|  29|           1|          22|
    |sub_ln1118_29_fu_360859_p2  |     -    |      0|  0|  32|          25|          25|
    |sub_ln1118_2_fu_357828_p2   |     -    |      0|  0|  28|           1|          21|
    |sub_ln1118_30_fu_360963_p2  |     -    |      0|  0|  29|          22|          22|
    |sub_ln1118_31_fu_361282_p2  |     -    |      0|  0|  31|          24|          24|
    |sub_ln1118_32_fu_361312_p2  |     -    |      0|  0|  16|           1|          24|
    |sub_ln1118_33_fu_361330_p2  |     -    |      0|  0|  16|          24|          24|
    |sub_ln1118_34_fu_361830_p2  |     -    |      0|  0|  29|          22|          22|
    |sub_ln1118_35_fu_362009_p2  |     -    |      0|  0|  16|           1|          26|
    |sub_ln1118_36_fu_362027_p2  |     -    |      0|  0|  16|          26|          26|
    |sub_ln1118_37_fu_362091_p2  |     -    |      0|  0|  30|          23|          23|
    |sub_ln1118_38_fu_362123_p2  |     -    |      0|  0|  16|           1|          22|
    |sub_ln1118_39_fu_362141_p2  |     -    |      0|  0|  16|          22|          22|
    |sub_ln1118_3_fu_357872_p2   |     -    |      0|  0|  30|          23|          23|
    |sub_ln1118_40_fu_362398_p2  |     -    |      0|  0|  30|          23|          23|
    |sub_ln1118_41_fu_362644_p2  |     -    |      0|  0|  29|          22|          22|
    |sub_ln1118_42_fu_362799_p2  |     -    |      0|  0|  30|          23|          23|
    |sub_ln1118_43_fu_363030_p2  |     -    |      0|  0|  16|           1|          25|
    |sub_ln1118_44_fu_363048_p2  |     -    |      0|  0|  16|          25|          25|
    |sub_ln1118_45_fu_363177_p2  |     -    |      0|  0|  16|           1|          20|
    |sub_ln1118_46_fu_363183_p2  |     -    |      0|  0|  16|          20|          20|
    |sub_ln1118_4_fu_357920_p2   |     -    |      0|  0|  16|           1|          23|
    |sub_ln1118_5_fu_357938_p2   |     -    |      0|  0|  16|          23|          23|
    |sub_ln1118_6_fu_358069_p2   |     -    |      0|  0|  32|           1|          25|
    |sub_ln1118_7_fu_358191_p2   |     -    |      0|  0|  26|          19|          19|
    |sub_ln1118_8_fu_358223_p2   |     -    |      0|  0|  16|           1|          20|
    |sub_ln1118_9_fu_358241_p2   |     -    |      0|  0|  16|          20|          20|
    |sub_ln1118_fu_357790_p2     |     -    |      0|  0|  16|           1|          22|
    +----------------------------+----------+-------+---+----+------------+------------+
    |Total                       |          |    275|  0|8584|       10263|        8684|
    +----------------------------+----------+-------+---+----+------------+------------+

    * Multiplexer: 
    N/A

    * Register: 
    N/A



================================================================
== Interface
================================================================
* Summary: 
+----------------+-----+-----+------------+----------------------------------------------------------------------------+--------------+
|    RTL Ports   | Dir | Bits|  Protocol  |                                Source Object                               |    C Type    |
+----------------+-----+-----+------------+----------------------------------------------------------------------------+--------------+
|ap_ready        | out |    1| ap_ctrl_hs | dense_wrapper<ap_fixed<16, 6, 5, 3, 0>, ap_fixed<16, 6, 5, 3, 0>, config9> | return value |
|ap_return_0     | out |   16| ap_ctrl_hs | dense_wrapper<ap_fixed<16, 6, 5, 3, 0>, ap_fixed<16, 6, 5, 3, 0>, config9> | return value |
|ap_return_1     | out |   16| ap_ctrl_hs | dense_wrapper<ap_fixed<16, 6, 5, 3, 0>, ap_fixed<16, 6, 5, 3, 0>, config9> | return value |
|ap_return_2     | out |   16| ap_ctrl_hs | dense_wrapper<ap_fixed<16, 6, 5, 3, 0>, ap_fixed<16, 6, 5, 3, 0>, config9> | return value |
|ap_return_3     | out |   16| ap_ctrl_hs | dense_wrapper<ap_fixed<16, 6, 5, 3, 0>, ap_fixed<16, 6, 5, 3, 0>, config9> | return value |
|ap_return_4     | out |   16| ap_ctrl_hs | dense_wrapper<ap_fixed<16, 6, 5, 3, 0>, ap_fixed<16, 6, 5, 3, 0>, config9> | return value |
|ap_return_5     | out |   16| ap_ctrl_hs | dense_wrapper<ap_fixed<16, 6, 5, 3, 0>, ap_fixed<16, 6, 5, 3, 0>, config9> | return value |
|ap_return_6     | out |   16| ap_ctrl_hs | dense_wrapper<ap_fixed<16, 6, 5, 3, 0>, ap_fixed<16, 6, 5, 3, 0>, config9> | return value |
|ap_return_7     | out |   16| ap_ctrl_hs | dense_wrapper<ap_fixed<16, 6, 5, 3, 0>, ap_fixed<16, 6, 5, 3, 0>, config9> | return value |
|ap_return_8     | out |   16| ap_ctrl_hs | dense_wrapper<ap_fixed<16, 6, 5, 3, 0>, ap_fixed<16, 6, 5, 3, 0>, config9> | return value |
|ap_return_9     | out |   16| ap_ctrl_hs | dense_wrapper<ap_fixed<16, 6, 5, 3, 0>, ap_fixed<16, 6, 5, 3, 0>, config9> | return value |
|data_0_V_read   |  in |   16|   ap_none  |                                data_0_V_read                               |    scalar    |
|data_1_V_read   |  in |   16|   ap_none  |                                data_1_V_read                               |    scalar    |
|data_2_V_read   |  in |   16|   ap_none  |                                data_2_V_read                               |    scalar    |
|data_3_V_read   |  in |   16|   ap_none  |                                data_3_V_read                               |    scalar    |
|data_4_V_read   |  in |   16|   ap_none  |                                data_4_V_read                               |    scalar    |
|data_5_V_read   |  in |   16|   ap_none  |                                data_5_V_read                               |    scalar    |
|data_6_V_read   |  in |   16|   ap_none  |                                data_6_V_read                               |    scalar    |
|data_7_V_read   |  in |   16|   ap_none  |                                data_7_V_read                               |    scalar    |
|data_8_V_read   |  in |   16|   ap_none  |                                data_8_V_read                               |    scalar    |
|data_9_V_read   |  in |   16|   ap_none  |                                data_9_V_read                               |    scalar    |
|data_10_V_read  |  in |   16|   ap_none  |                               data_10_V_read                               |    scalar    |
|data_11_V_read  |  in |   16|   ap_none  |                               data_11_V_read                               |    scalar    |
|data_12_V_read  |  in |   16|   ap_none  |                               data_12_V_read                               |    scalar    |
|data_13_V_read  |  in |   16|   ap_none  |                               data_13_V_read                               |    scalar    |
|data_14_V_read  |  in |   16|   ap_none  |                               data_14_V_read                               |    scalar    |
|data_15_V_read  |  in |   16|   ap_none  |                               data_15_V_read                               |    scalar    |
|data_16_V_read  |  in |   16|   ap_none  |                               data_16_V_read                               |    scalar    |
|data_17_V_read  |  in |   16|   ap_none  |                               data_17_V_read                               |    scalar    |
|data_18_V_read  |  in |   16|   ap_none  |                               data_18_V_read                               |    scalar    |
|data_19_V_read  |  in |   16|   ap_none  |                               data_19_V_read                               |    scalar    |
|data_20_V_read  |  in |   16|   ap_none  |                               data_20_V_read                               |    scalar    |
|data_21_V_read  |  in |   16|   ap_none  |                               data_21_V_read                               |    scalar    |
|data_22_V_read  |  in |   16|   ap_none  |                               data_22_V_read                               |    scalar    |
|data_23_V_read  |  in |   16|   ap_none  |                               data_23_V_read                               |    scalar    |
|data_24_V_read  |  in |   16|   ap_none  |                               data_24_V_read                               |    scalar    |
|data_25_V_read  |  in |   16|   ap_none  |                               data_25_V_read                               |    scalar    |
|data_26_V_read  |  in |   16|   ap_none  |                               data_26_V_read                               |    scalar    |
|data_27_V_read  |  in |   16|   ap_none  |                               data_27_V_read                               |    scalar    |
|data_28_V_read  |  in |   16|   ap_none  |                               data_28_V_read                               |    scalar    |
|data_29_V_read  |  in |   16|   ap_none  |                               data_29_V_read                               |    scalar    |
|data_30_V_read  |  in |   16|   ap_none  |                               data_30_V_read                               |    scalar    |
|data_31_V_read  |  in |   16|   ap_none  |                               data_31_V_read                               |    scalar    |
+----------------+-----+-----+------------+----------------------------------------------------------------------------+--------------+

